<!doctype html public "-//w3c//dtd html 4.0 transitional//en">
<html><head>
<title>Static Call Graph - [..\OBJ\\Project.axf]</title></head>
<body><HR>
<H1>Static Call Graph for image ..\OBJ\\Project.axf</H1><HR>
<BR><P>#&#060CALLGRAPH&#062# ARM Linker, 5060750: Last Updated: Wed Jul 15 15:13:08 2026
<BR><P>
<H3>Maximum Stack Usage =       1200 bytes + Unknown(Cycles, Untraceable Function Pointers)</H3><H3>
Call chain for Maximum Stack Depth:</H3>
main &rArr; App_Run &rArr; App_UI_Render &rArr; build_page_body &rArr; append_latest_logs &rArr; App_Log_Read &rArr; Adapter_Flash_Read
<P>
<H3>
Mutually Recursive functions
</H3> <LI><a href="#[1c]">ADC_IRQHandler</a>&nbsp;&nbsp;&nbsp;&rArr;&nbsp;&nbsp;&nbsp;<a href="#[1c]">ADC_IRQHandler</a><BR>
</UL>
<P>
<H3>
Function Pointers
</H3><UL>
 <LI><a href="#[1c]">ADC_IRQHandler</a> from startup_stm32f40_41xxx.o(.text) referenced from startup_stm32f40_41xxx.o(RESET)
 <LI><a href="#[4]">BusFault_Handler</a> from stm32f4xx_it.o(i.BusFault_Handler) referenced from startup_stm32f40_41xxx.o(RESET)
 <LI><a href="#[1e]">CAN1_RX0_IRQHandler</a> from stm32f4xx_it.o(i.CAN1_RX0_IRQHandler) referenced from startup_stm32f40_41xxx.o(RESET)
 <LI><a href="#[1f]">CAN1_RX1_IRQHandler</a> from startup_stm32f40_41xxx.o(.text) referenced from startup_stm32f40_41xxx.o(RESET)
 <LI><a href="#[20]">CAN1_SCE_IRQHandler</a> from startup_stm32f40_41xxx.o(.text) referenced from startup_stm32f40_41xxx.o(RESET)
 <LI><a href="#[1d]">CAN1_TX_IRQHandler</a> from startup_stm32f40_41xxx.o(.text) referenced from startup_stm32f40_41xxx.o(RESET)
 <LI><a href="#[4a]">CAN2_RX0_IRQHandler</a> from startup_stm32f40_41xxx.o(.text) referenced from startup_stm32f40_41xxx.o(RESET)
 <LI><a href="#[4b]">CAN2_RX1_IRQHandler</a> from startup_stm32f40_41xxx.o(.text) referenced from startup_stm32f40_41xxx.o(RESET)
 <LI><a href="#[4c]">CAN2_SCE_IRQHandler</a> from startup_stm32f40_41xxx.o(.text) referenced from startup_stm32f40_41xxx.o(RESET)
 <LI><a href="#[49]">CAN2_TX_IRQHandler</a> from startup_stm32f40_41xxx.o(.text) referenced from startup_stm32f40_41xxx.o(RESET)
 <LI><a href="#[59]">CRYP_IRQHandler</a> from startup_stm32f40_41xxx.o(.text) referenced from startup_stm32f40_41xxx.o(RESET)
 <LI><a href="#[58]">DCMI_IRQHandler</a> from startup_stm32f40_41xxx.o(.text) referenced from startup_stm32f40_41xxx.o(RESET)
 <LI><a href="#[15]">DMA1_Stream0_IRQHandler</a> from startup_stm32f40_41xxx.o(.text) referenced from startup_stm32f40_41xxx.o(RESET)
 <LI><a href="#[16]">DMA1_Stream1_IRQHandler</a> from startup_stm32f40_41xxx.o(.text) referenced from startup_stm32f40_41xxx.o(RESET)
 <LI><a href="#[17]">DMA1_Stream2_IRQHandler</a> from startup_stm32f40_41xxx.o(.text) referenced from startup_stm32f40_41xxx.o(RESET)
 <LI><a href="#[18]">DMA1_Stream3_IRQHandler</a> from startup_stm32f40_41xxx.o(.text) referenced from startup_stm32f40_41xxx.o(RESET)
 <LI><a href="#[19]">DMA1_Stream4_IRQHandler</a> from startup_stm32f40_41xxx.o(.text) referenced from startup_stm32f40_41xxx.o(RESET)
 <LI><a href="#[1a]">DMA1_Stream5_IRQHandler</a> from startup_stm32f40_41xxx.o(.text) referenced from startup_stm32f40_41xxx.o(RESET)
 <LI><a href="#[1b]">DMA1_Stream6_IRQHandler</a> from stm32f4xx_it.o(i.DMA1_Stream6_IRQHandler) referenced from startup_stm32f40_41xxx.o(RESET)
 <LI><a href="#[39]">DMA1_Stream7_IRQHandler</a> from startup_stm32f40_41xxx.o(.text) referenced from startup_stm32f40_41xxx.o(RESET)
 <LI><a href="#[42]">DMA2_Stream0_IRQHandler</a> from startup_stm32f40_41xxx.o(.text) referenced from startup_stm32f40_41xxx.o(RESET)
 <LI><a href="#[43]">DMA2_Stream1_IRQHandler</a> from startup_stm32f40_41xxx.o(.text) referenced from startup_stm32f40_41xxx.o(RESET)
 <LI><a href="#[44]">DMA2_Stream2_IRQHandler</a> from startup_stm32f40_41xxx.o(.text) referenced from startup_stm32f40_41xxx.o(RESET)
 <LI><a href="#[45]">DMA2_Stream3_IRQHandler</a> from startup_stm32f40_41xxx.o(.text) referenced from startup_stm32f40_41xxx.o(RESET)
 <LI><a href="#[46]">DMA2_Stream4_IRQHandler</a> from startup_stm32f40_41xxx.o(.text) referenced from startup_stm32f40_41xxx.o(RESET)
 <LI><a href="#[4e]">DMA2_Stream5_IRQHandler</a> from startup_stm32f40_41xxx.o(.text) referenced from startup_stm32f40_41xxx.o(RESET)
 <LI><a href="#[4f]">DMA2_Stream6_IRQHandler</a> from startup_stm32f40_41xxx.o(.text) referenced from startup_stm32f40_41xxx.o(RESET)
 <LI><a href="#[50]">DMA2_Stream7_IRQHandler</a> from startup_stm32f40_41xxx.o(.text) referenced from startup_stm32f40_41xxx.o(RESET)
 <LI><a href="#[7]">DebugMon_Handler</a> from stm32f4xx_it.o(i.DebugMon_Handler) referenced from startup_stm32f40_41xxx.o(RESET)
 <LI><a href="#[47]">ETH_IRQHandler</a> from startup_stm32f40_41xxx.o(.text) referenced from startup_stm32f40_41xxx.o(RESET)
 <LI><a href="#[48]">ETH_WKUP_IRQHandler</a> from startup_stm32f40_41xxx.o(.text) referenced from startup_stm32f40_41xxx.o(RESET)
 <LI><a href="#[10]">EXTI0_IRQHandler</a> from stm32f4xx_it.o(i.EXTI0_IRQHandler) referenced from startup_stm32f40_41xxx.o(RESET)
 <LI><a href="#[32]">EXTI15_10_IRQHandler</a> from startup_stm32f40_41xxx.o(.text) referenced from startup_stm32f40_41xxx.o(RESET)
 <LI><a href="#[11]">EXTI1_IRQHandler</a> from startup_stm32f40_41xxx.o(.text) referenced from startup_stm32f40_41xxx.o(RESET)
 <LI><a href="#[12]">EXTI2_IRQHandler</a> from startup_stm32f40_41xxx.o(.text) referenced from startup_stm32f40_41xxx.o(RESET)
 <LI><a href="#[13]">EXTI3_IRQHandler</a> from startup_stm32f40_41xxx.o(.text) referenced from startup_stm32f40_41xxx.o(RESET)
 <LI><a href="#[14]">EXTI4_IRQHandler</a> from startup_stm32f40_41xxx.o(.text) referenced from startup_stm32f40_41xxx.o(RESET)
 <LI><a href="#[21]">EXTI9_5_IRQHandler</a> from startup_stm32f40_41xxx.o(.text) referenced from startup_stm32f40_41xxx.o(RESET)
 <LI><a href="#[e]">FLASH_IRQHandler</a> from startup_stm32f40_41xxx.o(.text) referenced from startup_stm32f40_41xxx.o(RESET)
 <LI><a href="#[5b]">FPU_IRQHandler</a> from startup_stm32f40_41xxx.o(.text) referenced from startup_stm32f40_41xxx.o(RESET)
 <LI><a href="#[3a]">FSMC_IRQHandler</a> from startup_stm32f40_41xxx.o(.text) referenced from startup_stm32f40_41xxx.o(RESET)
 <LI><a href="#[5a]">HASH_RNG_IRQHandler</a> from startup_stm32f40_41xxx.o(.text) referenced from startup_stm32f40_41xxx.o(RESET)
 <LI><a href="#[2]">HardFault_Handler</a> from stm32f4xx_it.o(i.HardFault_Handler) referenced from startup_stm32f40_41xxx.o(RESET)
 <LI><a href="#[2a]">I2C1_ER_IRQHandler</a> from startup_stm32f40_41xxx.o(.text) referenced from startup_stm32f40_41xxx.o(RESET)
 <LI><a href="#[29]">I2C1_EV_IRQHandler</a> from startup_stm32f40_41xxx.o(.text) referenced from startup_stm32f40_41xxx.o(RESET)
 <LI><a href="#[2c]">I2C2_ER_IRQHandler</a> from startup_stm32f40_41xxx.o(.text) referenced from startup_stm32f40_41xxx.o(RESET)
 <LI><a href="#[2b]">I2C2_EV_IRQHandler</a> from startup_stm32f40_41xxx.o(.text) referenced from startup_stm32f40_41xxx.o(RESET)
 <LI><a href="#[53]">I2C3_ER_IRQHandler</a> from startup_stm32f40_41xxx.o(.text) referenced from startup_stm32f40_41xxx.o(RESET)
 <LI><a href="#[52]">I2C3_EV_IRQHandler</a> from startup_stm32f40_41xxx.o(.text) referenced from startup_stm32f40_41xxx.o(RESET)
 <LI><a href="#[3]">MemManage_Handler</a> from stm32f4xx_it.o(i.MemManage_Handler) referenced from startup_stm32f40_41xxx.o(RESET)
 <LI><a href="#[1]">NMI_Handler</a> from stm32f4xx_it.o(i.NMI_Handler) referenced from startup_stm32f40_41xxx.o(RESET)
 <LI><a href="#[4d]">OTG_FS_IRQHandler</a> from startup_stm32f40_41xxx.o(.text) referenced from startup_stm32f40_41xxx.o(RESET)
 <LI><a href="#[34]">OTG_FS_WKUP_IRQHandler</a> from startup_stm32f40_41xxx.o(.text) referenced from startup_stm32f40_41xxx.o(RESET)
 <LI><a href="#[55]">OTG_HS_EP1_IN_IRQHandler</a> from startup_stm32f40_41xxx.o(.text) referenced from startup_stm32f40_41xxx.o(RESET)
 <LI><a href="#[54]">OTG_HS_EP1_OUT_IRQHandler</a> from startup_stm32f40_41xxx.o(.text) referenced from startup_stm32f40_41xxx.o(RESET)
 <LI><a href="#[57]">OTG_HS_IRQHandler</a> from startup_stm32f40_41xxx.o(.text) referenced from startup_stm32f40_41xxx.o(RESET)
 <LI><a href="#[56]">OTG_HS_WKUP_IRQHandler</a> from startup_stm32f40_41xxx.o(.text) referenced from startup_stm32f40_41xxx.o(RESET)
 <LI><a href="#[b]">PVD_IRQHandler</a> from startup_stm32f40_41xxx.o(.text) referenced from startup_stm32f40_41xxx.o(RESET)
 <LI><a href="#[8]">PendSV_Handler</a> from stm32f4xx_it.o(i.PendSV_Handler) referenced from startup_stm32f40_41xxx.o(RESET)
 <LI><a href="#[f]">RCC_IRQHandler</a> from startup_stm32f40_41xxx.o(.text) referenced from startup_stm32f40_41xxx.o(RESET)
 <LI><a href="#[33]">RTC_Alarm_IRQHandler</a> from startup_stm32f40_41xxx.o(.text) referenced from startup_stm32f40_41xxx.o(RESET)
 <LI><a href="#[d]">RTC_WKUP_IRQHandler</a> from startup_stm32f40_41xxx.o(.text) referenced from startup_stm32f40_41xxx.o(RESET)
 <LI><a href="#[0]">Reset_Handler</a> from startup_stm32f40_41xxx.o(.text) referenced from startup_stm32f40_41xxx.o(RESET)
 <LI><a href="#[3b]">SDIO_IRQHandler</a> from startup_stm32f40_41xxx.o(.text) referenced from startup_stm32f40_41xxx.o(RESET)
 <LI><a href="#[2d]">SPI1_IRQHandler</a> from startup_stm32f40_41xxx.o(.text) referenced from startup_stm32f40_41xxx.o(RESET)
 <LI><a href="#[2e]">SPI2_IRQHandler</a> from startup_stm32f40_41xxx.o(.text) referenced from startup_stm32f40_41xxx.o(RESET)
 <LI><a href="#[3d]">SPI3_IRQHandler</a> from startup_stm32f40_41xxx.o(.text) referenced from startup_stm32f40_41xxx.o(RESET)
 <LI><a href="#[6]">SVC_Handler</a> from stm32f4xx_it.o(i.SVC_Handler) referenced from startup_stm32f40_41xxx.o(RESET)
 <LI><a href="#[9]">SysTick_Handler</a> from stm32f4xx_it.o(i.SysTick_Handler) referenced from startup_stm32f40_41xxx.o(RESET)
 <LI><a href="#[5d]">SystemInit</a> from system_stm32f4xx.o(i.SystemInit) referenced from startup_stm32f40_41xxx.o(.text)
 <LI><a href="#[c]">TAMP_STAMP_IRQHandler</a> from startup_stm32f40_41xxx.o(.text) referenced from startup_stm32f40_41xxx.o(RESET)
 <LI><a href="#[22]">TIM1_BRK_TIM9_IRQHandler</a> from startup_stm32f40_41xxx.o(.text) referenced from startup_stm32f40_41xxx.o(RESET)
 <LI><a href="#[25]">TIM1_CC_IRQHandler</a> from startup_stm32f40_41xxx.o(.text) referenced from startup_stm32f40_41xxx.o(RESET)
 <LI><a href="#[24]">TIM1_TRG_COM_TIM11_IRQHandler</a> from startup_stm32f40_41xxx.o(.text) referenced from startup_stm32f40_41xxx.o(RESET)
 <LI><a href="#[23]">TIM1_UP_TIM10_IRQHandler</a> from startup_stm32f40_41xxx.o(.text) referenced from startup_stm32f40_41xxx.o(RESET)
 <LI><a href="#[26]">TIM2_IRQHandler</a> from startup_stm32f40_41xxx.o(.text) referenced from startup_stm32f40_41xxx.o(RESET)
 <LI><a href="#[27]">TIM3_IRQHandler</a> from startup_stm32f40_41xxx.o(.text) referenced from startup_stm32f40_41xxx.o(RESET)
 <LI><a href="#[28]">TIM4_IRQHandler</a> from startup_stm32f40_41xxx.o(.text) referenced from startup_stm32f40_41xxx.o(RESET)
 <LI><a href="#[3c]">TIM5_IRQHandler</a> from startup_stm32f40_41xxx.o(.text) referenced from startup_stm32f40_41xxx.o(RESET)
 <LI><a href="#[40]">TIM6_DAC_IRQHandler</a> from startup_stm32f40_41xxx.o(.text) referenced from startup_stm32f40_41xxx.o(RESET)
 <LI><a href="#[41]">TIM7_IRQHandler</a> from startup_stm32f40_41xxx.o(.text) referenced from startup_stm32f40_41xxx.o(RESET)
 <LI><a href="#[35]">TIM8_BRK_TIM12_IRQHandler</a> from startup_stm32f40_41xxx.o(.text) referenced from startup_stm32f40_41xxx.o(RESET)
 <LI><a href="#[38]">TIM8_CC_IRQHandler</a> from startup_stm32f40_41xxx.o(.text) referenced from startup_stm32f40_41xxx.o(RESET)
 <LI><a href="#[37]">TIM8_TRG_COM_TIM14_IRQHandler</a> from startup_stm32f40_41xxx.o(.text) referenced from startup_stm32f40_41xxx.o(RESET)
 <LI><a href="#[36]">TIM8_UP_TIM13_IRQHandler</a> from startup_stm32f40_41xxx.o(.text) referenced from startup_stm32f40_41xxx.o(RESET)
 <LI><a href="#[3e]">UART4_IRQHandler</a> from startup_stm32f40_41xxx.o(.text) referenced from startup_stm32f40_41xxx.o(RESET)
 <LI><a href="#[3f]">UART5_IRQHandler</a> from startup_stm32f40_41xxx.o(.text) referenced from startup_stm32f40_41xxx.o(RESET)
 <LI><a href="#[2f]">USART1_IRQHandler</a> from stm32f4xx_it.o(i.USART1_IRQHandler) referenced from startup_stm32f40_41xxx.o(RESET)
 <LI><a href="#[30]">USART2_IRQHandler</a> from usart_debug.o(i.USART2_IRQHandler) referenced from startup_stm32f40_41xxx.o(RESET)
 <LI><a href="#[31]">USART3_IRQHandler</a> from startup_stm32f40_41xxx.o(.text) referenced from startup_stm32f40_41xxx.o(RESET)
 <LI><a href="#[51]">USART6_IRQHandler</a> from startup_stm32f40_41xxx.o(.text) referenced from startup_stm32f40_41xxx.o(RESET)
 <LI><a href="#[5]">UsageFault_Handler</a> from stm32f4xx_it.o(i.UsageFault_Handler) referenced from startup_stm32f40_41xxx.o(RESET)
 <LI><a href="#[a]">WWDG_IRQHandler</a> from startup_stm32f40_41xxx.o(.text) referenced from startup_stm32f40_41xxx.o(RESET)
 <LI><a href="#[5e]">__main</a> from entry.o(.ARM.Collect$$$$00000000) referenced from startup_stm32f40_41xxx.o(.text)
 <LI><a href="#[60]">_sbackspace</a> from _sgetc.o(.text) referenced 2 times from __0sscanf.o(.text)
 <LI><a href="#[61]">_scanf_char_input</a> from scanf_char.o(.text) referenced from scanf_char.o(.text)
 <LI><a href="#[5f]">_sgetc</a> from _sgetc.o(.text) referenced 2 times from __0sscanf.o(.text)
 <LI><a href="#[63]">_snputc</a> from printf8.o(i._snputc) referenced from printf8.o(i.__0snprintf$8)
 <LI><a href="#[62]">isspace</a> from isspace_c.o(.text) referenced 2 times from scanf_char.o(.text)
 <LI><a href="#[5c]">main</a> from main.o(i.main) referenced from entry9a.o(.ARM.Collect$$$$0000000B)
</UL>
<P>
<H3>
Global Symbols
</H3>
<P><STRONG><a name="[5e]"></a>__main</STRONG> (Thumb, 0 bytes, Stack size unknown bytes, entry.o(.ARM.Collect$$$$00000000))
<BR>[Address Reference Count : 1]<UL><LI> startup_stm32f40_41xxx.o(.text)
</UL>
<P><STRONG><a name="[1e5]"></a>_main_stk</STRONG> (Thumb, 0 bytes, Stack size unknown bytes, entry2.o(.ARM.Collect$$$$00000001))

<P><STRONG><a name="[64]"></a>_main_scatterload</STRONG> (Thumb, 0 bytes, Stack size unknown bytes, entry5.o(.ARM.Collect$$$$00000004))
<BR><BR>[Calls]<UL><LI><a href="#[65]">&gt;&gt;</a>&nbsp;&nbsp;&nbsp;__scatterload
</UL>

<P><STRONG><a name="[7e]"></a>__main_after_scatterload</STRONG> (Thumb, 0 bytes, Stack size unknown bytes, entry5.o(.ARM.Collect$$$$00000004))
<BR><BR>[Called By]<UL><LI><a href="#[65]">&gt;&gt;</a>&nbsp;&nbsp;&nbsp;__scatterload
</UL>

<P><STRONG><a name="[1e6]"></a>_main_clock</STRONG> (Thumb, 0 bytes, Stack size unknown bytes, entry7b.o(.ARM.Collect$$$$00000008))

<P><STRONG><a name="[1e7]"></a>_main_cpp_init</STRONG> (Thumb, 0 bytes, Stack size unknown bytes, entry8b.o(.ARM.Collect$$$$0000000A))

<P><STRONG><a name="[1e8]"></a>_main_init</STRONG> (Thumb, 0 bytes, Stack size unknown bytes, entry9a.o(.ARM.Collect$$$$0000000B))

<P><STRONG><a name="[1e9]"></a>__rt_final_cpp</STRONG> (Thumb, 0 bytes, Stack size unknown bytes, entry10a.o(.ARM.Collect$$$$0000000D))

<P><STRONG><a name="[1ea]"></a>__rt_final_exit</STRONG> (Thumb, 0 bytes, Stack size unknown bytes, entry11a.o(.ARM.Collect$$$$0000000F))

<P><STRONG><a name="[0]"></a>Reset_Handler</STRONG> (Thumb, 8 bytes, Stack size 0 bytes, startup_stm32f40_41xxx.o(.text))
<BR>[Address Reference Count : 1]<UL><LI> startup_stm32f40_41xxx.o(RESET)
</UL>
<P><STRONG><a name="[1c]"></a>ADC_IRQHandler</STRONG> (Thumb, 0 bytes, Stack size 0 bytes, startup_stm32f40_41xxx.o(.text))
<BR><BR>[Calls]<UL><LI><a href="#[1c]">&gt;&gt;</a>&nbsp;&nbsp;&nbsp;ADC_IRQHandler
</UL>
<BR>[Called By]<UL><LI><a href="#[1c]">&gt;&gt;</a>&nbsp;&nbsp;&nbsp;ADC_IRQHandler
</UL>
<BR>[Address Reference Count : 1]<UL><LI> startup_stm32f40_41xxx.o(RESET)
</UL>
<P><STRONG><a name="[1f]"></a>CAN1_RX1_IRQHandler</STRONG> (Thumb, 0 bytes, Stack size 0 bytes, startup_stm32f40_41xxx.o(.text))
<BR>[Address Reference Count : 1]<UL><LI> startup_stm32f40_41xxx.o(RESET)
</UL>
<P><STRONG><a name="[20]"></a>CAN1_SCE_IRQHandler</STRONG> (Thumb, 0 bytes, Stack size 0 bytes, startup_stm32f40_41xxx.o(.text))
<BR>[Address Reference Count : 1]<UL><LI> startup_stm32f40_41xxx.o(RESET)
</UL>
<P><STRONG><a name="[1d]"></a>CAN1_TX_IRQHandler</STRONG> (Thumb, 0 bytes, Stack size 0 bytes, startup_stm32f40_41xxx.o(.text))
<BR>[Address Reference Count : 1]<UL><LI> startup_stm32f40_41xxx.o(RESET)
</UL>
<P><STRONG><a name="[4a]"></a>CAN2_RX0_IRQHandler</STRONG> (Thumb, 0 bytes, Stack size 0 bytes, startup_stm32f40_41xxx.o(.text))
<BR>[Address Reference Count : 1]<UL><LI> startup_stm32f40_41xxx.o(RESET)
</UL>
<P><STRONG><a name="[4b]"></a>CAN2_RX1_IRQHandler</STRONG> (Thumb, 0 bytes, Stack size 0 bytes, startup_stm32f40_41xxx.o(.text))
<BR>[Address Reference Count : 1]<UL><LI> startup_stm32f40_41xxx.o(RESET)
</UL>
<P><STRONG><a name="[4c]"></a>CAN2_SCE_IRQHandler</STRONG> (Thumb, 0 bytes, Stack size 0 bytes, startup_stm32f40_41xxx.o(.text))
<BR>[Address Reference Count : 1]<UL><LI> startup_stm32f40_41xxx.o(RESET)
</UL>
<P><STRONG><a name="[49]"></a>CAN2_TX_IRQHandler</STRONG> (Thumb, 0 bytes, Stack size 0 bytes, startup_stm32f40_41xxx.o(.text))
<BR>[Address Reference Count : 1]<UL><LI> startup_stm32f40_41xxx.o(RESET)
</UL>
<P><STRONG><a name="[59]"></a>CRYP_IRQHandler</STRONG> (Thumb, 0 bytes, Stack size 0 bytes, startup_stm32f40_41xxx.o(.text))
<BR>[Address Reference Count : 1]<UL><LI> startup_stm32f40_41xxx.o(RESET)
</UL>
<P><STRONG><a name="[58]"></a>DCMI_IRQHandler</STRONG> (Thumb, 0 bytes, Stack size 0 bytes, startup_stm32f40_41xxx.o(.text))
<BR>[Address Reference Count : 1]<UL><LI> startup_stm32f40_41xxx.o(RESET)
</UL>
<P><STRONG><a name="[15]"></a>DMA1_Stream0_IRQHandler</STRONG> (Thumb, 0 bytes, Stack size 0 bytes, startup_stm32f40_41xxx.o(.text))
<BR>[Address Reference Count : 1]<UL><LI> startup_stm32f40_41xxx.o(RESET)
</UL>
<P><STRONG><a name="[16]"></a>DMA1_Stream1_IRQHandler</STRONG> (Thumb, 0 bytes, Stack size 0 bytes, startup_stm32f40_41xxx.o(.text))
<BR>[Address Reference Count : 1]<UL><LI> startup_stm32f40_41xxx.o(RESET)
</UL>
<P><STRONG><a name="[17]"></a>DMA1_Stream2_IRQHandler</STRONG> (Thumb, 0 bytes, Stack size 0 bytes, startup_stm32f40_41xxx.o(.text))
<BR>[Address Reference Count : 1]<UL><LI> startup_stm32f40_41xxx.o(RESET)
</UL>
<P><STRONG><a name="[18]"></a>DMA1_Stream3_IRQHandler</STRONG> (Thumb, 0 bytes, Stack size 0 bytes, startup_stm32f40_41xxx.o(.text))
<BR>[Address Reference Count : 1]<UL><LI> startup_stm32f40_41xxx.o(RESET)
</UL>
<P><STRONG><a name="[19]"></a>DMA1_Stream4_IRQHandler</STRONG> (Thumb, 0 bytes, Stack size 0 bytes, startup_stm32f40_41xxx.o(.text))
<BR>[Address Reference Count : 1]<UL><LI> startup_stm32f40_41xxx.o(RESET)
</UL>
<P><STRONG><a name="[1a]"></a>DMA1_Stream5_IRQHandler</STRONG> (Thumb, 0 bytes, Stack size 0 bytes, startup_stm32f40_41xxx.o(.text))
<BR>[Address Reference Count : 1]<UL><LI> startup_stm32f40_41xxx.o(RESET)
</UL>
<P><STRONG><a name="[39]"></a>DMA1_Stream7_IRQHandler</STRONG> (Thumb, 0 bytes, Stack size 0 bytes, startup_stm32f40_41xxx.o(.text))
<BR>[Address Reference Count : 1]<UL><LI> startup_stm32f40_41xxx.o(RESET)
</UL>
<P><STRONG><a name="[42]"></a>DMA2_Stream0_IRQHandler</STRONG> (Thumb, 0 bytes, Stack size 0 bytes, startup_stm32f40_41xxx.o(.text))
<BR>[Address Reference Count : 1]<UL><LI> startup_stm32f40_41xxx.o(RESET)
</UL>
<P><STRONG><a name="[43]"></a>DMA2_Stream1_IRQHandler</STRONG> (Thumb, 0 bytes, Stack size 0 bytes, startup_stm32f40_41xxx.o(.text))
<BR>[Address Reference Count : 1]<UL><LI> startup_stm32f40_41xxx.o(RESET)
</UL>
<P><STRONG><a name="[44]"></a>DMA2_Stream2_IRQHandler</STRONG> (Thumb, 0 bytes, Stack size 0 bytes, startup_stm32f40_41xxx.o(.text))
<BR>[Address Reference Count : 1]<UL><LI> startup_stm32f40_41xxx.o(RESET)
</UL>
<P><STRONG><a name="[45]"></a>DMA2_Stream3_IRQHandler</STRONG> (Thumb, 0 bytes, Stack size 0 bytes, startup_stm32f40_41xxx.o(.text))
<BR>[Address Reference Count : 1]<UL><LI> startup_stm32f40_41xxx.o(RESET)
</UL>
<P><STRONG><a name="[46]"></a>DMA2_Stream4_IRQHandler</STRONG> (Thumb, 0 bytes, Stack size 0 bytes, startup_stm32f40_41xxx.o(.text))
<BR>[Address Reference Count : 1]<UL><LI> startup_stm32f40_41xxx.o(RESET)
</UL>
<P><STRONG><a name="[4e]"></a>DMA2_Stream5_IRQHandler</STRONG> (Thumb, 0 bytes, Stack size 0 bytes, startup_stm32f40_41xxx.o(.text))
<BR>[Address Reference Count : 1]<UL><LI> startup_stm32f40_41xxx.o(RESET)
</UL>
<P><STRONG><a name="[4f]"></a>DMA2_Stream6_IRQHandler</STRONG> (Thumb, 0 bytes, Stack size 0 bytes, startup_stm32f40_41xxx.o(.text))
<BR>[Address Reference Count : 1]<UL><LI> startup_stm32f40_41xxx.o(RESET)
</UL>
<P><STRONG><a name="[50]"></a>DMA2_Stream7_IRQHandler</STRONG> (Thumb, 0 bytes, Stack size 0 bytes, startup_stm32f40_41xxx.o(.text))
<BR>[Address Reference Count : 1]<UL><LI> startup_stm32f40_41xxx.o(RESET)
</UL>
<P><STRONG><a name="[47]"></a>ETH_IRQHandler</STRONG> (Thumb, 0 bytes, Stack size 0 bytes, startup_stm32f40_41xxx.o(.text))
<BR>[Address Reference Count : 1]<UL><LI> startup_stm32f40_41xxx.o(RESET)
</UL>
<P><STRONG><a name="[48]"></a>ETH_WKUP_IRQHandler</STRONG> (Thumb, 0 bytes, Stack size 0 bytes, startup_stm32f40_41xxx.o(.text))
<BR>[Address Reference Count : 1]<UL><LI> startup_stm32f40_41xxx.o(RESET)
</UL>
<P><STRONG><a name="[32]"></a>EXTI15_10_IRQHandler</STRONG> (Thumb, 0 bytes, Stack size 0 bytes, startup_stm32f40_41xxx.o(.text))
<BR>[Address Reference Count : 1]<UL><LI> startup_stm32f40_41xxx.o(RESET)
</UL>
<P><STRONG><a name="[11]"></a>EXTI1_IRQHandler</STRONG> (Thumb, 0 bytes, Stack size 0 bytes, startup_stm32f40_41xxx.o(.text))
<BR>[Address Reference Count : 1]<UL><LI> startup_stm32f40_41xxx.o(RESET)
</UL>
<P><STRONG><a name="[12]"></a>EXTI2_IRQHandler</STRONG> (Thumb, 0 bytes, Stack size 0 bytes, startup_stm32f40_41xxx.o(.text))
<BR>[Address Reference Count : 1]<UL><LI> startup_stm32f40_41xxx.o(RESET)
</UL>
<P><STRONG><a name="[13]"></a>EXTI3_IRQHandler</STRONG> (Thumb, 0 bytes, Stack size 0 bytes, startup_stm32f40_41xxx.o(.text))
<BR>[Address Reference Count : 1]<UL><LI> startup_stm32f40_41xxx.o(RESET)
</UL>
<P><STRONG><a name="[14]"></a>EXTI4_IRQHandler</STRONG> (Thumb, 0 bytes, Stack size 0 bytes, startup_stm32f40_41xxx.o(.text))
<BR>[Address Reference Count : 1]<UL><LI> startup_stm32f40_41xxx.o(RESET)
</UL>
<P><STRONG><a name="[21]"></a>EXTI9_5_IRQHandler</STRONG> (Thumb, 0 bytes, Stack size 0 bytes, startup_stm32f40_41xxx.o(.text))
<BR>[Address Reference Count : 1]<UL><LI> startup_stm32f40_41xxx.o(RESET)
</UL>
<P><STRONG><a name="[e]"></a>FLASH_IRQHandler</STRONG> (Thumb, 0 bytes, Stack size 0 bytes, startup_stm32f40_41xxx.o(.text))
<BR>[Address Reference Count : 1]<UL><LI> startup_stm32f40_41xxx.o(RESET)
</UL>
<P><STRONG><a name="[5b]"></a>FPU_IRQHandler</STRONG> (Thumb, 0 bytes, Stack size 0 bytes, startup_stm32f40_41xxx.o(.text))
<BR>[Address Reference Count : 1]<UL><LI> startup_stm32f40_41xxx.o(RESET)
</UL>
<P><STRONG><a name="[3a]"></a>FSMC_IRQHandler</STRONG> (Thumb, 0 bytes, Stack size 0 bytes, startup_stm32f40_41xxx.o(.text))
<BR>[Address Reference Count : 1]<UL><LI> startup_stm32f40_41xxx.o(RESET)
</UL>
<P><STRONG><a name="[5a]"></a>HASH_RNG_IRQHandler</STRONG> (Thumb, 0 bytes, Stack size 0 bytes, startup_stm32f40_41xxx.o(.text))
<BR>[Address Reference Count : 1]<UL><LI> startup_stm32f40_41xxx.o(RESET)
</UL>
<P><STRONG><a name="[2a]"></a>I2C1_ER_IRQHandler</STRONG> (Thumb, 0 bytes, Stack size 0 bytes, startup_stm32f40_41xxx.o(.text))
<BR>[Address Reference Count : 1]<UL><LI> startup_stm32f40_41xxx.o(RESET)
</UL>
<P><STRONG><a name="[29]"></a>I2C1_EV_IRQHandler</STRONG> (Thumb, 0 bytes, Stack size 0 bytes, startup_stm32f40_41xxx.o(.text))
<BR>[Address Reference Count : 1]<UL><LI> startup_stm32f40_41xxx.o(RESET)
</UL>
<P><STRONG><a name="[2c]"></a>I2C2_ER_IRQHandler</STRONG> (Thumb, 0 bytes, Stack size 0 bytes, startup_stm32f40_41xxx.o(.text))
<BR>[Address Reference Count : 1]<UL><LI> startup_stm32f40_41xxx.o(RESET)
</UL>
<P><STRONG><a name="[2b]"></a>I2C2_EV_IRQHandler</STRONG> (Thumb, 0 bytes, Stack size 0 bytes, startup_stm32f40_41xxx.o(.text))
<BR>[Address Reference Count : 1]<UL><LI> startup_stm32f40_41xxx.o(RESET)
</UL>
<P><STRONG><a name="[53]"></a>I2C3_ER_IRQHandler</STRONG> (Thumb, 0 bytes, Stack size 0 bytes, startup_stm32f40_41xxx.o(.text))
<BR>[Address Reference Count : 1]<UL><LI> startup_stm32f40_41xxx.o(RESET)
</UL>
<P><STRONG><a name="[52]"></a>I2C3_EV_IRQHandler</STRONG> (Thumb, 0 bytes, Stack size 0 bytes, startup_stm32f40_41xxx.o(.text))
<BR>[Address Reference Count : 1]<UL><LI> startup_stm32f40_41xxx.o(RESET)
</UL>
<P><STRONG><a name="[4d]"></a>OTG_FS_IRQHandler</STRONG> (Thumb, 0 bytes, Stack size 0 bytes, startup_stm32f40_41xxx.o(.text))
<BR>[Address Reference Count : 1]<UL><LI> startup_stm32f40_41xxx.o(RESET)
</UL>
<P><STRONG><a name="[34]"></a>OTG_FS_WKUP_IRQHandler</STRONG> (Thumb, 0 bytes, Stack size 0 bytes, startup_stm32f40_41xxx.o(.text))
<BR>[Address Reference Count : 1]<UL><LI> startup_stm32f40_41xxx.o(RESET)
</UL>
<P><STRONG><a name="[55]"></a>OTG_HS_EP1_IN_IRQHandler</STRONG> (Thumb, 0 bytes, Stack size 0 bytes, startup_stm32f40_41xxx.o(.text))
<BR>[Address Reference Count : 1]<UL><LI> startup_stm32f40_41xxx.o(RESET)
</UL>
<P><STRONG><a name="[54]"></a>OTG_HS_EP1_OUT_IRQHandler</STRONG> (Thumb, 0 bytes, Stack size 0 bytes, startup_stm32f40_41xxx.o(.text))
<BR>[Address Reference Count : 1]<UL><LI> startup_stm32f40_41xxx.o(RESET)
</UL>
<P><STRONG><a name="[57]"></a>OTG_HS_IRQHandler</STRONG> (Thumb, 0 bytes, Stack size 0 bytes, startup_stm32f40_41xxx.o(.text))
<BR>[Address Reference Count : 1]<UL><LI> startup_stm32f40_41xxx.o(RESET)
</UL>
<P><STRONG><a name="[56]"></a>OTG_HS_WKUP_IRQHandler</STRONG> (Thumb, 0 bytes, Stack size 0 bytes, startup_stm32f40_41xxx.o(.text))
<BR>[Address Reference Count : 1]<UL><LI> startup_stm32f40_41xxx.o(RESET)
</UL>
<P><STRONG><a name="[b]"></a>PVD_IRQHandler</STRONG> (Thumb, 0 bytes, Stack size 0 bytes, startup_stm32f40_41xxx.o(.text))
<BR>[Address Reference Count : 1]<UL><LI> startup_stm32f40_41xxx.o(RESET)
</UL>
<P><STRONG><a name="[f]"></a>RCC_IRQHandler</STRONG> (Thumb, 0 bytes, Stack size 0 bytes, startup_stm32f40_41xxx.o(.text))
<BR>[Address Reference Count : 1]<UL><LI> startup_stm32f40_41xxx.o(RESET)
</UL>
<P><STRONG><a name="[33]"></a>RTC_Alarm_IRQHandler</STRONG> (Thumb, 0 bytes, Stack size 0 bytes, startup_stm32f40_41xxx.o(.text))
<BR>[Address Reference Count : 1]<UL><LI> startup_stm32f40_41xxx.o(RESET)
</UL>
<P><STRONG><a name="[d]"></a>RTC_WKUP_IRQHandler</STRONG> (Thumb, 0 bytes, Stack size 0 bytes, startup_stm32f40_41xxx.o(.text))
<BR>[Address Reference Count : 1]<UL><LI> startup_stm32f40_41xxx.o(RESET)
</UL>
<P><STRONG><a name="[3b]"></a>SDIO_IRQHandler</STRONG> (Thumb, 0 bytes, Stack size 0 bytes, startup_stm32f40_41xxx.o(.text))
<BR>[Address Reference Count : 1]<UL><LI> startup_stm32f40_41xxx.o(RESET)
</UL>
<P><STRONG><a name="[2d]"></a>SPI1_IRQHandler</STRONG> (Thumb, 0 bytes, Stack size 0 bytes, startup_stm32f40_41xxx.o(.text))
<BR>[Address Reference Count : 1]<UL><LI> startup_stm32f40_41xxx.o(RESET)
</UL>
<P><STRONG><a name="[2e]"></a>SPI2_IRQHandler</STRONG> (Thumb, 0 bytes, Stack size 0 bytes, startup_stm32f40_41xxx.o(.text))
<BR>[Address Reference Count : 1]<UL><LI> startup_stm32f40_41xxx.o(RESET)
</UL>
<P><STRONG><a name="[3d]"></a>SPI3_IRQHandler</STRONG> (Thumb, 0 bytes, Stack size 0 bytes, startup_stm32f40_41xxx.o(.text))
<BR>[Address Reference Count : 1]<UL><LI> startup_stm32f40_41xxx.o(RESET)
</UL>
<P><STRONG><a name="[c]"></a>TAMP_STAMP_IRQHandler</STRONG> (Thumb, 0 bytes, Stack size 0 bytes, startup_stm32f40_41xxx.o(.text))
<BR>[Address Reference Count : 1]<UL><LI> startup_stm32f40_41xxx.o(RESET)
</UL>
<P><STRONG><a name="[22]"></a>TIM1_BRK_TIM9_IRQHandler</STRONG> (Thumb, 0 bytes, Stack size 0 bytes, startup_stm32f40_41xxx.o(.text))
<BR>[Address Reference Count : 1]<UL><LI> startup_stm32f40_41xxx.o(RESET)
</UL>
<P><STRONG><a name="[25]"></a>TIM1_CC_IRQHandler</STRONG> (Thumb, 0 bytes, Stack size 0 bytes, startup_stm32f40_41xxx.o(.text))
<BR>[Address Reference Count : 1]<UL><LI> startup_stm32f40_41xxx.o(RESET)
</UL>
<P><STRONG><a name="[24]"></a>TIM1_TRG_COM_TIM11_IRQHandler</STRONG> (Thumb, 0 bytes, Stack size 0 bytes, startup_stm32f40_41xxx.o(.text))
<BR>[Address Reference Count : 1]<UL><LI> startup_stm32f40_41xxx.o(RESET)
</UL>
<P><STRONG><a name="[23]"></a>TIM1_UP_TIM10_IRQHandler</STRONG> (Thumb, 0 bytes, Stack size 0 bytes, startup_stm32f40_41xxx.o(.text))
<BR>[Address Reference Count : 1]<UL><LI> startup_stm32f40_41xxx.o(RESET)
</UL>
<P><STRONG><a name="[26]"></a>TIM2_IRQHandler</STRONG> (Thumb, 0 bytes, Stack size 0 bytes, startup_stm32f40_41xxx.o(.text))
<BR>[Address Reference Count : 1]<UL><LI> startup_stm32f40_41xxx.o(RESET)
</UL>
<P><STRONG><a name="[27]"></a>TIM3_IRQHandler</STRONG> (Thumb, 0 bytes, Stack size 0 bytes, startup_stm32f40_41xxx.o(.text))
<BR>[Address Reference Count : 1]<UL><LI> startup_stm32f40_41xxx.o(RESET)
</UL>
<P><STRONG><a name="[28]"></a>TIM4_IRQHandler</STRONG> (Thumb, 0 bytes, Stack size 0 bytes, startup_stm32f40_41xxx.o(.text))
<BR>[Address Reference Count : 1]<UL><LI> startup_stm32f40_41xxx.o(RESET)
</UL>
<P><STRONG><a name="[3c]"></a>TIM5_IRQHandler</STRONG> (Thumb, 0 bytes, Stack size 0 bytes, startup_stm32f40_41xxx.o(.text))
<BR>[Address Reference Count : 1]<UL><LI> startup_stm32f40_41xxx.o(RESET)
</UL>
<P><STRONG><a name="[40]"></a>TIM6_DAC_IRQHandler</STRONG> (Thumb, 0 bytes, Stack size 0 bytes, startup_stm32f40_41xxx.o(.text))
<BR>[Address Reference Count : 1]<UL><LI> startup_stm32f40_41xxx.o(RESET)
</UL>
<P><STRONG><a name="[41]"></a>TIM7_IRQHandler</STRONG> (Thumb, 0 bytes, Stack size 0 bytes, startup_stm32f40_41xxx.o(.text))
<BR>[Address Reference Count : 1]<UL><LI> startup_stm32f40_41xxx.o(RESET)
</UL>
<P><STRONG><a name="[35]"></a>TIM8_BRK_TIM12_IRQHandler</STRONG> (Thumb, 0 bytes, Stack size 0 bytes, startup_stm32f40_41xxx.o(.text))
<BR>[Address Reference Count : 1]<UL><LI> startup_stm32f40_41xxx.o(RESET)
</UL>
<P><STRONG><a name="[38]"></a>TIM8_CC_IRQHandler</STRONG> (Thumb, 0 bytes, Stack size 0 bytes, startup_stm32f40_41xxx.o(.text))
<BR>[Address Reference Count : 1]<UL><LI> startup_stm32f40_41xxx.o(RESET)
</UL>
<P><STRONG><a name="[37]"></a>TIM8_TRG_COM_TIM14_IRQHandler</STRONG> (Thumb, 0 bytes, Stack size 0 bytes, startup_stm32f40_41xxx.o(.text))
<BR>[Address Reference Count : 1]<UL><LI> startup_stm32f40_41xxx.o(RESET)
</UL>
<P><STRONG><a name="[36]"></a>TIM8_UP_TIM13_IRQHandler</STRONG> (Thumb, 0 bytes, Stack size 0 bytes, startup_stm32f40_41xxx.o(.text))
<BR>[Address Reference Count : 1]<UL><LI> startup_stm32f40_41xxx.o(RESET)
</UL>
<P><STRONG><a name="[3e]"></a>UART4_IRQHandler</STRONG> (Thumb, 0 bytes, Stack size 0 bytes, startup_stm32f40_41xxx.o(.text))
<BR>[Address Reference Count : 1]<UL><LI> startup_stm32f40_41xxx.o(RESET)
</UL>
<P><STRONG><a name="[3f]"></a>UART5_IRQHandler</STRONG> (Thumb, 0 bytes, Stack size 0 bytes, startup_stm32f40_41xxx.o(.text))
<BR>[Address Reference Count : 1]<UL><LI> startup_stm32f40_41xxx.o(RESET)
</UL>
<P><STRONG><a name="[31]"></a>USART3_IRQHandler</STRONG> (Thumb, 0 bytes, Stack size 0 bytes, startup_stm32f40_41xxx.o(.text))
<BR>[Address Reference Count : 1]<UL><LI> startup_stm32f40_41xxx.o(RESET)
</UL>
<P><STRONG><a name="[51]"></a>USART6_IRQHandler</STRONG> (Thumb, 0 bytes, Stack size 0 bytes, startup_stm32f40_41xxx.o(.text))
<BR>[Address Reference Count : 1]<UL><LI> startup_stm32f40_41xxx.o(RESET)
</UL>
<P><STRONG><a name="[a]"></a>WWDG_IRQHandler</STRONG> (Thumb, 0 bytes, Stack size 0 bytes, startup_stm32f40_41xxx.o(.text))
<BR>[Address Reference Count : 1]<UL><LI> startup_stm32f40_41xxx.o(RESET)
</UL>
<P><STRONG><a name="[14f]"></a>__aeabi_memcpy</STRONG> (Thumb, 36 bytes, Stack size 0 bytes, memcpya.o(.text))
<BR><BR>[Called By]<UL><LI><a href="#[1b5]">&gt;&gt;</a>&nbsp;&nbsp;&nbsp;fpr_read_index_table
<LI><a href="#[109]">&gt;&gt;</a>&nbsp;&nbsp;&nbsp;Board_DMA_USART2_Send
</UL>

<P><STRONG><a name="[a8]"></a>__aeabi_memcpy4</STRONG> (Thumb, 0 bytes, Stack size 0 bytes, memcpya.o(.text))
<BR><BR>[Called By]<UL><LI><a href="#[112]">&gt;&gt;</a>&nbsp;&nbsp;&nbsp;report_status_if_changed
<LI><a href="#[a7]">&gt;&gt;</a>&nbsp;&nbsp;&nbsp;Adapter_Flash_Read
</UL>

<P><STRONG><a name="[1eb]"></a>__aeabi_memcpy8</STRONG> (Thumb, 0 bytes, Stack size 0 bytes, memcpya.o(.text), UNUSED)

<P><STRONG><a name="[67]"></a>__aeabi_memset</STRONG> (Thumb, 14 bytes, Stack size 0 bytes, memseta.o(.text))
<BR><BR>[Called By]<UL><LI><a href="#[68]">&gt;&gt;</a>&nbsp;&nbsp;&nbsp;_memset$wrapper
<LI><a href="#[66]">&gt;&gt;</a>&nbsp;&nbsp;&nbsp;__aeabi_memclr
</UL>

<P><STRONG><a name="[1ec]"></a>__aeabi_memset4</STRONG> (Thumb, 0 bytes, Stack size 0 bytes, memseta.o(.text), UNUSED)

<P><STRONG><a name="[1ed]"></a>__aeabi_memset8</STRONG> (Thumb, 0 bytes, Stack size 0 bytes, memseta.o(.text), UNUSED)

<P><STRONG><a name="[66]"></a>__aeabi_memclr</STRONG> (Thumb, 4 bytes, Stack size 0 bytes, memseta.o(.text))
<BR><BR>[Calls]<UL><LI><a href="#[67]">&gt;&gt;</a>&nbsp;&nbsp;&nbsp;__aeabi_memset
</UL>
<BR>[Called By]<UL><LI><a href="#[1b0]">&gt;&gt;</a>&nbsp;&nbsp;&nbsp;fpr_clear_rx
<LI><a href="#[d0]">&gt;&gt;</a>&nbsp;&nbsp;&nbsp;App_Cargo_Reset
<LI><a href="#[1ca]">&gt;&gt;</a>&nbsp;&nbsp;&nbsp;pn532_clear_rx
</UL>

<P><STRONG><a name="[a5]"></a>__aeabi_memclr4</STRONG> (Thumb, 0 bytes, Stack size 0 bytes, memseta.o(.text))
<BR><BR>[Called By]<UL><LI><a href="#[d4]">&gt;&gt;</a>&nbsp;&nbsp;&nbsp;App_Cmd_ProcessLine
<LI><a href="#[a6]">&gt;&gt;</a>&nbsp;&nbsp;&nbsp;Adapter_Flash_Init
<LI><a href="#[a4]">&gt;&gt;</a>&nbsp;&nbsp;&nbsp;Adapter_Flash_Clear
</UL>

<P><STRONG><a name="[1ee]"></a>__aeabi_memclr8</STRONG> (Thumb, 0 bytes, Stack size 0 bytes, memseta.o(.text), UNUSED)

<P><STRONG><a name="[68]"></a>_memset$wrapper</STRONG> (Thumb, 18 bytes, Stack size 8 bytes, memseta.o(.text), UNUSED)
<BR><BR>[Calls]<UL><LI><a href="#[67]">&gt;&gt;</a>&nbsp;&nbsp;&nbsp;__aeabi_memset
</UL>

<P><STRONG><a name="[aa]"></a>strstr</STRONG> (Thumb, 36 bytes, Stack size 12 bytes, strstr.o(.text))
<BR><BR>[Stack]<UL><LI>Max Depth = 12<LI>Call Chain = strstr
</UL>
<BR>[Called By]<UL><LI><a href="#[e3]">&gt;&gt;</a>&nbsp;&nbsp;&nbsp;App_GPS_FeedNmea
<LI><a href="#[a9]">&gt;&gt;</a>&nbsp;&nbsp;&nbsp;Adapter_LCD_DrawButtonPage
</UL>

<P><STRONG><a name="[8b]"></a>strncpy</STRONG> (Thumb, 24 bytes, Stack size 8 bytes, strncpy.o(.text))
<BR><BR>[Stack]<UL><LI>Max Depth = 8<LI>Call Chain = strncpy
</UL>
<BR>[Called By]<UL><LI><a href="#[94]">&gt;&gt;</a>&nbsp;&nbsp;&nbsp;set_name
<LI><a href="#[88]">&gt;&gt;</a>&nbsp;&nbsp;&nbsp;set_backup_identity
<LI><a href="#[92]">&gt;&gt;</a>&nbsp;&nbsp;&nbsp;register_nfc
<LI><a href="#[93]">&gt;&gt;</a>&nbsp;&nbsp;&nbsp;register_finger
<LI><a href="#[cb]">&gt;&gt;</a>&nbsp;&nbsp;&nbsp;set_item
<LI><a href="#[a3]">&gt;&gt;</a>&nbsp;&nbsp;&nbsp;Adapter_Flash_Append
<LI><a href="#[30]">&gt;&gt;</a>&nbsp;&nbsp;&nbsp;USART2_IRQHandler
<LI><a href="#[e3]">&gt;&gt;</a>&nbsp;&nbsp;&nbsp;App_GPS_FeedNmea
<LI><a href="#[d3]">&gt;&gt;</a>&nbsp;&nbsp;&nbsp;App_Cargo_SetPending
<LI><a href="#[d0]">&gt;&gt;</a>&nbsp;&nbsp;&nbsp;App_Cargo_Reset
<LI><a href="#[c8]">&gt;&gt;</a>&nbsp;&nbsp;&nbsp;App_Cargo_Confirm
<LI><a href="#[90]">&gt;&gt;</a>&nbsp;&nbsp;&nbsp;Adapter_Auth_Logout
<LI><a href="#[8a]">&gt;&gt;</a>&nbsp;&nbsp;&nbsp;Adapter_Auth_ClearRegistration
</UL>

<P><STRONG><a name="[d5]"></a>strcmp</STRONG> (Thumb, 28 bytes, Stack size 8 bytes, strcmp.o(.text))
<BR><BR>[Stack]<UL><LI>Max Depth = 8<LI>Call Chain = strcmp
</UL>
<BR>[Called By]<UL><LI><a href="#[d4]">&gt;&gt;</a>&nbsp;&nbsp;&nbsp;App_Cmd_ProcessLine
<LI><a href="#[9c]">&gt;&gt;</a>&nbsp;&nbsp;&nbsp;verify_nfc
<LI><a href="#[87]">&gt;&gt;</a>&nbsp;&nbsp;&nbsp;auth_password_matches
<LI><a href="#[c9]">&gt;&gt;</a>&nbsp;&nbsp;&nbsp;find_item
<LI><a href="#[d7]">&gt;&gt;</a>&nbsp;&nbsp;&nbsp;process_backup_password
<LI><a href="#[da]">&gt;&gt;</a>&nbsp;&nbsp;&nbsp;parse_source
<LI><a href="#[df]">&gt;&gt;</a>&nbsp;&nbsp;&nbsp;parse_scene
</UL>

<P><STRONG><a name="[e7]"></a>strtok</STRONG> (Thumb, 62 bytes, Stack size 16 bytes, strtok.o(.text))
<BR><BR>[Stack]<UL><LI>Max Depth = 16<LI>Call Chain = strtok
</UL>
<BR>[Called By]<UL><LI><a href="#[e3]">&gt;&gt;</a>&nbsp;&nbsp;&nbsp;App_GPS_FeedNmea
</UL>

<P><STRONG><a name="[69]"></a>__0sscanf</STRONG> (Thumb, 48 bytes, Stack size 72 bytes, __0sscanf.o(.text))
<BR><BR>[Stack]<UL><LI>Max Depth = 264<LI>Call Chain = __0sscanf &rArr; __vfscanf_char &rArr; __vfscanf &rArr; _scanf_real
</UL>
<BR>[Calls]<UL><LI><a href="#[6a]">&gt;&gt;</a>&nbsp;&nbsp;&nbsp;__vfscanf_char
</UL>
<BR>[Called By]<UL><LI><a href="#[d4]">&gt;&gt;</a>&nbsp;&nbsp;&nbsp;App_Cmd_ProcessLine
</UL>

<P><STRONG><a name="[6b]"></a>_scanf_int</STRONG> (Thumb, 332 bytes, Stack size 56 bytes, _scanf_int.o(.text))
<BR><BR>[Stack]<UL><LI>Max Depth = 56<LI>Call Chain = _scanf_int
</UL>
<BR>[Calls]<UL><LI><a href="#[6c]">&gt;&gt;</a>&nbsp;&nbsp;&nbsp;_chval
</UL>
<BR>[Called By]<UL><LI><a href="#[7a]">&gt;&gt;</a>&nbsp;&nbsp;&nbsp;__vfscanf
</UL>

<P><STRONG><a name="[80]"></a>_scanf_string</STRONG> (Thumb, 224 bytes, Stack size 56 bytes, _scanf_str.o(.text))
<BR><BR>[Stack]<UL><LI>Max Depth = 56<LI>Call Chain = _scanf_string
</UL>
<BR>[Called By]<UL><LI><a href="#[7a]">&gt;&gt;</a>&nbsp;&nbsp;&nbsp;__vfscanf
</UL>

<P><STRONG><a name="[6d]"></a>__aeabi_dadd</STRONG> (Thumb, 322 bytes, Stack size 48 bytes, dadd.o(.text))
<BR><BR>[Stack]<UL><LI>Max Depth = 88<LI>Call Chain = __aeabi_dadd &rArr; _double_epilogue &rArr; _double_round
</UL>
<BR>[Calls]<UL><LI><a href="#[6f]">&gt;&gt;</a>&nbsp;&nbsp;&nbsp;__aeabi_lasr
<LI><a href="#[6e]">&gt;&gt;</a>&nbsp;&nbsp;&nbsp;__aeabi_llsl
<LI><a href="#[71]">&gt;&gt;</a>&nbsp;&nbsp;&nbsp;_double_round
<LI><a href="#[70]">&gt;&gt;</a>&nbsp;&nbsp;&nbsp;_double_epilogue
</UL>
<BR>[Called By]<UL><LI><a href="#[1de]">&gt;&gt;</a>&nbsp;&nbsp;&nbsp;xpt_get_lcd_point
<LI><a href="#[73]">&gt;&gt;</a>&nbsp;&nbsp;&nbsp;__aeabi_drsub
<LI><a href="#[e8]">&gt;&gt;</a>&nbsp;&nbsp;&nbsp;parse_coord_e7
<LI><a href="#[72]">&gt;&gt;</a>&nbsp;&nbsp;&nbsp;__aeabi_dsub
</UL>

<P><STRONG><a name="[72]"></a>__aeabi_dsub</STRONG> (Thumb, 6 bytes, Stack size 0 bytes, dadd.o(.text), UNUSED)
<BR><BR>[Calls]<UL><LI><a href="#[6d]">&gt;&gt;</a>&nbsp;&nbsp;&nbsp;__aeabi_dadd
</UL>

<P><STRONG><a name="[73]"></a>__aeabi_drsub</STRONG> (Thumb, 6 bytes, Stack size 0 bytes, dadd.o(.text))
<BR><BR>[Stack]<UL><LI>Max Depth = 88<LI>Call Chain = __aeabi_drsub &rArr; __aeabi_dadd &rArr; _double_epilogue &rArr; _double_round
</UL>
<BR>[Calls]<UL><LI><a href="#[6d]">&gt;&gt;</a>&nbsp;&nbsp;&nbsp;__aeabi_dadd
</UL>
<BR>[Called By]<UL><LI><a href="#[e8]">&gt;&gt;</a>&nbsp;&nbsp;&nbsp;parse_coord_e7
</UL>

<P><STRONG><a name="[74]"></a>__aeabi_dmul</STRONG> (Thumb, 228 bytes, Stack size 48 bytes, dmul.o(.text))
<BR><BR>[Stack]<UL><LI>Max Depth = 88<LI>Call Chain = __aeabi_dmul &rArr; _double_epilogue &rArr; _double_round
</UL>
<BR>[Calls]<UL><LI><a href="#[70]">&gt;&gt;</a>&nbsp;&nbsp;&nbsp;_double_epilogue
</UL>
<BR>[Called By]<UL><LI><a href="#[1de]">&gt;&gt;</a>&nbsp;&nbsp;&nbsp;xpt_get_lcd_point
<LI><a href="#[e8]">&gt;&gt;</a>&nbsp;&nbsp;&nbsp;parse_coord_e7
<LI><a href="#[81]">&gt;&gt;</a>&nbsp;&nbsp;&nbsp;_fp_value
</UL>

<P><STRONG><a name="[75]"></a>__aeabi_ddiv</STRONG> (Thumb, 222 bytes, Stack size 32 bytes, ddiv.o(.text))
<BR><BR>[Stack]<UL><LI>Max Depth = 40<LI>Call Chain = __aeabi_ddiv &rArr; _double_round
</UL>
<BR>[Calls]<UL><LI><a href="#[71]">&gt;&gt;</a>&nbsp;&nbsp;&nbsp;_double_round
</UL>
<BR>[Called By]<UL><LI><a href="#[e8]">&gt;&gt;</a>&nbsp;&nbsp;&nbsp;parse_coord_e7
<LI><a href="#[81]">&gt;&gt;</a>&nbsp;&nbsp;&nbsp;_fp_value
</UL>

<P><STRONG><a name="[76]"></a>__aeabi_i2d</STRONG> (Thumb, 34 bytes, Stack size 16 bytes, dflti.o(.text))
<BR><BR>[Stack]<UL><LI>Max Depth = 56<LI>Call Chain = __aeabi_i2d &rArr; _double_epilogue &rArr; _double_round
</UL>
<BR>[Calls]<UL><LI><a href="#[70]">&gt;&gt;</a>&nbsp;&nbsp;&nbsp;_double_epilogue
</UL>
<BR>[Called By]<UL><LI><a href="#[1de]">&gt;&gt;</a>&nbsp;&nbsp;&nbsp;xpt_get_lcd_point
<LI><a href="#[e8]">&gt;&gt;</a>&nbsp;&nbsp;&nbsp;parse_coord_e7
</UL>

<P><STRONG><a name="[77]"></a>__aeabi_d2iz</STRONG> (Thumb, 62 bytes, Stack size 16 bytes, dfixi.o(.text))
<BR><BR>[Stack]<UL><LI>Max Depth = 16<LI>Call Chain = __aeabi_d2iz
</UL>
<BR>[Calls]<UL><LI><a href="#[78]">&gt;&gt;</a>&nbsp;&nbsp;&nbsp;__aeabi_llsr
</UL>
<BR>[Called By]<UL><LI><a href="#[1de]">&gt;&gt;</a>&nbsp;&nbsp;&nbsp;xpt_get_lcd_point
<LI><a href="#[e8]">&gt;&gt;</a>&nbsp;&nbsp;&nbsp;parse_coord_e7
</UL>

<P><STRONG><a name="[79]"></a>__aeabi_uldivmod</STRONG> (Thumb, 98 bytes, Stack size 40 bytes, uldiv.o(.text), UNUSED)
<BR><BR>[Calls]<UL><LI><a href="#[78]">&gt;&gt;</a>&nbsp;&nbsp;&nbsp;__aeabi_llsr
<LI><a href="#[6e]">&gt;&gt;</a>&nbsp;&nbsp;&nbsp;__aeabi_llsl
</UL>
<BR>[Called By]<UL><LI><a href="#[195]">&gt;&gt;</a>&nbsp;&nbsp;&nbsp;_printf_core
</UL>

<P><STRONG><a name="[6e]"></a>__aeabi_llsl</STRONG> (Thumb, 30 bytes, Stack size 0 bytes, llshl.o(.text))
<BR><BR>[Called By]<UL><LI><a href="#[6d]">&gt;&gt;</a>&nbsp;&nbsp;&nbsp;__aeabi_dadd
<LI><a href="#[79]">&gt;&gt;</a>&nbsp;&nbsp;&nbsp;__aeabi_uldivmod
<LI><a href="#[70]">&gt;&gt;</a>&nbsp;&nbsp;&nbsp;_double_epilogue
</UL>

<P><STRONG><a name="[1ef]"></a>_ll_shift_l</STRONG> (Thumb, 0 bytes, Stack size 0 bytes, llshl.o(.text), UNUSED)

<P><STRONG><a name="[78]"></a>__aeabi_llsr</STRONG> (Thumb, 32 bytes, Stack size 0 bytes, llushr.o(.text))
<BR><BR>[Called By]<UL><LI><a href="#[77]">&gt;&gt;</a>&nbsp;&nbsp;&nbsp;__aeabi_d2iz
<LI><a href="#[79]">&gt;&gt;</a>&nbsp;&nbsp;&nbsp;__aeabi_uldivmod
<LI><a href="#[70]">&gt;&gt;</a>&nbsp;&nbsp;&nbsp;_double_epilogue
</UL>

<P><STRONG><a name="[1f0]"></a>_ll_ushift_r</STRONG> (Thumb, 0 bytes, Stack size 0 bytes, llushr.o(.text), UNUSED)

<P><STRONG><a name="[6f]"></a>__aeabi_lasr</STRONG> (Thumb, 36 bytes, Stack size 0 bytes, llsshr.o(.text))
<BR><BR>[Called By]<UL><LI><a href="#[6d]">&gt;&gt;</a>&nbsp;&nbsp;&nbsp;__aeabi_dadd
</UL>

<P><STRONG><a name="[1f1]"></a>_ll_sshift_r</STRONG> (Thumb, 0 bytes, Stack size 0 bytes, llsshr.o(.text), UNUSED)

<P><STRONG><a name="[6c]"></a>_chval</STRONG> (Thumb, 28 bytes, Stack size 0 bytes, _chval.o(.text))
<BR><BR>[Called By]<UL><LI><a href="#[6b]">&gt;&gt;</a>&nbsp;&nbsp;&nbsp;_scanf_int
</UL>

<P><STRONG><a name="[6a]"></a>__vfscanf_char</STRONG> (Thumb, 20 bytes, Stack size 0 bytes, scanf_char.o(.text))
<BR><BR>[Stack]<UL><LI>Max Depth = 192<LI>Call Chain = __vfscanf_char &rArr; __vfscanf &rArr; _scanf_real
</UL>
<BR>[Calls]<UL><LI><a href="#[7a]">&gt;&gt;</a>&nbsp;&nbsp;&nbsp;__vfscanf
</UL>
<BR>[Called By]<UL><LI><a href="#[69]">&gt;&gt;</a>&nbsp;&nbsp;&nbsp;__0sscanf
</UL>

<P><STRONG><a name="[5f]"></a>_sgetc</STRONG> (Thumb, 30 bytes, Stack size 0 bytes, _sgetc.o(.text))
<BR>[Address Reference Count : 2]<UL><LI> strtod.o(.text)
<LI> __0sscanf.o(.text)
</UL>
<P><STRONG><a name="[60]"></a>_sbackspace</STRONG> (Thumb, 34 bytes, Stack size 0 bytes, _sgetc.o(.text))
<BR>[Address Reference Count : 2]<UL><LI> strtod.o(.text)
<LI> __0sscanf.o(.text)
</UL>
<P><STRONG><a name="[7d]"></a>__strtod_int</STRONG> (Thumb, 90 bytes, Stack size 40 bytes, strtod.o(.text))
<BR><BR>[Stack]<UL><LI>Max Depth = 200<LI>Call Chain = __strtod_int &rArr; _local_sscanf &rArr; _scanf_real
</UL>
<BR>[Calls]<UL><LI><a href="#[7b]">&gt;&gt;</a>&nbsp;&nbsp;&nbsp;_local_sscanf
</UL>
<BR>[Called By]<UL><LI><a href="#[196]">&gt;&gt;</a>&nbsp;&nbsp;&nbsp;__hardfp_atof
</UL>

<P><STRONG><a name="[1f2]"></a>__I$use$fp</STRONG> (Thumb, 0 bytes, Stack size 8 bytes, iusefp.o(.text), UNUSED)

<P><STRONG><a name="[71]"></a>_double_round</STRONG> (Thumb, 30 bytes, Stack size 8 bytes, depilogue.o(.text))
<BR><BR>[Stack]<UL><LI>Max Depth = 8<LI>Call Chain = _double_round
</UL>
<BR>[Called By]<UL><LI><a href="#[6d]">&gt;&gt;</a>&nbsp;&nbsp;&nbsp;__aeabi_dadd
<LI><a href="#[75]">&gt;&gt;</a>&nbsp;&nbsp;&nbsp;__aeabi_ddiv
<LI><a href="#[70]">&gt;&gt;</a>&nbsp;&nbsp;&nbsp;_double_epilogue
</UL>

<P><STRONG><a name="[70]"></a>_double_epilogue</STRONG> (Thumb, 156 bytes, Stack size 32 bytes, depilogue.o(.text))
<BR><BR>[Stack]<UL><LI>Max Depth = 40<LI>Call Chain = _double_epilogue &rArr; _double_round
</UL>
<BR>[Calls]<UL><LI><a href="#[78]">&gt;&gt;</a>&nbsp;&nbsp;&nbsp;__aeabi_llsr
<LI><a href="#[6e]">&gt;&gt;</a>&nbsp;&nbsp;&nbsp;__aeabi_llsl
<LI><a href="#[71]">&gt;&gt;</a>&nbsp;&nbsp;&nbsp;_double_round
</UL>
<BR>[Called By]<UL><LI><a href="#[76]">&gt;&gt;</a>&nbsp;&nbsp;&nbsp;__aeabi_i2d
<LI><a href="#[74]">&gt;&gt;</a>&nbsp;&nbsp;&nbsp;__aeabi_dmul
<LI><a href="#[6d]">&gt;&gt;</a>&nbsp;&nbsp;&nbsp;__aeabi_dadd
<LI><a href="#[82]">&gt;&gt;</a>&nbsp;&nbsp;&nbsp;__aeabi_ul2d
</UL>

<P><STRONG><a name="[65]"></a>__scatterload</STRONG> (Thumb, 28 bytes, Stack size 0 bytes, init.o(.text))
<BR><BR>[Calls]<UL><LI><a href="#[7e]">&gt;&gt;</a>&nbsp;&nbsp;&nbsp;__main_after_scatterload
</UL>
<BR>[Called By]<UL><LI><a href="#[64]">&gt;&gt;</a>&nbsp;&nbsp;&nbsp;_main_scatterload
</UL>

<P><STRONG><a name="[1f3]"></a>__scatterload_rt2</STRONG> (Thumb, 0 bytes, Stack size 0 bytes, init.o(.text), UNUSED)

<P><STRONG><a name="[62]"></a>isspace</STRONG> (Thumb, 10 bytes, Stack size 0 bytes, isspace_c.o(.text))
<BR><BR>[Calls]<UL><LI><a href="#[7f]">&gt;&gt;</a>&nbsp;&nbsp;&nbsp;__ctype_lookup
</UL>
<BR>[Address Reference Count : 2]<UL><LI> scanf_char.o(.text)
<LI> strtod.o(.text)
</UL>
<P><STRONG><a name="[7a]"></a>__vfscanf</STRONG> (Thumb, 808 bytes, Stack size 88 bytes, _scanf.o(.text))
<BR><BR>[Stack]<UL><LI>Max Depth = 192<LI>Call Chain = __vfscanf &rArr; _scanf_real
</UL>
<BR>[Calls]<UL><LI><a href="#[7c]">&gt;&gt;</a>&nbsp;&nbsp;&nbsp;_scanf_real
<LI><a href="#[80]">&gt;&gt;</a>&nbsp;&nbsp;&nbsp;_scanf_string
<LI><a href="#[6b]">&gt;&gt;</a>&nbsp;&nbsp;&nbsp;_scanf_int
</UL>
<BR>[Called By]<UL><LI><a href="#[6a]">&gt;&gt;</a>&nbsp;&nbsp;&nbsp;__vfscanf_char
</UL>

<P><STRONG><a name="[7c]"></a>_scanf_real</STRONG> (Thumb, 0 bytes, Stack size 104 bytes, scanf_fp.o(.text))
<BR><BR>[Stack]<UL><LI>Max Depth = 104<LI>Call Chain = _scanf_real
</UL>
<BR>[Called By]<UL><LI><a href="#[7a]">&gt;&gt;</a>&nbsp;&nbsp;&nbsp;__vfscanf
<LI><a href="#[7b]">&gt;&gt;</a>&nbsp;&nbsp;&nbsp;_local_sscanf
</UL>

<P><STRONG><a name="[83]"></a>_scanf_really_real</STRONG> (Thumb, 556 bytes, Stack size 104 bytes, scanf_fp.o(.text), UNUSED)
<BR><BR>[Calls]<UL><LI><a href="#[85]">&gt;&gt;</a>&nbsp;&nbsp;&nbsp;__aeabi_d2f
<LI><a href="#[84]">&gt;&gt;</a>&nbsp;&nbsp;&nbsp;_is_digit
<LI><a href="#[81]">&gt;&gt;</a>&nbsp;&nbsp;&nbsp;_fp_value
</UL>

<P><STRONG><a name="[7f]"></a>__ctype_lookup</STRONG> (Thumb, 34 bytes, Stack size 0 bytes, ctype_c.o(.text))
<BR><BR>[Called By]<UL><LI><a href="#[62]">&gt;&gt;</a>&nbsp;&nbsp;&nbsp;isspace
</UL>

<P><STRONG><a name="[82]"></a>__aeabi_ul2d</STRONG> (Thumb, 24 bytes, Stack size 16 bytes, dfltul.o(.text), UNUSED)
<BR><BR>[Calls]<UL><LI><a href="#[70]">&gt;&gt;</a>&nbsp;&nbsp;&nbsp;_double_epilogue
</UL>
<BR>[Called By]<UL><LI><a href="#[81]">&gt;&gt;</a>&nbsp;&nbsp;&nbsp;_fp_value
</UL>

<P><STRONG><a name="[85]"></a>__aeabi_d2f</STRONG> (Thumb, 56 bytes, Stack size 8 bytes, d2f.o(.text), UNUSED)
<BR><BR>[Called By]<UL><LI><a href="#[83]">&gt;&gt;</a>&nbsp;&nbsp;&nbsp;_scanf_really_real
</UL>

<P><STRONG><a name="[1f4]"></a>_float_round</STRONG> (Thumb, 18 bytes, Stack size 0 bytes, fepilogue.o(.text), UNUSED)

<P><STRONG><a name="[1f5]"></a>_float_epilogue</STRONG> (Thumb, 92 bytes, Stack size 4 bytes, fepilogue.o(.text), UNUSED)

<P><STRONG><a name="[12a]"></a>ADC_Cmd</STRONG> (Thumb, 22 bytes, Stack size 0 bytes, stm32f4xx_adc.o(i.ADC_Cmd))
<BR><BR>[Called By]<UL><LI><a href="#[f6]">&gt;&gt;</a>&nbsp;&nbsp;&nbsp;Board_ADC_Init
</UL>

<P><STRONG><a name="[127]"></a>ADC_CommonInit</STRONG> (Thumb, 34 bytes, Stack size 0 bytes, stm32f4xx_adc.o(i.ADC_CommonInit))
<BR><BR>[Called By]<UL><LI><a href="#[f6]">&gt;&gt;</a>&nbsp;&nbsp;&nbsp;Board_ADC_Init
</UL>

<P><STRONG><a name="[126]"></a>ADC_CommonStructInit</STRONG> (Thumb, 12 bytes, Stack size 0 bytes, stm32f4xx_adc.o(i.ADC_CommonStructInit))
<BR><BR>[Called By]<UL><LI><a href="#[f6]">&gt;&gt;</a>&nbsp;&nbsp;&nbsp;Board_ADC_Init
</UL>

<P><STRONG><a name="[131]"></a>ADC_GetConversionValue</STRONG> (Thumb, 8 bytes, Stack size 0 bytes, stm32f4xx_adc.o(i.ADC_GetConversionValue))
<BR><BR>[Called By]<UL><LI><a href="#[12c]">&gt;&gt;</a>&nbsp;&nbsp;&nbsp;Board_ADC_ReadRaw
</UL>

<P><STRONG><a name="[130]"></a>ADC_GetFlagStatus</STRONG> (Thumb, 18 bytes, Stack size 0 bytes, stm32f4xx_adc.o(i.ADC_GetFlagStatus))
<BR><BR>[Called By]<UL><LI><a href="#[12c]">&gt;&gt;</a>&nbsp;&nbsp;&nbsp;Board_ADC_ReadRaw
</UL>

<P><STRONG><a name="[129]"></a>ADC_Init</STRONG> (Thumb, 74 bytes, Stack size 12 bytes, stm32f4xx_adc.o(i.ADC_Init))
<BR><BR>[Stack]<UL><LI>Max Depth = 12<LI>Call Chain = ADC_Init
</UL>
<BR>[Called By]<UL><LI><a href="#[f6]">&gt;&gt;</a>&nbsp;&nbsp;&nbsp;Board_ADC_Init
</UL>

<P><STRONG><a name="[12e]"></a>ADC_RegularChannelConfig</STRONG> (Thumb, 184 bytes, Stack size 20 bytes, stm32f4xx_adc.o(i.ADC_RegularChannelConfig))
<BR><BR>[Stack]<UL><LI>Max Depth = 20<LI>Call Chain = ADC_RegularChannelConfig
</UL>
<BR>[Called By]<UL><LI><a href="#[12c]">&gt;&gt;</a>&nbsp;&nbsp;&nbsp;Board_ADC_ReadRaw
</UL>

<P><STRONG><a name="[12f]"></a>ADC_SoftwareStartConv</STRONG> (Thumb, 10 bytes, Stack size 0 bytes, stm32f4xx_adc.o(i.ADC_SoftwareStartConv))
<BR><BR>[Called By]<UL><LI><a href="#[12c]">&gt;&gt;</a>&nbsp;&nbsp;&nbsp;Board_ADC_ReadRaw
</UL>

<P><STRONG><a name="[128]"></a>ADC_StructInit</STRONG> (Thumb, 20 bytes, Stack size 0 bytes, stm32f4xx_adc.o(i.ADC_StructInit))
<BR><BR>[Called By]<UL><LI><a href="#[f6]">&gt;&gt;</a>&nbsp;&nbsp;&nbsp;Board_ADC_Init
</UL>

<P><STRONG><a name="[86]"></a>Adapter_Auth_BackupVerify</STRONG> (Thumb, 32 bytes, Stack size 16 bytes, fingerprint.o(i.Adapter_Auth_BackupVerify))
<BR><BR>[Stack]<UL><LI>Max Depth = 32<LI>Call Chain = Adapter_Auth_BackupVerify &rArr; set_backup_identity &rArr; strncpy
</UL>
<BR>[Calls]<UL><LI><a href="#[88]">&gt;&gt;</a>&nbsp;&nbsp;&nbsp;set_backup_identity
<LI><a href="#[87]">&gt;&gt;</a>&nbsp;&nbsp;&nbsp;auth_password_matches
<LI><a href="#[89]">&gt;&gt;</a>&nbsp;&nbsp;&nbsp;auth_beep_ok
</UL>
<BR>[Called By]<UL><LI><a href="#[d7]">&gt;&gt;</a>&nbsp;&nbsp;&nbsp;process_backup_password
</UL>

<P><STRONG><a name="[1a4]"></a>Adapter_Auth_CardId</STRONG> (Thumb, 4 bytes, Stack size 0 bytes, fingerprint.o(i.Adapter_Auth_CardId))
<BR><BR>[Called By]<UL><LI><a href="#[11f]">&gt;&gt;</a>&nbsp;&nbsp;&nbsp;build_page_body
</UL>

<P><STRONG><a name="[8a]"></a>Adapter_Auth_ClearRegistration</STRONG> (Thumb, 96 bytes, Stack size 8 bytes, fingerprint.o(i.Adapter_Auth_ClearRegistration))
<BR><BR>[Stack]<UL><LI>Max Depth = 16<LI>Call Chain = Adapter_Auth_ClearRegistration &rArr; strncpy
</UL>
<BR>[Calls]<UL><LI><a href="#[8b]">&gt;&gt;</a>&nbsp;&nbsp;&nbsp;strncpy
</UL>
<BR>[Called By]<UL><LI><a href="#[d4]">&gt;&gt;</a>&nbsp;&nbsp;&nbsp;App_Cmd_ProcessLine
<LI><a href="#[8c]">&gt;&gt;</a>&nbsp;&nbsp;&nbsp;Adapter_Auth_Init
<LI><a href="#[11c]">&gt;&gt;</a>&nbsp;&nbsp;&nbsp;handle_action
</UL>

<P><STRONG><a name="[1a1]"></a>Adapter_Auth_FingerId</STRONG> (Thumb, 4 bytes, Stack size 0 bytes, fingerprint.o(i.Adapter_Auth_FingerId))
<BR><BR>[Called By]<UL><LI><a href="#[11f]">&gt;&gt;</a>&nbsp;&nbsp;&nbsp;build_page_body
</UL>

<P><STRONG><a name="[8c]"></a>Adapter_Auth_Init</STRONG> (Thumb, 12 bytes, Stack size 8 bytes, fingerprint.o(i.Adapter_Auth_Init))
<BR><BR>[Stack]<UL><LI>Max Depth = 124<LI>Call Chain = Adapter_Auth_Init &rArr; NFC_Init &rArr; pn532_usart1_init &rArr; USART_Init &rArr; RCC_GetClocksFreq
</UL>
<BR>[Calls]<UL><LI><a href="#[8a]">&gt;&gt;</a>&nbsp;&nbsp;&nbsp;Adapter_Auth_ClearRegistration
<LI><a href="#[8d]">&gt;&gt;</a>&nbsp;&nbsp;&nbsp;NFC_Init
</UL>
<BR>[Called By]<UL><LI><a href="#[f2]">&gt;&gt;</a>&nbsp;&nbsp;&nbsp;App_Init
</UL>

<P><STRONG><a name="[e5]"></a>Adapter_Auth_IsAdmin</STRONG> (Thumb, 6 bytes, Stack size 0 bytes, fingerprint.o(i.Adapter_Auth_IsAdmin))
<BR><BR>[Called By]<UL><LI><a href="#[d4]">&gt;&gt;</a>&nbsp;&nbsp;&nbsp;App_Cmd_ProcessLine
<LI><a href="#[1d2]">&gt;&gt;</a>&nbsp;&nbsp;&nbsp;update_snapshot
<LI><a href="#[11c]">&gt;&gt;</a>&nbsp;&nbsp;&nbsp;handle_action
</UL>

<P><STRONG><a name="[1a0]"></a>Adapter_Auth_IsFingerRegistered</STRONG> (Thumb, 6 bytes, Stack size 0 bytes, fingerprint.o(i.Adapter_Auth_IsFingerRegistered))
<BR><BR>[Called By]<UL><LI><a href="#[11f]">&gt;&gt;</a>&nbsp;&nbsp;&nbsp;build_page_body
</UL>

<P><STRONG><a name="[19f]"></a>Adapter_Auth_IsFingerVerified</STRONG> (Thumb, 6 bytes, Stack size 0 bytes, fingerprint.o(i.Adapter_Auth_IsFingerVerified))
<BR><BR>[Called By]<UL><LI><a href="#[11f]">&gt;&gt;</a>&nbsp;&nbsp;&nbsp;build_page_body
</UL>

<P><STRONG><a name="[d9]"></a>Adapter_Auth_IsLoggedIn</STRONG> (Thumb, 6 bytes, Stack size 0 bytes, fingerprint.o(i.Adapter_Auth_IsLoggedIn))
<BR><BR>[Called By]<UL><LI><a href="#[d8]">&gt;&gt;</a>&nbsp;&nbsp;&nbsp;App_UI_SetPage
<LI><a href="#[10f]">&gt;&gt;</a>&nbsp;&nbsp;&nbsp;App_UI_HandleTouch
<LI><a href="#[d4]">&gt;&gt;</a>&nbsp;&nbsp;&nbsp;App_Cmd_ProcessLine
<LI><a href="#[1d2]">&gt;&gt;</a>&nbsp;&nbsp;&nbsp;update_snapshot
</UL>

<P><STRONG><a name="[1a3]"></a>Adapter_Auth_IsNfcRegistered</STRONG> (Thumb, 6 bytes, Stack size 0 bytes, fingerprint.o(i.Adapter_Auth_IsNfcRegistered))
<BR><BR>[Called By]<UL><LI><a href="#[11f]">&gt;&gt;</a>&nbsp;&nbsp;&nbsp;build_page_body
</UL>

<P><STRONG><a name="[1a2]"></a>Adapter_Auth_IsNfcVerified</STRONG> (Thumb, 6 bytes, Stack size 0 bytes, fingerprint.o(i.Adapter_Auth_IsNfcVerified))
<BR><BR>[Called By]<UL><LI><a href="#[11f]">&gt;&gt;</a>&nbsp;&nbsp;&nbsp;build_page_body
</UL>

<P><STRONG><a name="[8e]"></a>Adapter_Auth_Login</STRONG> (Thumb, 16 bytes, Stack size 16 bytes, fingerprint.o(i.Adapter_Auth_Login))
<BR><BR>[Stack]<UL><LI>Max Depth = 244<LI>Call Chain = Adapter_Auth_Login &rArr; Adapter_Auth_Verify &rArr; verify_finger &rArr; fpr_verify_real &rArr; fpr_ensure_ready &rArr; fpr_usart1_init &rArr; USART_Init &rArr; RCC_GetClocksFreq
</UL>
<BR>[Calls]<UL><LI><a href="#[8f]">&gt;&gt;</a>&nbsp;&nbsp;&nbsp;Adapter_Auth_Verify
</UL>
<BR>[Called By]<UL><LI><a href="#[d4]">&gt;&gt;</a>&nbsp;&nbsp;&nbsp;App_Cmd_ProcessLine
</UL>

<P><STRONG><a name="[90]"></a>Adapter_Auth_Logout</STRONG> (Thumb, 38 bytes, Stack size 8 bytes, fingerprint.o(i.Adapter_Auth_Logout))
<BR><BR>[Stack]<UL><LI>Max Depth = 16<LI>Call Chain = Adapter_Auth_Logout &rArr; strncpy
</UL>
<BR>[Calls]<UL><LI><a href="#[8b]">&gt;&gt;</a>&nbsp;&nbsp;&nbsp;strncpy
</UL>
<BR>[Called By]<UL><LI><a href="#[d4]">&gt;&gt;</a>&nbsp;&nbsp;&nbsp;App_Cmd_ProcessLine
</UL>

<P><STRONG><a name="[91]"></a>Adapter_Auth_Register</STRONG> (Thumb, 112 bytes, Stack size 16 bytes, fingerprint.o(i.Adapter_Auth_Register))
<BR><BR>[Stack]<UL><LI>Max Depth = 196<LI>Call Chain = Adapter_Auth_Register &rArr; register_nfc &rArr; NFC_ReadCard &rArr; NFC_Init &rArr; pn532_usart1_init &rArr; USART_Init &rArr; RCC_GetClocksFreq
</UL>
<BR>[Calls]<UL><LI><a href="#[94]">&gt;&gt;</a>&nbsp;&nbsp;&nbsp;set_name
<LI><a href="#[92]">&gt;&gt;</a>&nbsp;&nbsp;&nbsp;register_nfc
<LI><a href="#[93]">&gt;&gt;</a>&nbsp;&nbsp;&nbsp;register_finger
<LI><a href="#[95]">&gt;&gt;</a>&nbsp;&nbsp;&nbsp;refresh_registered_state
<LI><a href="#[89]">&gt;&gt;</a>&nbsp;&nbsp;&nbsp;auth_beep_ok
</UL>
<BR>[Called By]<UL><LI><a href="#[d4]">&gt;&gt;</a>&nbsp;&nbsp;&nbsp;App_Cmd_ProcessLine
<LI><a href="#[11c]">&gt;&gt;</a>&nbsp;&nbsp;&nbsp;handle_action
</UL>

<P><STRONG><a name="[180]"></a>Adapter_Auth_SetUsart1Target</STRONG> (Thumb, 6 bytes, Stack size 0 bytes, fingerprint.o(i.Adapter_Auth_SetUsart1Target))
<BR><BR>[Called By]<UL><LI><a href="#[1b1]">&gt;&gt;</a>&nbsp;&nbsp;&nbsp;fpr_ensure_ready
<LI><a href="#[183]">&gt;&gt;</a>&nbsp;&nbsp;&nbsp;NFC_ReadCard
<LI><a href="#[8d]">&gt;&gt;</a>&nbsp;&nbsp;&nbsp;NFC_Init
</UL>

<P><STRONG><a name="[1a5]"></a>Adapter_Auth_StatusText</STRONG> (Thumb, 96 bytes, Stack size 0 bytes, fingerprint.o(i.Adapter_Auth_StatusText))
<BR><BR>[Called By]<UL><LI><a href="#[11f]">&gt;&gt;</a>&nbsp;&nbsp;&nbsp;build_page_body
</UL>

<P><STRONG><a name="[96]"></a>Adapter_Auth_USART1_IRQHandler</STRONG> (Thumb, 68 bytes, Stack size 8 bytes, fingerprint.o(i.Adapter_Auth_USART1_IRQHandler))
<BR><BR>[Stack]<UL><LI>Max Depth = 24<LI>Call Chain = Adapter_Auth_USART1_IRQHandler &rArr; USART_GetITStatus
</UL>
<BR>[Calls]<UL><LI><a href="#[9a]">&gt;&gt;</a>&nbsp;&nbsp;&nbsp;fpr_rx_byte
<LI><a href="#[98]">&gt;&gt;</a>&nbsp;&nbsp;&nbsp;USART_ReceiveData
<LI><a href="#[97]">&gt;&gt;</a>&nbsp;&nbsp;&nbsp;USART_GetITStatus
<LI><a href="#[9b]">&gt;&gt;</a>&nbsp;&nbsp;&nbsp;USART_ClearITPendingBit
<LI><a href="#[99]">&gt;&gt;</a>&nbsp;&nbsp;&nbsp;NFC_USART1_RxByte
</UL>
<BR>[Called By]<UL><LI><a href="#[2f]">&gt;&gt;</a>&nbsp;&nbsp;&nbsp;USART1_IRQHandler
</UL>

<P><STRONG><a name="[8f]"></a>Adapter_Auth_Verify</STRONG> (Thumb, 98 bytes, Stack size 16 bytes, fingerprint.o(i.Adapter_Auth_Verify))
<BR><BR>[Stack]<UL><LI>Max Depth = 228<LI>Call Chain = Adapter_Auth_Verify &rArr; verify_finger &rArr; fpr_verify_real &rArr; fpr_ensure_ready &rArr; fpr_usart1_init &rArr; USART_Init &rArr; RCC_GetClocksFreq
</UL>
<BR>[Calls]<UL><LI><a href="#[9c]">&gt;&gt;</a>&nbsp;&nbsp;&nbsp;verify_nfc
<LI><a href="#[9d]">&gt;&gt;</a>&nbsp;&nbsp;&nbsp;verify_finger
<LI><a href="#[9e]">&gt;&gt;</a>&nbsp;&nbsp;&nbsp;update_login_if_ready
<LI><a href="#[89]">&gt;&gt;</a>&nbsp;&nbsp;&nbsp;auth_beep_ok
</UL>
<BR>[Called By]<UL><LI><a href="#[d4]">&gt;&gt;</a>&nbsp;&nbsp;&nbsp;App_Cmd_ProcessLine
<LI><a href="#[8e]">&gt;&gt;</a>&nbsp;&nbsp;&nbsp;Adapter_Auth_Login
<LI><a href="#[11c]">&gt;&gt;</a>&nbsp;&nbsp;&nbsp;handle_action
<LI><a href="#[1af]">&gt;&gt;</a>&nbsp;&nbsp;&nbsp;confirm_cargo_with
</UL>

<P><STRONG><a name="[fc]"></a>Adapter_DHT11_Init</STRONG> (Thumb, 12 bytes, Stack size 0 bytes, dht11.o(i.Adapter_DHT11_Init))
<BR><BR>[Called By]<UL><LI><a href="#[f2]">&gt;&gt;</a>&nbsp;&nbsp;&nbsp;App_Init
</UL>

<P><STRONG><a name="[1d1]"></a>Adapter_DHT11_Read</STRONG> (Thumb, 44 bytes, Stack size 0 bytes, dht11.o(i.Adapter_DHT11_Read))
<BR><BR>[Called By]<UL><LI><a href="#[111]">&gt;&gt;</a>&nbsp;&nbsp;&nbsp;sensor_task
</UL>

<P><STRONG><a name="[118]"></a>Adapter_DHT11_SetOffset</STRONG> (Thumb, 10 bytes, Stack size 0 bytes, dht11.o(i.Adapter_DHT11_SetOffset))
<BR><BR>[Called By]<UL><LI><a href="#[de]">&gt;&gt;</a>&nbsp;&nbsp;&nbsp;App_Scene_Stop
<LI><a href="#[e0]">&gt;&gt;</a>&nbsp;&nbsp;&nbsp;App_Scene_Start
</UL>

<P><STRONG><a name="[a0]"></a>Adapter_EEPROM_Crc</STRONG> (Thumb, 36 bytes, Stack size 8 bytes, eeprom.o(i.Adapter_EEPROM_Crc))
<BR><BR>[Stack]<UL><LI>Max Depth = 8<LI>Call Chain = Adapter_EEPROM_Crc
</UL>
<BR>[Called By]<UL><LI><a href="#[a2]">&gt;&gt;</a>&nbsp;&nbsp;&nbsp;Adapter_EEPROM_Save
<LI><a href="#[a1]">&gt;&gt;</a>&nbsp;&nbsp;&nbsp;Adapter_EEPROM_Load
<LI><a href="#[9f]">&gt;&gt;</a>&nbsp;&nbsp;&nbsp;Adapter_EEPROM_Init
<LI><a href="#[f2]">&gt;&gt;</a>&nbsp;&nbsp;&nbsp;App_Init
<LI><a href="#[1c5]">&gt;&gt;</a>&nbsp;&nbsp;&nbsp;save_thresholds
</UL>

<P><STRONG><a name="[9f]"></a>Adapter_EEPROM_Init</STRONG> (Thumb, 54 bytes, Stack size 4 bytes, eeprom.o(i.Adapter_EEPROM_Init))
<BR><BR>[Stack]<UL><LI>Max Depth = 12<LI>Call Chain = Adapter_EEPROM_Init &rArr; Adapter_EEPROM_Crc
</UL>
<BR>[Calls]<UL><LI><a href="#[a0]">&gt;&gt;</a>&nbsp;&nbsp;&nbsp;Adapter_EEPROM_Crc
</UL>
<BR>[Called By]<UL><LI><a href="#[f2]">&gt;&gt;</a>&nbsp;&nbsp;&nbsp;App_Init
</UL>

<P><STRONG><a name="[a1]"></a>Adapter_EEPROM_Load</STRONG> (Thumb, 48 bytes, Stack size 8 bytes, eeprom.o(i.Adapter_EEPROM_Load))
<BR><BR>[Stack]<UL><LI>Max Depth = 16<LI>Call Chain = Adapter_EEPROM_Load &rArr; Adapter_EEPROM_Crc
</UL>
<BR>[Calls]<UL><LI><a href="#[a0]">&gt;&gt;</a>&nbsp;&nbsp;&nbsp;Adapter_EEPROM_Crc
</UL>
<BR>[Called By]<UL><LI><a href="#[f2]">&gt;&gt;</a>&nbsp;&nbsp;&nbsp;App_Init
<LI><a href="#[1c5]">&gt;&gt;</a>&nbsp;&nbsp;&nbsp;save_thresholds
</UL>

<P><STRONG><a name="[a2]"></a>Adapter_EEPROM_Save</STRONG> (Thumb, 34 bytes, Stack size 8 bytes, eeprom.o(i.Adapter_EEPROM_Save))
<BR><BR>[Stack]<UL><LI>Max Depth = 16<LI>Call Chain = Adapter_EEPROM_Save &rArr; Adapter_EEPROM_Crc
</UL>
<BR>[Calls]<UL><LI><a href="#[a0]">&gt;&gt;</a>&nbsp;&nbsp;&nbsp;Adapter_EEPROM_Crc
</UL>
<BR>[Called By]<UL><LI><a href="#[f2]">&gt;&gt;</a>&nbsp;&nbsp;&nbsp;App_Init
<LI><a href="#[1c5]">&gt;&gt;</a>&nbsp;&nbsp;&nbsp;save_thresholds
</UL>

<P><STRONG><a name="[a3]"></a>Adapter_Flash_Append</STRONG> (Thumb, 84 bytes, Stack size 24 bytes, w25q64.o(i.Adapter_Flash_Append))
<BR><BR>[Stack]<UL><LI>Max Depth = 32<LI>Call Chain = Adapter_Flash_Append &rArr; strncpy
</UL>
<BR>[Calls]<UL><LI><a href="#[8b]">&gt;&gt;</a>&nbsp;&nbsp;&nbsp;strncpy
</UL>
<BR>[Called By]<UL><LI><a href="#[bf]">&gt;&gt;</a>&nbsp;&nbsp;&nbsp;App_Log_Add
</UL>

<P><STRONG><a name="[a4]"></a>Adapter_Flash_Clear</STRONG> (Thumb, 24 bytes, Stack size 8 bytes, w25q64.o(i.Adapter_Flash_Clear))
<BR><BR>[Stack]<UL><LI>Max Depth = 8<LI>Call Chain = Adapter_Flash_Clear
</UL>
<BR>[Calls]<UL><LI><a href="#[a5]">&gt;&gt;</a>&nbsp;&nbsp;&nbsp;__aeabi_memclr4
</UL>
<BR>[Called By]<UL><LI><a href="#[105]">&gt;&gt;</a>&nbsp;&nbsp;&nbsp;App_Log_Clear
</UL>

<P><STRONG><a name="[107]"></a>Adapter_Flash_Count</STRONG> (Thumb, 6 bytes, Stack size 0 bytes, w25q64.o(i.Adapter_Flash_Count))
<BR><BR>[Called By]<UL><LI><a href="#[106]">&gt;&gt;</a>&nbsp;&nbsp;&nbsp;App_Log_Count
<LI><a href="#[e4]">&gt;&gt;</a>&nbsp;&nbsp;&nbsp;App_Log_Export
</UL>

<P><STRONG><a name="[a6]"></a>Adapter_Flash_Init</STRONG> (Thumb, 24 bytes, Stack size 8 bytes, w25q64.o(i.Adapter_Flash_Init))
<BR><BR>[Stack]<UL><LI>Max Depth = 8<LI>Call Chain = Adapter_Flash_Init
</UL>
<BR>[Calls]<UL><LI><a href="#[a5]">&gt;&gt;</a>&nbsp;&nbsp;&nbsp;__aeabi_memclr4
</UL>
<BR>[Called By]<UL><LI><a href="#[fd]">&gt;&gt;</a>&nbsp;&nbsp;&nbsp;App_Log_Init
</UL>

<P><STRONG><a name="[a7]"></a>Adapter_Flash_Read</STRONG> (Thumb, 60 bytes, Stack size 16 bytes, w25q64.o(i.Adapter_Flash_Read))
<BR><BR>[Stack]<UL><LI>Max Depth = 16<LI>Call Chain = Adapter_Flash_Read
</UL>
<BR>[Calls]<UL><LI><a href="#[a8]">&gt;&gt;</a>&nbsp;&nbsp;&nbsp;__aeabi_memcpy4
</UL>
<BR>[Called By]<UL><LI><a href="#[10a]">&gt;&gt;</a>&nbsp;&nbsp;&nbsp;App_Log_Read
<LI><a href="#[e4]">&gt;&gt;</a>&nbsp;&nbsp;&nbsp;App_Log_Export
</UL>

<P><STRONG><a name="[a9]"></a>Adapter_LCD_DrawButtonPage</STRONG> (Thumb, 216 bytes, Stack size 48 bytes, lcd.o(i.Adapter_LCD_DrawButtonPage))
<BR><BR>[Stack]<UL><LI>Max Depth = 204<LI>Call Chain = Adapter_LCD_DrawButtonPage &rArr; draw_body_lines_from &rArr; LCD_DispStringEN &rArr; LCD_DispMask &rArr; ILI9341_OpenWindow
</UL>
<BR>[Calls]<UL><LI><a href="#[ab]">&gt;&gt;</a>&nbsp;&nbsp;&nbsp;LCD_SetColors
<LI><a href="#[ac]">&gt;&gt;</a>&nbsp;&nbsp;&nbsp;LCD_GetLenY
<LI><a href="#[ad]">&gt;&gt;</a>&nbsp;&nbsp;&nbsp;LCD_GetLenX
<LI><a href="#[af]">&gt;&gt;</a>&nbsp;&nbsp;&nbsp;LCD_GetFontEN
<LI><a href="#[b0]">&gt;&gt;</a>&nbsp;&nbsp;&nbsp;LCD_DispStringEN
<LI><a href="#[ae]">&gt;&gt;</a>&nbsp;&nbsp;&nbsp;LCD_Clear
<LI><a href="#[b2]">&gt;&gt;</a>&nbsp;&nbsp;&nbsp;draw_button
<LI><a href="#[b1]">&gt;&gt;</a>&nbsp;&nbsp;&nbsp;draw_body_lines_from
<LI><a href="#[aa]">&gt;&gt;</a>&nbsp;&nbsp;&nbsp;strstr
</UL>
<BR>[Called By]<UL><LI><a href="#[114]">&gt;&gt;</a>&nbsp;&nbsp;&nbsp;App_UI_Render
</UL>

<P><STRONG><a name="[b3]"></a>Adapter_LCD_Init</STRONG> (Thumb, 74 bytes, Stack size 16 bytes, lcd.o(i.Adapter_LCD_Init))
<BR><BR>[Stack]<UL><LI>Max Depth = 120<LI>Call Chain = Adapter_LCD_Init &rArr; LCD_Init &rArr; ILI9341_FSMC_Config
</UL>
<BR>[Calls]<UL><LI><a href="#[b6]">&gt;&gt;</a>&nbsp;&nbsp;&nbsp;UART_SendString
<LI><a href="#[b5]">&gt;&gt;</a>&nbsp;&nbsp;&nbsp;LCD_SetFontEN
<LI><a href="#[ab]">&gt;&gt;</a>&nbsp;&nbsp;&nbsp;LCD_SetColors
<LI><a href="#[b4]">&gt;&gt;</a>&nbsp;&nbsp;&nbsp;LCD_Init
<LI><a href="#[ac]">&gt;&gt;</a>&nbsp;&nbsp;&nbsp;LCD_GetLenY
<LI><a href="#[ad]">&gt;&gt;</a>&nbsp;&nbsp;&nbsp;LCD_GetLenX
<LI><a href="#[af]">&gt;&gt;</a>&nbsp;&nbsp;&nbsp;LCD_GetFontEN
<LI><a href="#[b0]">&gt;&gt;</a>&nbsp;&nbsp;&nbsp;LCD_DispStringEN
<LI><a href="#[ae]">&gt;&gt;</a>&nbsp;&nbsp;&nbsp;LCD_Clear
</UL>
<BR>[Called By]<UL><LI><a href="#[101]">&gt;&gt;</a>&nbsp;&nbsp;&nbsp;App_UI_Init
</UL>

<P><STRONG><a name="[b7]"></a>Adapter_Touch_GetEvent</STRONG> (Thumb, 52 bytes, Stack size 8 bytes, xpt2046.o(i.Adapter_Touch_GetEvent))
<BR><BR>[Stack]<UL><LI>Max Depth = 216<LI>Call Chain = Adapter_Touch_GetEvent &rArr; xpt_poll_real_touch &rArr; xpt_get_lcd_point &rArr; xpt_filter_xy &rArr; xpt_read_adc_xy &rArr; xpt_read_adc &rArr; xpt_write_cmd
</UL>
<BR>[Calls]<UL><LI><a href="#[b8]">&gt;&gt;</a>&nbsp;&nbsp;&nbsp;xpt_poll_real_touch
</UL>
<BR>[Called By]<UL><LI><a href="#[10d]">&gt;&gt;</a>&nbsp;&nbsp;&nbsp;App_Run
</UL>

<P><STRONG><a name="[b9]"></a>Adapter_Touch_Init</STRONG> (Thumb, 22 bytes, Stack size 8 bytes, xpt2046.o(i.Adapter_Touch_Init))
<BR><BR>[Stack]<UL><LI>Max Depth = 44<LI>Call Chain = Adapter_Touch_Init &rArr; xpt2046_gpio_init &rArr; GPIO_Init
</UL>
<BR>[Calls]<UL><LI><a href="#[ba]">&gt;&gt;</a>&nbsp;&nbsp;&nbsp;xpt2046_gpio_init
</UL>
<BR>[Called By]<UL><LI><a href="#[f2]">&gt;&gt;</a>&nbsp;&nbsp;&nbsp;App_Init
</UL>

<P><STRONG><a name="[e6]"></a>Adapter_Touch_Inject</STRONG> (Thumb, 14 bytes, Stack size 0 bytes, xpt2046.o(i.Adapter_Touch_Inject))
<BR><BR>[Called By]<UL><LI><a href="#[d4]">&gt;&gt;</a>&nbsp;&nbsp;&nbsp;App_Cmd_ProcessLine
</UL>

<P><STRONG><a name="[bb]"></a>App_Alarm_Evaluate</STRONG> (Thumb, 266 bytes, Stack size 32 bytes, alarm.o(i.App_Alarm_Evaluate))
<BR><BR>[Stack]<UL><LI>Max Depth = 96<LI>Call Chain = App_Alarm_Evaluate &rArr; Board_CAN_SendAlarm &rArr; send_frame &rArr; CAN_Transmit
</UL>
<BR>[Calls]<UL><LI><a href="#[c0]">&gt;&gt;</a>&nbsp;&nbsp;&nbsp;Board_LED_Set
<LI><a href="#[bf]">&gt;&gt;</a>&nbsp;&nbsp;&nbsp;App_Log_Add
<LI><a href="#[be]">&gt;&gt;</a>&nbsp;&nbsp;&nbsp;App_Alarm_Name
<LI><a href="#[bd]">&gt;&gt;</a>&nbsp;&nbsp;&nbsp;Board_CAN_SendAlarm
<LI><a href="#[c2]">&gt;&gt;</a>&nbsp;&nbsp;&nbsp;Board_PWM_SetFanPercent
<LI><a href="#[bc]">&gt;&gt;</a>&nbsp;&nbsp;&nbsp;evaluate_gas_level
<LI><a href="#[c1]">&gt;&gt;</a>&nbsp;&nbsp;&nbsp;Board_Buzzer_Set
</UL>
<BR>[Called By]<UL><LI><a href="#[111]">&gt;&gt;</a>&nbsp;&nbsp;&nbsp;sensor_task
</UL>

<P><STRONG><a name="[c3]"></a>App_Alarm_ForceEmergency</STRONG> (Thumb, 56 bytes, Stack size 8 bytes, alarm.o(i.App_Alarm_ForceEmergency))
<BR><BR>[Stack]<UL><LI>Max Depth = 72<LI>Call Chain = App_Alarm_ForceEmergency &rArr; Board_CAN_SendAlarm &rArr; send_frame &rArr; CAN_Transmit
</UL>
<BR>[Calls]<UL><LI><a href="#[c0]">&gt;&gt;</a>&nbsp;&nbsp;&nbsp;Board_LED_Set
<LI><a href="#[bf]">&gt;&gt;</a>&nbsp;&nbsp;&nbsp;App_Log_Add
<LI><a href="#[bd]">&gt;&gt;</a>&nbsp;&nbsp;&nbsp;Board_CAN_SendAlarm
<LI><a href="#[c1]">&gt;&gt;</a>&nbsp;&nbsp;&nbsp;Board_Buzzer_Set
</UL>
<BR>[Called By]<UL><LI><a href="#[10b]">&gt;&gt;</a>&nbsp;&nbsp;&nbsp;App_OnEmergencyButton
</UL>

<P><STRONG><a name="[10c]"></a>App_Alarm_GetLevel</STRONG> (Thumb, 6 bytes, Stack size 0 bytes, alarm.o(i.App_Alarm_GetLevel))
<BR><BR>[Called By]<UL><LI><a href="#[10f]">&gt;&gt;</a>&nbsp;&nbsp;&nbsp;App_UI_HandleTouch
<LI><a href="#[10b]">&gt;&gt;</a>&nbsp;&nbsp;&nbsp;App_OnEmergencyButton
<LI><a href="#[1d2]">&gt;&gt;</a>&nbsp;&nbsp;&nbsp;update_snapshot
<LI><a href="#[110]">&gt;&gt;</a>&nbsp;&nbsp;&nbsp;key_task
</UL>

<P><STRONG><a name="[19c]"></a>App_Alarm_GetThresholds</STRONG> (Thumb, 26 bytes, Stack size 0 bytes, alarm.o(i.App_Alarm_GetThresholds))
<BR><BR>[Called By]<UL><LI><a href="#[1c5]">&gt;&gt;</a>&nbsp;&nbsp;&nbsp;save_thresholds
<LI><a href="#[11f]">&gt;&gt;</a>&nbsp;&nbsp;&nbsp;build_page_body
<LI><a href="#[19b]">&gt;&gt;</a>&nbsp;&nbsp;&nbsp;adjust_threshold
</UL>

<P><STRONG><a name="[c4]"></a>App_Alarm_Init</STRONG> (Thumb, 26 bytes, Stack size 4 bytes, alarm.o(i.App_Alarm_Init))
<BR><BR>[Stack]<UL><LI>Max Depth = 4<LI>Call Chain = App_Alarm_Init
</UL>
<BR>[Calls]<UL><LI><a href="#[c5]">&gt;&gt;</a>&nbsp;&nbsp;&nbsp;App_Alarm_ResetThresholds
</UL>
<BR>[Called By]<UL><LI><a href="#[f2]">&gt;&gt;</a>&nbsp;&nbsp;&nbsp;App_Init
</UL>

<P><STRONG><a name="[1ad]"></a>App_Alarm_IsMuted</STRONG> (Thumb, 6 bytes, Stack size 0 bytes, alarm.o(i.App_Alarm_IsMuted))
<BR><BR>[Called By]<UL><LI><a href="#[1cf]">&gt;&gt;</a>&nbsp;&nbsp;&nbsp;status_has_changed
<LI><a href="#[112]">&gt;&gt;</a>&nbsp;&nbsp;&nbsp;report_status_if_changed
<LI><a href="#[11f]">&gt;&gt;</a>&nbsp;&nbsp;&nbsp;build_page_body
</UL>

<P><STRONG><a name="[c6]"></a>App_Alarm_MuteByKey</STRONG> (Thumb, 32 bytes, Stack size 8 bytes, alarm.o(i.App_Alarm_MuteByKey))
<BR><BR>[Stack]<UL><LI>Max Depth = 56<LI>Call Chain = App_Alarm_MuteByKey &rArr; App_Log_Add &rArr; Board_RTC_GetUnixLike &rArr; RTC_GetTime
</UL>
<BR>[Calls]<UL><LI><a href="#[bf]">&gt;&gt;</a>&nbsp;&nbsp;&nbsp;App_Log_Add
<LI><a href="#[c1]">&gt;&gt;</a>&nbsp;&nbsp;&nbsp;Board_Buzzer_Set
</UL>
<BR>[Called By]<UL><LI><a href="#[10f]">&gt;&gt;</a>&nbsp;&nbsp;&nbsp;App_UI_HandleTouch
<LI><a href="#[10b]">&gt;&gt;</a>&nbsp;&nbsp;&nbsp;App_OnEmergencyButton
<LI><a href="#[110]">&gt;&gt;</a>&nbsp;&nbsp;&nbsp;key_task
</UL>

<P><STRONG><a name="[be]"></a>App_Alarm_Name</STRONG> (Thumb, 40 bytes, Stack size 0 bytes, alarm.o(i.App_Alarm_Name))
<BR><BR>[Called By]<UL><LI><a href="#[bb]">&gt;&gt;</a>&nbsp;&nbsp;&nbsp;App_Alarm_Evaluate
<LI><a href="#[112]">&gt;&gt;</a>&nbsp;&nbsp;&nbsp;report_status_if_changed
<LI><a href="#[11f]">&gt;&gt;</a>&nbsp;&nbsp;&nbsp;build_page_body
</UL>

<P><STRONG><a name="[c7]"></a>App_Alarm_ResetByAdmin</STRONG> (Thumb, 42 bytes, Stack size 8 bytes, alarm.o(i.App_Alarm_ResetByAdmin))
<BR><BR>[Stack]<UL><LI>Max Depth = 56<LI>Call Chain = App_Alarm_ResetByAdmin &rArr; App_Log_Add &rArr; Board_RTC_GetUnixLike &rArr; RTC_GetTime
</UL>
<BR>[Calls]<UL><LI><a href="#[c0]">&gt;&gt;</a>&nbsp;&nbsp;&nbsp;Board_LED_Set
<LI><a href="#[bf]">&gt;&gt;</a>&nbsp;&nbsp;&nbsp;App_Log_Add
<LI><a href="#[c1]">&gt;&gt;</a>&nbsp;&nbsp;&nbsp;Board_Buzzer_Set
</UL>
<BR>[Called By]<UL><LI><a href="#[d4]">&gt;&gt;</a>&nbsp;&nbsp;&nbsp;App_Cmd_ProcessLine
<LI><a href="#[11c]">&gt;&gt;</a>&nbsp;&nbsp;&nbsp;handle_action
</UL>

<P><STRONG><a name="[c5]"></a>App_Alarm_ResetThresholds</STRONG> (Thumb, 26 bytes, Stack size 0 bytes, alarm.o(i.App_Alarm_ResetThresholds))
<BR><BR>[Called By]<UL><LI><a href="#[c4]">&gt;&gt;</a>&nbsp;&nbsp;&nbsp;App_Alarm_Init
<LI><a href="#[11c]">&gt;&gt;</a>&nbsp;&nbsp;&nbsp;handle_action
</UL>

<P><STRONG><a name="[ff]"></a>App_Alarm_SetThresholds</STRONG> (Thumb, 66 bytes, Stack size 0 bytes, alarm.o(i.App_Alarm_SetThresholds))
<BR><BR>[Called By]<UL><LI><a href="#[f2]">&gt;&gt;</a>&nbsp;&nbsp;&nbsp;App_Init
<LI><a href="#[19b]">&gt;&gt;</a>&nbsp;&nbsp;&nbsp;adjust_threshold
</UL>

<P><STRONG><a name="[c8]"></a>App_Cargo_Confirm</STRONG> (Thumb, 356 bytes, Stack size 104 bytes, cargo_manager.o(i.App_Cargo_Confirm))
<BR><BR>[Stack]<UL><LI>Max Depth = 152<LI>Call Chain = App_Cargo_Confirm &rArr; App_Log_Add &rArr; Board_RTC_GetUnixLike &rArr; RTC_GetTime
</UL>
<BR>[Calls]<UL><LI><a href="#[bf]">&gt;&gt;</a>&nbsp;&nbsp;&nbsp;App_Log_Add
<LI><a href="#[cb]">&gt;&gt;</a>&nbsp;&nbsp;&nbsp;set_item
<LI><a href="#[c9]">&gt;&gt;</a>&nbsp;&nbsp;&nbsp;find_item
<LI><a href="#[ca]">&gt;&gt;</a>&nbsp;&nbsp;&nbsp;find_free_item
<LI><a href="#[cd]">&gt;&gt;</a>&nbsp;&nbsp;&nbsp;clear_pending
<LI><a href="#[cc]">&gt;&gt;</a>&nbsp;&nbsp;&nbsp;__2snprintf
<LI><a href="#[8b]">&gt;&gt;</a>&nbsp;&nbsp;&nbsp;strncpy
</UL>
<BR>[Called By]<UL><LI><a href="#[d7]">&gt;&gt;</a>&nbsp;&nbsp;&nbsp;process_backup_password
<LI><a href="#[1af]">&gt;&gt;</a>&nbsp;&nbsp;&nbsp;confirm_cargo_with
</UL>

<P><STRONG><a name="[ce]"></a>App_Cargo_FormatList</STRONG> (Thumb, 78 bytes, Stack size 24 bytes, cargo_manager.o(i.App_Cargo_FormatList))
<BR><BR>[Stack]<UL><LI>Max Depth = 56<LI>Call Chain = App_Cargo_FormatList &rArr; __2snprintf
</UL>
<BR>[Calls]<UL><LI><a href="#[cc]">&gt;&gt;</a>&nbsp;&nbsp;&nbsp;__2snprintf
</UL>
<BR>[Called By]<UL><LI><a href="#[d4]">&gt;&gt;</a>&nbsp;&nbsp;&nbsp;App_Cmd_ProcessLine
<LI><a href="#[1c6]">&gt;&gt;</a>&nbsp;&nbsp;&nbsp;ui_print_cargo_list
<LI><a href="#[11f]">&gt;&gt;</a>&nbsp;&nbsp;&nbsp;build_page_body
</UL>

<P><STRONG><a name="[cf]"></a>App_Cargo_Init</STRONG> (Thumb, 8 bytes, Stack size 8 bytes, cargo_manager.o(i.App_Cargo_Init))
<BR><BR>[Stack]<UL><LI>Max Depth = 40<LI>Call Chain = App_Cargo_Init &rArr; App_Cargo_Reset &rArr; set_item &rArr; strncpy
</UL>
<BR>[Calls]<UL><LI><a href="#[d0]">&gt;&gt;</a>&nbsp;&nbsp;&nbsp;App_Cargo_Reset
</UL>
<BR>[Called By]<UL><LI><a href="#[f2]">&gt;&gt;</a>&nbsp;&nbsp;&nbsp;App_Init
</UL>

<P><STRONG><a name="[1ab]"></a>App_Cargo_Mode</STRONG> (Thumb, 6 bytes, Stack size 0 bytes, cargo_manager.o(i.App_Cargo_Mode))
<BR><BR>[Called By]<UL><LI><a href="#[1ae]">&gt;&gt;</a>&nbsp;&nbsp;&nbsp;cargo_has_pending
<LI><a href="#[11f]">&gt;&gt;</a>&nbsp;&nbsp;&nbsp;build_page_body
</UL>

<P><STRONG><a name="[d2]"></a>App_Cargo_ModeName</STRONG> (Thumb, 24 bytes, Stack size 0 bytes, cargo_manager.o(i.App_Cargo_ModeName))
<BR><BR>[Called By]<UL><LI><a href="#[d1]">&gt;&gt;</a>&nbsp;&nbsp;&nbsp;App_Cargo_SelectMode
<LI><a href="#[d3]">&gt;&gt;</a>&nbsp;&nbsp;&nbsp;App_Cargo_SetPending
<LI><a href="#[11f]">&gt;&gt;</a>&nbsp;&nbsp;&nbsp;build_page_body
</UL>

<P><STRONG><a name="[1aa]"></a>App_Cargo_PendingName</STRONG> (Thumb, 4 bytes, Stack size 0 bytes, cargo_manager.o(i.App_Cargo_PendingName))
<BR><BR>[Called By]<UL><LI><a href="#[1ae]">&gt;&gt;</a>&nbsp;&nbsp;&nbsp;cargo_has_pending
<LI><a href="#[11f]">&gt;&gt;</a>&nbsp;&nbsp;&nbsp;build_page_body
</UL>

<P><STRONG><a name="[1a9]"></a>App_Cargo_PendingQuantity</STRONG> (Thumb, 6 bytes, Stack size 0 bytes, cargo_manager.o(i.App_Cargo_PendingQuantity))
<BR><BR>[Called By]<UL><LI><a href="#[1ae]">&gt;&gt;</a>&nbsp;&nbsp;&nbsp;cargo_has_pending
<LI><a href="#[11f]">&gt;&gt;</a>&nbsp;&nbsp;&nbsp;build_page_body
</UL>

<P><STRONG><a name="[d0]"></a>App_Cargo_Reset</STRONG> (Thumb, 94 bytes, Stack size 8 bytes, cargo_manager.o(i.App_Cargo_Reset))
<BR><BR>[Stack]<UL><LI>Max Depth = 32<LI>Call Chain = App_Cargo_Reset &rArr; set_item &rArr; strncpy
</UL>
<BR>[Calls]<UL><LI><a href="#[cb]">&gt;&gt;</a>&nbsp;&nbsp;&nbsp;set_item
<LI><a href="#[cd]">&gt;&gt;</a>&nbsp;&nbsp;&nbsp;clear_pending
<LI><a href="#[8b]">&gt;&gt;</a>&nbsp;&nbsp;&nbsp;strncpy
<LI><a href="#[66]">&gt;&gt;</a>&nbsp;&nbsp;&nbsp;__aeabi_memclr
</UL>
<BR>[Called By]<UL><LI><a href="#[d4]">&gt;&gt;</a>&nbsp;&nbsp;&nbsp;App_Cmd_ProcessLine
<LI><a href="#[cf]">&gt;&gt;</a>&nbsp;&nbsp;&nbsp;App_Cargo_Init
</UL>

<P><STRONG><a name="[d1]"></a>App_Cargo_SelectMode</STRONG> (Thumb, 54 bytes, Stack size 16 bytes, cargo_manager.o(i.App_Cargo_SelectMode))
<BR><BR>[Stack]<UL><LI>Max Depth = 48<LI>Call Chain = App_Cargo_SelectMode &rArr; __2snprintf
</UL>
<BR>[Calls]<UL><LI><a href="#[d2]">&gt;&gt;</a>&nbsp;&nbsp;&nbsp;App_Cargo_ModeName
<LI><a href="#[cc]">&gt;&gt;</a>&nbsp;&nbsp;&nbsp;__2snprintf
</UL>
<BR>[Called By]<UL><LI><a href="#[11c]">&gt;&gt;</a>&nbsp;&nbsp;&nbsp;handle_action
</UL>

<P><STRONG><a name="[d3]"></a>App_Cargo_SetPending</STRONG> (Thumb, 100 bytes, Stack size 32 bytes, cargo_manager.o(i.App_Cargo_SetPending))
<BR><BR>[Stack]<UL><LI>Max Depth = 64<LI>Call Chain = App_Cargo_SetPending &rArr; __2snprintf
</UL>
<BR>[Calls]<UL><LI><a href="#[d2]">&gt;&gt;</a>&nbsp;&nbsp;&nbsp;App_Cargo_ModeName
<LI><a href="#[cc]">&gt;&gt;</a>&nbsp;&nbsp;&nbsp;__2snprintf
<LI><a href="#[8b]">&gt;&gt;</a>&nbsp;&nbsp;&nbsp;strncpy
</UL>
<BR>[Called By]<UL><LI><a href="#[d4]">&gt;&gt;</a>&nbsp;&nbsp;&nbsp;App_Cmd_ProcessLine
</UL>

<P><STRONG><a name="[1ac]"></a>App_Cargo_StatusText</STRONG> (Thumb, 4 bytes, Stack size 0 bytes, cargo_manager.o(i.App_Cargo_StatusText))
<BR><BR>[Called By]<UL><LI><a href="#[11f]">&gt;&gt;</a>&nbsp;&nbsp;&nbsp;build_page_body
</UL>

<P><STRONG><a name="[d4]"></a>App_Cmd_ProcessLine</STRONG> (Thumb, 2142 bytes, Stack size 264 bytes, command_parser.o(i.App_Cmd_ProcessLine))
<BR><BR>[Stack]<UL><LI>Max Depth = 752<LI>Call Chain = App_Cmd_ProcessLine &rArr; App_GPS_FeedNmea &rArr; parse_coord_e7 &rArr; __hardfp_atof &rArr; __strtod_int &rArr; _local_sscanf &rArr; _scanf_real
</UL>
<BR>[Calls]<UL><LI><a href="#[b6]">&gt;&gt;</a>&nbsp;&nbsp;&nbsp;UART_SendString
<LI><a href="#[d8]">&gt;&gt;</a>&nbsp;&nbsp;&nbsp;App_UI_SetPage
<LI><a href="#[bf]">&gt;&gt;</a>&nbsp;&nbsp;&nbsp;App_Log_Add
<LI><a href="#[d9]">&gt;&gt;</a>&nbsp;&nbsp;&nbsp;Adapter_Auth_IsLoggedIn
<LI><a href="#[e5]">&gt;&gt;</a>&nbsp;&nbsp;&nbsp;Adapter_Auth_IsAdmin
<LI><a href="#[de]">&gt;&gt;</a>&nbsp;&nbsp;&nbsp;App_Scene_Stop
<LI><a href="#[e0]">&gt;&gt;</a>&nbsp;&nbsp;&nbsp;App_Scene_Start
<LI><a href="#[e4]">&gt;&gt;</a>&nbsp;&nbsp;&nbsp;App_Log_Export
<LI><a href="#[e2]">&gt;&gt;</a>&nbsp;&nbsp;&nbsp;App_GPS_SetReplay
<LI><a href="#[e1]">&gt;&gt;</a>&nbsp;&nbsp;&nbsp;App_GPS_SetLost
<LI><a href="#[e3]">&gt;&gt;</a>&nbsp;&nbsp;&nbsp;App_GPS_FeedNmea
<LI><a href="#[d3]">&gt;&gt;</a>&nbsp;&nbsp;&nbsp;App_Cargo_SetPending
<LI><a href="#[d0]">&gt;&gt;</a>&nbsp;&nbsp;&nbsp;App_Cargo_Reset
<LI><a href="#[ce]">&gt;&gt;</a>&nbsp;&nbsp;&nbsp;App_Cargo_FormatList
<LI><a href="#[c7]">&gt;&gt;</a>&nbsp;&nbsp;&nbsp;App_Alarm_ResetByAdmin
<LI><a href="#[8f]">&gt;&gt;</a>&nbsp;&nbsp;&nbsp;Adapter_Auth_Verify
<LI><a href="#[91]">&gt;&gt;</a>&nbsp;&nbsp;&nbsp;Adapter_Auth_Register
<LI><a href="#[90]">&gt;&gt;</a>&nbsp;&nbsp;&nbsp;Adapter_Auth_Logout
<LI><a href="#[8e]">&gt;&gt;</a>&nbsp;&nbsp;&nbsp;Adapter_Auth_Login
<LI><a href="#[8a]">&gt;&gt;</a>&nbsp;&nbsp;&nbsp;Adapter_Auth_ClearRegistration
<LI><a href="#[d6]">&gt;&gt;</a>&nbsp;&nbsp;&nbsp;reply
<LI><a href="#[d7]">&gt;&gt;</a>&nbsp;&nbsp;&nbsp;process_backup_password
<LI><a href="#[da]">&gt;&gt;</a>&nbsp;&nbsp;&nbsp;parse_source
<LI><a href="#[df]">&gt;&gt;</a>&nbsp;&nbsp;&nbsp;parse_scene
<LI><a href="#[dd]">&gt;&gt;</a>&nbsp;&nbsp;&nbsp;App_Gas_StartUartRamp
<LI><a href="#[dc]">&gt;&gt;</a>&nbsp;&nbsp;&nbsp;App_Gas_SetUartValue
<LI><a href="#[db]">&gt;&gt;</a>&nbsp;&nbsp;&nbsp;App_Gas_SetSource
<LI><a href="#[e6]">&gt;&gt;</a>&nbsp;&nbsp;&nbsp;Adapter_Touch_Inject
<LI><a href="#[69]">&gt;&gt;</a>&nbsp;&nbsp;&nbsp;__0sscanf
<LI><a href="#[d5]">&gt;&gt;</a>&nbsp;&nbsp;&nbsp;strcmp
<LI><a href="#[a5]">&gt;&gt;</a>&nbsp;&nbsp;&nbsp;__aeabi_memclr4
</UL>
<BR>[Called By]<UL><LI><a href="#[10d]">&gt;&gt;</a>&nbsp;&nbsp;&nbsp;App_Run
</UL>

<P><STRONG><a name="[e3]"></a>App_GPS_FeedNmea</STRONG> (Thumb, 142 bytes, Stack size 200 bytes, gps.o(i.App_GPS_FeedNmea))
<BR><BR>[Stack]<UL><LI>Max Depth = 488<LI>Call Chain = App_GPS_FeedNmea &rArr; parse_coord_e7 &rArr; __hardfp_atof &rArr; __strtod_int &rArr; _local_sscanf &rArr; _scanf_real
</UL>
<BR>[Calls]<UL><LI><a href="#[e8]">&gt;&gt;</a>&nbsp;&nbsp;&nbsp;parse_coord_e7
<LI><a href="#[e7]">&gt;&gt;</a>&nbsp;&nbsp;&nbsp;strtok
<LI><a href="#[8b]">&gt;&gt;</a>&nbsp;&nbsp;&nbsp;strncpy
<LI><a href="#[aa]">&gt;&gt;</a>&nbsp;&nbsp;&nbsp;strstr
</UL>
<BR>[Called By]<UL><LI><a href="#[d4]">&gt;&gt;</a>&nbsp;&nbsp;&nbsp;App_Cmd_ProcessLine
</UL>

<P><STRONG><a name="[1d8]"></a>App_GPS_GetFix</STRONG> (Thumb, 4 bytes, Stack size 0 bytes, gps.o(i.App_GPS_GetFix))
<BR><BR>[Called By]<UL><LI><a href="#[1d2]">&gt;&gt;</a>&nbsp;&nbsp;&nbsp;update_snapshot
</UL>

<P><STRONG><a name="[fe]"></a>App_GPS_Init</STRONG> (Thumb, 44 bytes, Stack size 0 bytes, gps.o(i.App_GPS_Init))
<BR><BR>[Called By]<UL><LI><a href="#[f2]">&gt;&gt;</a>&nbsp;&nbsp;&nbsp;App_Init
</UL>

<P><STRONG><a name="[e1]"></a>App_GPS_SetLost</STRONG> (Thumb, 22 bytes, Stack size 0 bytes, gps.o(i.App_GPS_SetLost))
<BR><BR>[Called By]<UL><LI><a href="#[d4]">&gt;&gt;</a>&nbsp;&nbsp;&nbsp;App_Cmd_ProcessLine
<LI><a href="#[de]">&gt;&gt;</a>&nbsp;&nbsp;&nbsp;App_Scene_Stop
<LI><a href="#[e0]">&gt;&gt;</a>&nbsp;&nbsp;&nbsp;App_Scene_Start
</UL>

[...]
</UL>
<BR>[Calls]<UL><LI><a href="#[b6]">&gt;&gt;</a>&nbsp;&nbsp;&nbsp;UART_SendString
<LI><a href="#[183]">&gt;&gt;</a>&nbsp;&nbsp;&nbsp;NFC_ReadCard
<LI><a href="#[d5]">&gt;&gt;</a>&nbsp;&nbsp;&nbsp;strcmp
</UL>
<BR>[Called By]<UL><LI><a href="#[8f]">&gt;&gt;</a>&nbsp;&nbsp;&nbsp;Adapter_Auth_Verify
</UL>

<P><STRONG><a name="[e8]"></a>parse_coord_e7</STRONG> (Thumb, 150 bytes, Stack size 64 bytes, gps.o(i.parse_coord_e7))
<BR><BR>[Stack]<UL><LI>Max Depth = 288<LI>Call Chain = parse_coord_e7 &rArr; __hardfp_atof &rArr; __strtod_int &rArr; _local_sscanf &rArr; _scanf_real
</UL>
<BR>[Calls]<UL><LI><a href="#[76]">&gt;&gt;</a>&nbsp;&nbsp;&nbsp;__aeabi_i2d
<LI><a href="#[74]">&gt;&gt;</a>&nbsp;&nbsp;&nbsp;__aeabi_dmul
<LI><a href="#[6d]">&gt;&gt;</a>&nbsp;&nbsp;&nbsp;__aeabi_dadd
<LI><a href="#[77]">&gt;&gt;</a>&nbsp;&nbsp;&nbsp;__aeabi_d2iz
<LI><a href="#[196]">&gt;&gt;</a>&nbsp;&nbsp;&nbsp;__hardfp_atof
<LI><a href="#[73]">&gt;&gt;</a>&nbsp;&nbsp;&nbsp;__aeabi_drsub
<LI><a href="#[75]">&gt;&gt;</a>&nbsp;&nbsp;&nbsp;__aeabi_ddiv
</UL>
<BR>[Called By]<UL><LI><a href="#[e3]">&gt;&gt;</a>&nbsp;&nbsp;&nbsp;App_GPS_FeedNmea
</UL>

<P><STRONG><a name="[1cd]"></a>pn532_check_rx</STRONG> (Thumb, 90 bytes, Stack size 8 bytes, nfc.o(i.pn532_check_rx))
<BR><BR>[Stack]<UL><LI>Max Depth = 8<LI>Call Chain = pn532_check_rx
</UL>
<BR>[Called By]<UL><LI><a href="#[1ce]">&gt;&gt;</a>&nbsp;&nbsp;&nbsp;pn532_sam_config
<LI><a href="#[184]">&gt;&gt;</a>&nbsp;&nbsp;&nbsp;pn532_find_card_once
</UL>

<P><STRONG><a name="[1cb]"></a>pn532_checksum</STRONG> (Thumb, 32 bytes, Stack size 0 bytes, nfc.o(i.pn532_checksum))
<BR><BR>[Called By]<UL><LI><a href="#[1ce]">&gt;&gt;</a>&nbsp;&nbsp;&nbsp;pn532_sam_config
<LI><a href="#[184]">&gt;&gt;</a>&nbsp;&nbsp;&nbsp;pn532_find_card_once
</UL>

<P><STRONG><a name="[1ca]"></a>pn532_clear_rx</STRONG> (Thumb, 20 bytes, Stack size 8 bytes, nfc.o(i.pn532_clear_rx))
<BR><BR>[Stack]<UL><LI>Max Depth = 8<LI>Call Chain = pn532_clear_rx
</UL>
<BR>[Calls]<UL><LI><a href="#[66]">&gt;&gt;</a>&nbsp;&nbsp;&nbsp;__aeabi_memclr
</UL>
<BR>[Called By]<UL><LI><a href="#[1ce]">&gt;&gt;</a>&nbsp;&nbsp;&nbsp;pn532_sam_config
<LI><a href="#[184]">&gt;&gt;</a>&nbsp;&nbsp;&nbsp;pn532_find_card_once
</UL>

<P><STRONG><a name="[184]"></a>pn532_find_card_once</STRONG> (Thumb, 164 bytes, Stack size 24 bytes, nfc.o(i.pn532_find_card_once))
<BR><BR>[Stack]<UL><LI>Max Depth = 40<LI>Call Chain = pn532_find_card_once &rArr; pn532_send_data
</UL>
<BR>[Calls]<UL><LI><a href="#[17b]">&gt;&gt;</a>&nbsp;&nbsp;&nbsp;delay_ms
<LI><a href="#[1cc]">&gt;&gt;</a>&nbsp;&nbsp;&nbsp;pn532_send_data
<LI><a href="#[1ca]">&gt;&gt;</a>&nbsp;&nbsp;&nbsp;pn532_clear_rx
<LI><a href="#[1cb]">&gt;&gt;</a>&nbsp;&nbsp;&nbsp;pn532_checksum
<LI><a href="#[1cd]">&gt;&gt;</a>&nbsp;&nbsp;&nbsp;pn532_check_rx
</UL>
<BR>[Called By]<UL><LI><a href="#[183]">&gt;&gt;</a>&nbsp;&nbsp;&nbsp;NFC_ReadCard
</UL>

<P><STRONG><a name="[1ce]"></a>pn532_sam_config</STRONG> (Thumb, 114 bytes, Stack size 24 bytes, nfc.o(i.pn532_sam_config))
<BR><BR>[Stack]<UL><LI>Max Depth = 40<LI>Call Chain = pn532_sam_config &rArr; pn532_send_data
</UL>
<BR>[Calls]<UL><LI><a href="#[17b]">&gt;&gt;</a>&nbsp;&nbsp;&nbsp;delay_ms
<LI><a href="#[1cc]">&gt;&gt;</a>&nbsp;&nbsp;&nbsp;pn532_send_data
<LI><a href="#[1ca]">&gt;&gt;</a>&nbsp;&nbsp;&nbsp;pn532_clear_rx
<LI><a href="#[1cb]">&gt;&gt;</a>&nbsp;&nbsp;&nbsp;pn532_checksum
<LI><a href="#[1cd]">&gt;&gt;</a>&nbsp;&nbsp;&nbsp;pn532_check_rx
</UL>
<BR>[Called By]<UL><LI><a href="#[182]">&gt;&gt;</a>&nbsp;&nbsp;&nbsp;pn532_wakeup
</UL>

<P><STRONG><a name="[1cc]"></a>pn532_send_data</STRONG> (Thumb, 42 bytes, Stack size 16 bytes, nfc.o(i.pn532_send_data))
<BR><BR>[Stack]<UL><LI>Max Depth = 16<LI>Call Chain = pn532_send_data
</UL>
<BR>[Calls]<UL><LI><a href="#[18f]">&gt;&gt;</a>&nbsp;&nbsp;&nbsp;USART_SendData
<LI><a href="#[190]">&gt;&gt;</a>&nbsp;&nbsp;&nbsp;USART_GetFlagStatus
</UL>
<BR>[Called By]<UL><LI><a href="#[182]">&gt;&gt;</a>&nbsp;&nbsp;&nbsp;pn532_wakeup
<LI><a href="#[1ce]">&gt;&gt;</a>&nbsp;&nbsp;&nbsp;pn532_sam_config
<LI><a href="#[184]">&gt;&gt;</a>&nbsp;&nbsp;&nbsp;pn532_find_card_once
</UL>

<P><STRONG><a name="[181]"></a>pn532_usart1_init</STRONG> (Thumb, 170 bytes, Stack size 40 bytes, nfc.o(i.pn532_usart1_init))
<BR><BR>[Stack]<UL><LI>Max Depth = 108<LI>Call Chain = pn532_usart1_init &rArr; USART_Init &rArr; RCC_GetClocksFreq
</UL>
<BR>[Calls]<UL><LI><a href="#[13e]">&gt;&gt;</a>&nbsp;&nbsp;&nbsp;NVIC_Init
<LI><a href="#[138]">&gt;&gt;</a>&nbsp;&nbsp;&nbsp;GPIO_PinAFConfig
<LI><a href="#[125]">&gt;&gt;</a>&nbsp;&nbsp;&nbsp;GPIO_Init
<LI><a href="#[123]">&gt;&gt;</a>&nbsp;&nbsp;&nbsp;RCC_APB2PeriphClockCmd
<LI><a href="#[122]">&gt;&gt;</a>&nbsp;&nbsp;&nbsp;RCC_AHB1PeriphClockCmd
<LI><a href="#[18b]">&gt;&gt;</a>&nbsp;&nbsp;&nbsp;USART_Init
<LI><a href="#[18c]">&gt;&gt;</a>&nbsp;&nbsp;&nbsp;USART_ITConfig
<LI><a href="#[191]">&gt;&gt;</a>&nbsp;&nbsp;&nbsp;USART_DeInit
<LI><a href="#[18d]">&gt;&gt;</a>&nbsp;&nbsp;&nbsp;USART_Cmd
</UL>
<BR>[Called By]<UL><LI><a href="#[8d]">&gt;&gt;</a>&nbsp;&nbsp;&nbsp;NFC_Init
</UL>

<P><STRONG><a name="[182]"></a>pn532_wakeup</STRONG> (Thumb, 68 bytes, Stack size 24 bytes, nfc.o(i.pn532_wakeup))
<BR><BR>[Stack]<UL><LI>Max Depth = 64<LI>Call Chain = pn532_wakeup &rArr; pn532_sam_config &rArr; pn532_send_data
</UL>
<BR>[Calls]<UL><LI><a href="#[17b]">&gt;&gt;</a>&nbsp;&nbsp;&nbsp;delay_ms
<LI><a href="#[1cc]">&gt;&gt;</a>&nbsp;&nbsp;&nbsp;pn532_send_data
<LI><a href="#[1ce]">&gt;&gt;</a>&nbsp;&nbsp;&nbsp;pn532_sam_config
</UL>
<BR>[Called By]<UL><LI><a href="#[8d]">&gt;&gt;</a>&nbsp;&nbsp;&nbsp;NFC_Init
</UL>

<P><STRONG><a name="[bc]"></a>evaluate_gas_level</STRONG> (Thumb, 182 bytes, Stack size 8 bytes, alarm.o(i.evaluate_gas_level))
<BR><BR>[Stack]<UL><LI>Max Depth = 8<LI>Call Chain = evaluate_gas_level
</UL>
<BR>[Called By]<UL><LI><a href="#[bb]">&gt;&gt;</a>&nbsp;&nbsp;&nbsp;App_Alarm_Evaluate
</UL>

<P><STRONG><a name="[156]"></a>led_pin</STRONG> (Thumb, 20 bytes, Stack size 0 bytes, gpio_control.o(i.led_pin))
<BR><BR>[Called By]<UL><LI><a href="#[c0]">&gt;&gt;</a>&nbsp;&nbsp;&nbsp;Board_LED_Set
<LI><a href="#[158]">&gt;&gt;</a>&nbsp;&nbsp;&nbsp;Board_LED_Toggle
</UL>

<P><STRONG><a name="[157]"></a>led_port</STRONG> (Thumb, 6 bytes, Stack size 0 bytes, gpio_control.o(i.led_port))
<BR><BR>[Called By]<UL><LI><a href="#[c0]">&gt;&gt;</a>&nbsp;&nbsp;&nbsp;Board_LED_Set
<LI><a href="#[158]">&gt;&gt;</a>&nbsp;&nbsp;&nbsp;Board_LED_Toggle
</UL>

<P><STRONG><a name="[1d6]"></a>action_name</STRONG> (Thumb, 288 bytes, Stack size 0 bytes, ui_main.o(i.action_name))
<BR><BR>[Called By]<UL><LI><a href="#[11b]">&gt;&gt;</a>&nbsp;&nbsp;&nbsp;ui_log_action
</UL>

<P><STRONG><a name="[19b]"></a>adjust_threshold</STRONG> (Thumb, 94 bytes, Stack size 32 bytes, ui_main.o(i.adjust_threshold))
<BR><BR>[Stack]<UL><LI>Max Depth = 32<LI>Call Chain = adjust_threshold
</UL>
<BR>[Calls]<UL><LI><a href="#[ff]">&gt;&gt;</a>&nbsp;&nbsp;&nbsp;App_Alarm_SetThresholds
<LI><a href="#[19c]">&gt;&gt;</a>&nbsp;&nbsp;&nbsp;App_Alarm_GetThresholds
</UL>
<BR>[Called By]<UL><LI><a href="#[11c]">&gt;&gt;</a>&nbsp;&nbsp;&nbsp;handle_action
</UL>

<P><STRONG><a name="[19d]"></a>append_latest_logs</STRONG> (Thumb, 134 bytes, Stack size 128 bytes, ui_main.o(i.append_latest_logs))
<BR><BR>[Stack]<UL><LI>Max Depth = 160<LI>Call Chain = append_latest_logs &rArr; App_Log_Read &rArr; Adapter_Flash_Read
</UL>
<BR>[Calls]<UL><LI><a href="#[108]">&gt;&gt;</a>&nbsp;&nbsp;&nbsp;App_Log_TypeName
<LI><a href="#[10a]">&gt;&gt;</a>&nbsp;&nbsp;&nbsp;App_Log_Read
<LI><a href="#[106]">&gt;&gt;</a>&nbsp;&nbsp;&nbsp;App_Log_Count
<LI><a href="#[19e]">&gt;&gt;</a>&nbsp;&nbsp;&nbsp;clamp_log_start
<LI><a href="#[cc]">&gt;&gt;</a>&nbsp;&nbsp;&nbsp;__2snprintf
</UL>
<BR>[Called By]<UL><LI><a href="#[11f]">&gt;&gt;</a>&nbsp;&nbsp;&nbsp;build_page_body
</UL>

<P><STRONG><a name="[1c8]"></a>array_count_u8</STRONG> (Thumb, 10 bytes, Stack size 0 bytes, ui_main.o(i.array_count_u8))
<BR><BR>[Called By]<UL><LI><a href="#[120]">&gt;&gt;</a>&nbsp;&nbsp;&nbsp;page_buttons
</UL>

<P><STRONG><a name="[11f]"></a>build_page_body</STRONG> (Thumb, 536 bytes, Stack size 176 bytes, ui_main.o(i.build_page_body))
<BR><BR>[Stack]<UL><LI>Max Depth = 336<LI>Call Chain = build_page_body &rArr; append_latest_logs &rArr; App_Log_Read &rArr; Adapter_Flash_Read
</UL>
<BR>[Calls]<UL><LI><a href="#[1a7]">&gt;&gt;</a>&nbsp;&nbsp;&nbsp;Board_CAN_StatusName
<LI><a href="#[115]">&gt;&gt;</a>&nbsp;&nbsp;&nbsp;App_Scene_Name
<LI><a href="#[1a6]">&gt;&gt;</a>&nbsp;&nbsp;&nbsp;App_Gas_SourceName
<LI><a href="#[1a8]">&gt;&gt;</a>&nbsp;&nbsp;&nbsp;App_GPS_StatusName
<LI><a href="#[be]">&gt;&gt;</a>&nbsp;&nbsp;&nbsp;App_Alarm_Name
<LI><a href="#[1ad]">&gt;&gt;</a>&nbsp;&nbsp;&nbsp;App_Alarm_IsMuted
<LI><a href="#[1ac]">&gt;&gt;</a>&nbsp;&nbsp;&nbsp;App_Cargo_StatusText
<LI><a href="#[d2]">&gt;&gt;</a>&nbsp;&nbsp;&nbsp;App_Cargo_ModeName
<LI><a href="#[1a9]">&gt;&gt;</a>&nbsp;&nbsp;&nbsp;App_Cargo_PendingQuantity
<LI><a href="#[1aa]">&gt;&gt;</a>&nbsp;&nbsp;&nbsp;App_Cargo_PendingName
<LI><a href="#[1ab]">&gt;&gt;</a>&nbsp;&nbsp;&nbsp;App_Cargo_Mode
<LI><a href="#[ce]">&gt;&gt;</a>&nbsp;&nbsp;&nbsp;App_Cargo_FormatList
<LI><a href="#[19d]">&gt;&gt;</a>&nbsp;&nbsp;&nbsp;append_latest_logs
<LI><a href="#[19c]">&gt;&gt;</a>&nbsp;&nbsp;&nbsp;App_Alarm_GetThresholds
<LI><a href="#[1a5]">&gt;&gt;</a>&nbsp;&nbsp;&nbsp;Adapter_Auth_StatusText
<LI><a href="#[1a2]">&gt;&gt;</a>&nbsp;&nbsp;&nbsp;Adapter_Auth_IsNfcVerified
<LI><a href="#[1a3]">&gt;&gt;</a>&nbsp;&nbsp;&nbsp;Adapter_Auth_IsNfcRegistered
<LI><a href="#[19f]">&gt;&gt;</a>&nbsp;&nbsp;&nbsp;Adapter_Auth_IsFingerVerified
<LI><a href="#[1a0]">&gt;&gt;</a>&nbsp;&nbsp;&nbsp;Adapter_Auth_IsFingerRegistered
<LI><a href="#[1a1]">&gt;&gt;</a>&nbsp;&nbsp;&nbsp;Adapter_Auth_FingerId
<LI><a href="#[1a4]">&gt;&gt;</a>&nbsp;&nbsp;&nbsp;Adapter_Auth_CardId
<LI><a href="#[cc]">&gt;&gt;</a>&nbsp;&nbsp;&nbsp;__2snprintf
</UL>
<BR>[Called By]<UL><LI><a href="#[114]">&gt;&gt;</a>&nbsp;&nbsp;&nbsp;App_UI_Render
</UL>

<P><STRONG><a name="[19e]"></a>clamp_log_start</STRONG> (Thumb, 40 bytes, Stack size 8 bytes, ui_main.o(i.clamp_log_start))
<BR><BR>[Stack]<UL><LI>Max Depth = 16<LI>Call Chain = clamp_log_start &rArr; App_Log_Count
</UL>
<BR>[Calls]<UL><LI><a href="#[106]">&gt;&gt;</a>&nbsp;&nbsp;&nbsp;App_Log_Count
</UL>
<BR>[Called By]<UL><LI><a href="#[11c]">&gt;&gt;</a>&nbsp;&nbsp;&nbsp;handle_action
<LI><a href="#[19d]">&gt;&gt;</a>&nbsp;&nbsp;&nbsp;append_latest_logs
</UL>

<P><STRONG><a name="[1af]"></a>confirm_cargo_with</STRONG> (Thumb, 28 bytes, Stack size 16 bytes, ui_main.o(i.confirm_cargo_with))
<BR><BR>[Stack]<UL><LI>Max Depth = 244<LI>Call Chain = confirm_cargo_with &rArr; Adapter_Auth_Verify &rArr; verify_finger &rArr; fpr_verify_real &rArr; fpr_ensure_ready &rArr; fpr_usart1_init &rArr; USART_Init &rArr; RCC_GetClocksFreq
</UL>
<BR>[Calls]<UL><LI><a href="#[c8]">&gt;&gt;</a>&nbsp;&nbsp;&nbsp;App_Cargo_Confirm
<LI><a href="#[8f]">&gt;&gt;</a>&nbsp;&nbsp;&nbsp;Adapter_Auth_Verify
</UL>
<BR>[Called By]<UL><LI><a href="#[11c]">&gt;&gt;</a>&nbsp;&nbsp;&nbsp;handle_action
</UL>

<P><STRONG><a name="[121]"></a>copy_lcd_buttons</STRONG> (Thumb, 54 bytes, Stack size 20 bytes, ui_main.o(i.copy_lcd_buttons))
<BR><BR>[Stack]<UL><LI>Max Depth = 20<LI>Call Chain = copy_lcd_buttons
</UL>
<BR>[Called By]<UL><LI><a href="#[114]">&gt;&gt;</a>&nbsp;&nbsp;&nbsp;App_UI_Render
</UL>

<P><STRONG><a name="[11c]"></a>handle_action</STRONG> (Thumb, 646 bytes, Stack size 8 bytes, ui_main.o(i.handle_action))
<BR><BR>[Stack]<UL><LI>Max Depth = 252<LI>Call Chain = handle_action &rArr; confirm_cargo_with &rArr; Adapter_Auth_Verify &rArr; verify_finger &rArr; fpr_verify_real &rArr; fpr_ensure_ready &rArr; fpr_usart1_init &rArr; USART_Init &rArr; RCC_GetClocksFreq
</UL>
<BR>[Calls]<UL><LI><a href="#[bf]">&gt;&gt;</a>&nbsp;&nbsp;&nbsp;App_Log_Add
<LI><a href="#[e5]">&gt;&gt;</a>&nbsp;&nbsp;&nbsp;Adapter_Auth_IsAdmin
<LI><a href="#[d1]">&gt;&gt;</a>&nbsp;&nbsp;&nbsp;App_Cargo_SelectMode
<LI><a href="#[105]">&gt;&gt;</a>&nbsp;&nbsp;&nbsp;App_Log_Clear
<LI><a href="#[de]">&gt;&gt;</a>&nbsp;&nbsp;&nbsp;App_Scene_Stop
<LI><a href="#[e0]">&gt;&gt;</a>&nbsp;&nbsp;&nbsp;App_Scene_Start
<LI><a href="#[e4]">&gt;&gt;</a>&nbsp;&nbsp;&nbsp;App_Log_Export
<LI><a href="#[c7]">&gt;&gt;</a>&nbsp;&nbsp;&nbsp;App_Alarm_ResetByAdmin
<LI><a href="#[8f]">&gt;&gt;</a>&nbsp;&nbsp;&nbsp;Adapter_Auth_Verify
<LI><a href="#[91]">&gt;&gt;</a>&nbsp;&nbsp;&nbsp;Adapter_Auth_Register
<LI><a href="#[8a]">&gt;&gt;</a>&nbsp;&nbsp;&nbsp;Adapter_Auth_ClearRegistration
<LI><a href="#[db]">&gt;&gt;</a>&nbsp;&nbsp;&nbsp;App_Gas_SetSource
<LI><a href="#[ea]">&gt;&gt;</a>&nbsp;&nbsp;&nbsp;Board_DAC_SetGasValue
<LI><a href="#[1c7]">&gt;&gt;</a>&nbsp;&nbsp;&nbsp;ui_short_beep
<LI><a href="#[1c6]">&gt;&gt;</a>&nbsp;&nbsp;&nbsp;ui_print_cargo_list
<LI><a href="#[1c5]">&gt;&gt;</a>&nbsp;&nbsp;&nbsp;save_thresholds
<LI><a href="#[1c4]">&gt;&gt;</a>&nbsp;&nbsp;&nbsp;handle_page_action
<LI><a href="#[1af]">&gt;&gt;</a>&nbsp;&nbsp;&nbsp;confirm_cargo_with
<LI><a href="#[19e]">&gt;&gt;</a>&nbsp;&nbsp;&nbsp;clamp_log_start
<LI><a href="#[19b]">&gt;&gt;</a>&nbsp;&nbsp;&nbsp;adjust_threshold
<LI><a href="#[158]">&gt;&gt;</a>&nbsp;&nbsp;&nbsp;Board_LED_Toggle
<LI><a href="#[c2]">&gt;&gt;</a>&nbsp;&nbsp;&nbsp;Board_PWM_SetFanPercent
<LI><a href="#[c5]">&gt;&gt;</a>&nbsp;&nbsp;&nbsp;App_Alarm_ResetThresholds
</UL>
<BR>[Called By]<UL><LI><a href="#[10f]">&gt;&gt;</a>&nbsp;&nbsp;&nbsp;App_UI_HandleTouch
</UL>

<P><STRONG><a name="[1c4]"></a>handle_page_action</STRONG> (Thumb, 116 bytes, Stack size 8 bytes, ui_main.o(i.handle_page_action))
<BR><BR>[Stack]<UL><LI>Max Depth = 16<LI>Call Chain = handle_page_action &rArr; App_UI_SetPage
</UL>
<BR>[Calls]<UL><LI><a href="#[d8]">&gt;&gt;</a>&nbsp;&nbsp;&nbsp;App_UI_SetPage
</UL>
<BR>[Called By]<UL><LI><a href="#[11c]">&gt;&gt;</a>&nbsp;&nbsp;&nbsp;handle_action
</UL>

<P><STRONG><a name="[11d]"></a>hit_action</STRONG> (Thumb, 94 bytes, Stack size 24 bytes, ui_main.o(i.hit_action))
<BR><BR>[Stack]<UL><LI>Max Depth = 40<LI>Call Chain = hit_action &rArr; page_buttons
</UL>
<BR>[Calls]<UL><LI><a href="#[120]">&gt;&gt;</a>&nbsp;&nbsp;&nbsp;page_buttons
</UL>
<BR>[Called By]<UL><LI><a href="#[10f]">&gt;&gt;</a>&nbsp;&nbsp;&nbsp;App_UI_HandleTouch
</UL>

<P><STRONG><a name="[120]"></a>page_buttons</STRONG> (Thumb, 176 bytes, Stack size 16 bytes, ui_main.o(i.page_buttons))
<BR><BR>[Stack]<UL><LI>Max Depth = 16<LI>Call Chain = page_buttons
</UL>
<BR>[Calls]<UL><LI><a href="#[1c8]">&gt;&gt;</a>&nbsp;&nbsp;&nbsp;array_count_u8
</UL>
<BR>[Called By]<UL><LI><a href="#[114]">&gt;&gt;</a>&nbsp;&nbsp;&nbsp;App_UI_Render
<LI><a href="#[11d]">&gt;&gt;</a>&nbsp;&nbsp;&nbsp;hit_action
</UL>

<P><STRONG><a name="[11e]"></a>page_name</STRONG> (Thumb, 70 bytes, Stack size 0 bytes, ui_main.o(i.page_name))
<BR><BR>[Called By]<UL><LI><a href="#[114]">&gt;&gt;</a>&nbsp;&nbsp;&nbsp;App_UI_Render
<LI><a href="#[11a]">&gt;&gt;</a>&nbsp;&nbsp;&nbsp;ui_log_touch
</UL>

<P><STRONG><a name="[1c5]"></a>save_thresholds</STRONG> (Thumb, 80 bytes, Stack size 32 bytes, ui_main.o(i.save_thresholds))
<BR><BR>[Stack]<UL><LI>Max Depth = 80<LI>Call Chain = save_thresholds &rArr; App_Log_Add &rArr; Board_RTC_GetUnixLike &rArr; RTC_GetTime
</UL>
<BR>[Calls]<UL><LI><a href="#[bf]">&gt;&gt;</a>&nbsp;&nbsp;&nbsp;App_Log_Add
<LI><a href="#[a2]">&gt;&gt;</a>&nbsp;&nbsp;&nbsp;Adapter_EEPROM_Save
<LI><a href="#[a1]">&gt;&gt;</a>&nbsp;&nbsp;&nbsp;Adapter_EEPROM_Load
<LI><a href="#[a0]">&gt;&gt;</a>&nbsp;&nbsp;&nbsp;Adapter_EEPROM_Crc
<LI><a href="#[19c]">&gt;&gt;</a>&nbsp;&nbsp;&nbsp;App_Alarm_GetThresholds
</UL>
<BR>[Called By]<UL><LI><a href="#[11c]">&gt;&gt;</a>&nbsp;&nbsp;&nbsp;handle_action
</UL>

<P><STRONG><a name="[11b]"></a>ui_log_action</STRONG> (Thumb, 48 bytes, Stack size 16 bytes, ui_main.o(i.ui_log_action))
<BR><BR>[Stack]<UL><LI>Max Depth = 48<LI>Call Chain = ui_log_action &rArr; UART_SendString &rArr; UART_SendByte
</UL>
<BR>[Calls]<UL><LI><a href="#[b6]">&gt;&gt;</a>&nbsp;&nbsp;&nbsp;UART_SendString
<LI><a href="#[1d6]">&gt;&gt;</a>&nbsp;&nbsp;&nbsp;action_name
</UL>
<BR>[Called By]<UL><LI><a href="#[10f]">&gt;&gt;</a>&nbsp;&nbsp;&nbsp;App_UI_HandleTouch
</UL>

<P><STRONG><a name="[11a]"></a>ui_log_touch</STRONG> (Thumb, 46 bytes, Stack size 88 bytes, ui_main.o(i.ui_log_touch))
<BR><BR>[Stack]<UL><LI>Max Depth = 120<LI>Call Chain = ui_log_touch &rArr; UART_SendString &rArr; UART_SendByte
</UL>
<BR>[Calls]<UL><LI><a href="#[b6]">&gt;&gt;</a>&nbsp;&nbsp;&nbsp;UART_SendString
<LI><a href="#[11e]">&gt;&gt;</a>&nbsp;&nbsp;&nbsp;page_name
<LI><a href="#[cc]">&gt;&gt;</a>&nbsp;&nbsp;&nbsp;__2snprintf
</UL>
<BR>[Called By]<UL><LI><a href="#[10f]">&gt;&gt;</a>&nbsp;&nbsp;&nbsp;App_UI_HandleTouch
</UL>

<P><STRONG><a name="[1c6]"></a>ui_print_cargo_list</STRONG> (Thumb, 40 bytes, Stack size 136 bytes, ui_main.o(i.ui_print_cargo_list))
<BR><BR>[Stack]<UL><LI>Max Depth = 192<LI>Call Chain = ui_print_cargo_list &rArr; App_Cargo_FormatList &rArr; __2snprintf
</UL>
<BR>[Calls]<UL><LI><a href="#[b6]">&gt;&gt;</a>&nbsp;&nbsp;&nbsp;UART_SendString
<LI><a href="#[ce]">&gt;&gt;</a>&nbsp;&nbsp;&nbsp;App_Cargo_FormatList
</UL>
<BR>[Called By]<UL><LI><a href="#[11c]">&gt;&gt;</a>&nbsp;&nbsp;&nbsp;handle_action
</UL>

<P><STRONG><a name="[1c7]"></a>ui_short_beep</STRONG> (Thumb, 22 bytes, Stack size 8 bytes, ui_main.o(i.ui_short_beep))
<BR><BR>[Stack]<UL><LI>Max Depth = 16<LI>Call Chain = ui_short_beep &rArr; Board_Buzzer_Set
</UL>
<BR>[Calls]<UL><LI><a href="#[17b]">&gt;&gt;</a>&nbsp;&nbsp;&nbsp;delay_ms
<LI><a href="#[c1]">&gt;&gt;</a>&nbsp;&nbsp;&nbsp;Board_Buzzer_Set
</UL>
<BR>[Called By]<UL><LI><a href="#[11c]">&gt;&gt;</a>&nbsp;&nbsp;&nbsp;handle_action
</UL>

<P><STRONG><a name="[195]"></a>_printf_core</STRONG> (Thumb, 996 bytes, Stack size 104 bytes, printf8.o(i._printf_core), UNUSED)
<BR><BR>[Calls]<UL><LI><a href="#[79]">&gt;&gt;</a>&nbsp;&nbsp;&nbsp;__aeabi_uldivmod
<LI><a href="#[199]">&gt;&gt;</a>&nbsp;&nbsp;&nbsp;_printf_pre_padding
<LI><a href="#[19a]">&gt;&gt;</a>&nbsp;&nbsp;&nbsp;_printf_post_padding
</UL>
<BR>[Called By]<UL><LI><a href="#[194]">&gt;&gt;</a>&nbsp;&nbsp;&nbsp;__0snprintf$8
</UL>

<P><STRONG><a name="[19a]"></a>_printf_post_padding</STRONG> (Thumb, 36 bytes, Stack size 24 bytes, printf8.o(i._printf_post_padding), UNUSED)
<BR><BR>[Called By]<UL><LI><a href="#[195]">&gt;&gt;</a>&nbsp;&nbsp;&nbsp;_printf_core
</UL>

<P><STRONG><a name="[199]"></a>_printf_pre_padding</STRONG> (Thumb, 46 bytes, Stack size 24 bytes, printf8.o(i._printf_pre_padding), UNUSED)
<BR><BR>[Called By]<UL><LI><a href="#[195]">&gt;&gt;</a>&nbsp;&nbsp;&nbsp;_printf_core
</UL>

<P><STRONG><a name="[63]"></a>_snputc</STRONG> (Thumb, 22 bytes, Stack size 0 bytes, printf8.o(i._snputc))
<BR>[Address Reference Count : 1]<UL><LI> printf8.o(i.__0snprintf$8)
</UL>
<P><STRONG><a name="[61]"></a>_scanf_char_input</STRONG> (Thumb, 12 bytes, Stack size 0 bytes, scanf_char.o(.text))
<BR>[Address Reference Count : 1]<UL><LI> scanf_char.o(.text)
</UL>
<P><STRONG><a name="[7b]"></a>_local_sscanf</STRONG> (Thumb, 54 bytes, Stack size 56 bytes, strtod.o(.text))
<BR><BR>[Stack]<UL><LI>Max Depth = 160<LI>Call Chain = _local_sscanf &rArr; _scanf_real
</UL>
<BR>[Calls]<UL><LI><a href="#[7c]">&gt;&gt;</a>&nbsp;&nbsp;&nbsp;_scanf_real
</UL>
<BR>[Called By]<UL><LI><a href="#[7d]">&gt;&gt;</a>&nbsp;&nbsp;&nbsp;__strtod_int
</UL>

<P><STRONG><a name="[81]"></a>_fp_value</STRONG> (Thumb, 296 bytes, Stack size 64 bytes, scanf_fp.o(.text), UNUSED)
<BR><BR>[Calls]<UL><LI><a href="#[74]">&gt;&gt;</a>&nbsp;&nbsp;&nbsp;__aeabi_dmul
<LI><a href="#[75]">&gt;&gt;</a>&nbsp;&nbsp;&nbsp;__aeabi_ddiv
<LI><a href="#[82]">&gt;&gt;</a>&nbsp;&nbsp;&nbsp;__aeabi_ul2d
</UL>
<BR>[Called By]<UL><LI><a href="#[83]">&gt;&gt;</a>&nbsp;&nbsp;&nbsp;_scanf_really_real
</UL>
<P>
<H3>
Undefined Global Symbols
</H3><HR></body></html>
