Component: ARM Compiler 5.06 update 6 (build 750) Tool: armlink [4d35ed]

==============================================================================

Section Cross References

    app_main.o(i.App_GetSnapshot) refers to app_main.o(.bss) for s_snapshot
    app_main.o(i.App_Init) refers to misc.o(i.NVIC_PriorityGroupConfig) for NVIC_PriorityGroupConfig
    app_main.o(i.App_Init) refers to usart_debug.o(i.UART2_Init) for UART2_Init
    app_main.o(i.App_Init) refers to usart_debug.o(i.UART_SendString) for UART_SendString
    app_main.o(i.App_Init) refers to gpio_control.o(i.Board_GPIO_Init) for Board_GPIO_Init
    app_main.o(i.App_Init) refers to adc_sensor.o(i.Board_ADC_Init) for Board_ADC_Init
    app_main.o(i.App_Init) refers to dac_output.o(i.Board_DAC_Init) for Board_DAC_Init
    app_main.o(i.App_Init) refers to pwm_control.o(i.Board_PWM_Init) for Board_PWM_Init
    app_main.o(i.App_Init) refers to rtc_manager.o(i.Board_RTC_Init) for Board_RTC_Init
    app_main.o(i.App_Init) refers to can_protocol.o(i.Board_CAN_Init) for Board_CAN_Init
    app_main.o(i.App_Init) refers to dma_uart.o(i.Board_DMA_USART2_Init) for Board_DMA_USART2_Init
    app_main.o(i.App_Init) refers to eeprom.o(i.Adapter_EEPROM_Init) for Adapter_EEPROM_Init
    app_main.o(i.App_Init) refers to fingerprint.o(i.Adapter_Auth_Init) for Adapter_Auth_Init
    app_main.o(i.App_Init) refers to dht11.o(i.Adapter_DHT11_Init) for Adapter_DHT11_Init
    app_main.o(i.App_Init) refers to xpt2046.o(i.Adapter_Touch_Init) for Adapter_Touch_Init
    app_main.o(i.App_Init) refers to log_manager.o(i.App_Log_Init) for App_Log_Init
    app_main.o(i.App_Init) refers to cargo_manager.o(i.App_Cargo_Init) for App_Cargo_Init
    app_main.o(i.App_Init) refers to eeprom.o(i.Adapter_EEPROM_Load) for Adapter_EEPROM_Load
    app_main.o(i.App_Init) refers to eeprom.o(i.Adapter_EEPROM_Crc) for Adapter_EEPROM_Crc
    app_main.o(i.App_Init) refers to eeprom.o(i.Adapter_EEPROM_Save) for Adapter_EEPROM_Save
    app_main.o(i.App_Init) refers to data_manager.o(i.App_Gas_Init) for App_Gas_Init
    app_main.o(i.App_Init) refers to gps.o(i.App_GPS_Init) for App_GPS_Init
    app_main.o(i.App_Init) refers to alarm.o(i.App_Alarm_Init) for App_Alarm_Init
    app_main.o(i.App_Init) refers to alarm.o(i.App_Alarm_SetThresholds) for App_Alarm_SetThresholds
    app_main.o(i.App_Init) refers to gas_scene.o(i.App_Scene_Init) for App_Scene_Init
    app_main.o(i.App_Init) refers to ui_main.o(i.App_UI_Init) for App_UI_Init
    app_main.o(i.App_Init) refers to app_main.o(i.self_check) for self_check
    app_main.o(i.App_Init) refers to ui_main.o(i.App_UI_SetPage) for App_UI_SetPage
    app_main.o(i.App_Init) refers to pwm_control.o(i.Board_Timer_Init) for Board_Timer_Init
    app_main.o(i.App_Init) refers to app_main.o(.bss) for s_params
    app_main.o(i.App_OnEmergencyButton) refers to alarm.o(i.App_Alarm_GetLevel) for App_Alarm_GetLevel
    app_main.o(i.App_OnEmergencyButton) refers to alarm.o(i.App_Alarm_MuteByKey) for App_Alarm_MuteByKey
    app_main.o(i.App_OnEmergencyButton) refers to alarm.o(i.App_Alarm_ForceEmergency) for App_Alarm_ForceEmergency
    app_main.o(i.App_OnEmergencyButton) refers to app_main.o(.data) for s_ms
    app_main.o(i.App_OnSysTick) refers to app_main.o(.data) for s_ms
    app_main.o(i.App_Run) refers to usart_debug.o(i.UART2_ReadLine) for UART2_ReadLine
    app_main.o(i.App_Run) refers to command_parser.o(i.App_Cmd_ProcessLine) for App_Cmd_ProcessLine
    app_main.o(i.App_Run) refers to xpt2046.o(i.Adapter_Touch_GetEvent) for Adapter_Touch_GetEvent
    app_main.o(i.App_Run) refers to ui_main.o(i.App_UI_HandleTouch) for App_UI_HandleTouch
    app_main.o(i.App_Run) refers to app_main.o(i.key_task) for key_task
    app_main.o(i.App_Run) refers to app_main.o(i.sensor_task) for sensor_task
    app_main.o(i.App_Run) refers to app_main.o(i.report_status_if_changed) for report_status_if_changed
    app_main.o(i.App_Run) refers to app_main.o(i.task_1s) for task_1s
    app_main.o(i.App_Run) refers to ui_main.o(i.App_UI_Render) for App_UI_Render
    app_main.o(i.App_Run) refers to log_manager.o(i.App_Log_Add) for App_Log_Add
    app_main.o(i.App_Run) refers to app_main.o(.data) for s_ms
    app_main.o(i.App_Run) refers to app_main.o(.bss) for s_snapshot
    app_main.o(i.key_task) refers to gpio_control.o(i.Board_Key_Read) for Board_Key_Read
    app_main.o(i.key_task) refers to printf8.o(i.__0snprintf$8) for __2snprintf
    app_main.o(i.key_task) refers to usart_debug.o(i.UART_SendString) for UART_SendString
    app_main.o(i.key_task) refers to alarm.o(i.App_Alarm_GetLevel) for App_Alarm_GetLevel
    app_main.o(i.key_task) refers to alarm.o(i.App_Alarm_MuteByKey) for App_Alarm_MuteByKey
    app_main.o(i.key_task) refers to app_main.o(i.report_status_if_changed) for report_status_if_changed
    app_main.o(i.key_task) refers to app_main.o(.data) for s_key_latch
    app_main.o(i.report_status_if_changed) refers to app_main.o(i.status_has_changed) for status_has_changed
[...]
    TIM1_BRK_TIM9_IRQHandler                 0x080001b7   Thumb Code     0  startup_stm32f40_41xxx.o(.text)
    TIM1_CC_IRQHandler                       0x080001b7   Thumb Code     0  startup_stm32f40_41xxx.o(.text)
    TIM1_TRG_COM_TIM11_IRQHandler            0x080001b7   Thumb Code     0  startup_stm32f40_41xxx.o(.text)
    TIM1_UP_TIM10_IRQHandler                 0x080001b7   Thumb Code     0  startup_stm32f40_41xxx.o(.text)
    TIM2_IRQHandler                          0x080001b7   Thumb Code     0  startup_stm32f40_41xxx.o(.text)
    TIM3_IRQHandler                          0x080001b7   Thumb Code     0  startup_stm32f40_41xxx.o(.text)
    TIM4_IRQHandler                          0x080001b7   Thumb Code     0  startup_stm32f40_41xxx.o(.text)
    TIM5_IRQHandler                          0x080001b7   Thumb Code     0  startup_stm32f40_41xxx.o(.text)
    TIM6_DAC_IRQHandler                      0x080001b7   Thumb Code     0  startup_stm32f40_41xxx.o(.text)
    TIM7_IRQHandler                          0x080001b7   Thumb Code     0  startup_stm32f40_41xxx.o(.text)
    TIM8_BRK_TIM12_IRQHandler                0x080001b7   Thumb Code     0  startup_stm32f40_41xxx.o(.text)
    TIM8_CC_IRQHandler                       0x080001b7   Thumb Code     0  startup_stm32f40_41xxx.o(.text)
    TIM8_TRG_COM_TIM14_IRQHandler            0x080001b7   Thumb Code     0  startup_stm32f40_41xxx.o(.text)
    TIM8_UP_TIM13_IRQHandler                 0x080001b7   Thumb Code     0  startup_stm32f40_41xxx.o(.text)
    UART4_IRQHandler                         0x080001b7   Thumb Code     0  startup_stm32f40_41xxx.o(.text)
    UART5_IRQHandler                         0x080001b7   Thumb Code     0  startup_stm32f40_41xxx.o(.text)
    USART3_IRQHandler                        0x080001b7   Thumb Code     0  startup_stm32f40_41xxx.o(.text)
    USART6_IRQHandler                        0x080001b7   Thumb Code     0  startup_stm32f40_41xxx.o(.text)
    WWDG_IRQHandler                          0x080001b7   Thumb Code     0  startup_stm32f40_41xxx.o(.text)
    __aeabi_memcpy                           0x080001c1   Thumb Code    36  memcpya.o(.text)
    __aeabi_memcpy4                          0x080001c1   Thumb Code     0  memcpya.o(.text)
    __aeabi_memcpy8                          0x080001c1   Thumb Code     0  memcpya.o(.text)
    __aeabi_memset                           0x080001e5   Thumb Code    14  memseta.o(.text)
    __aeabi_memset4                          0x080001e5   Thumb Code     0  memseta.o(.text)
    __aeabi_memset8                          0x080001e5   Thumb Code     0  memseta.o(.text)
    __aeabi_memclr                           0x080001f3   Thumb Code     4  memseta.o(.text)
    __aeabi_memclr4                          0x080001f3   Thumb Code     0  memseta.o(.text)
    __aeabi_memclr8                          0x080001f3   Thumb Code     0  memseta.o(.text)
    _memset$wrapper                          0x080001f7   Thumb Code    18  memseta.o(.text)
    strstr                                   0x08000209   Thumb Code    36  strstr.o(.text)
    strncpy                                  0x0800022d   Thumb Code    24  strncpy.o(.text)
    strcmp                                   0x08000245   Thumb Code    28  strcmp.o(.text)
    strtok                                   0x08000261   Thumb Code    62  strtok.o(.text)
    __0sscanf                                0x080002a5   Thumb Code    48  __0sscanf.o(.text)
    _scanf_int                               0x080002dd   Thumb Code   332  _scanf_int.o(.text)
    _scanf_string                            0x08000429   Thumb Code   224  _scanf_str.o(.text)
    __aeabi_dadd                             0x08000509   Thumb Code   322  dadd.o(.text)
    __aeabi_dsub                             0x0800064b   Thumb Code     6  dadd.o(.text)
    __aeabi_drsub                            0x08000651   Thumb Code     6  dadd.o(.text)
    __aeabi_dmul                             0x08000657   Thumb Code   228  dmul.o(.text)
    __aeabi_ddiv                             0x0800073b   Thumb Code   222  ddiv.o(.text)
    __aeabi_i2d                              0x08000819   Thumb Code    34  dflti.o(.text)
    __aeabi_d2iz                             0x0800083b   Thumb Code    62  dfixi.o(.text)
    __aeabi_uldivmod                         0x08000879   Thumb Code    98  uldiv.o(.text)
    __aeabi_llsl                             0x080008db   Thumb Code    30  llshl.o(.text)
    _ll_shift_l                              0x080008db   Thumb Code     0  llshl.o(.text)
    __aeabi_llsr                             0x080008f9   Thumb Code    32  llushr.o(.text)
    _ll_ushift_r                             0x080008f9   Thumb Code     0  llushr.o(.text)
    __aeabi_lasr                             0x08000919   Thumb Code    36  llsshr.o(.text)
    _ll_sshift_r                             0x08000919   Thumb Code     0  llsshr.o(.text)
    _chval                                   0x0800093d   Thumb Code    28  _chval.o(.text)
    __vfscanf_char                           0x08000965   Thumb Code    20  scanf_char.o(.text)
    _sgetc                                   0x08000981   Thumb Code    30  _sgetc.o(.text)
    _sbackspace                              0x0800099f   Thumb Code    34  _sgetc.o(.text)
    __strtod_int                             0x080009f7   Thumb Code    90  strtod.o(.text)
    __I$use$fp                               0x08000a5d   Thumb Code     0  iusefp.o(.text)
    _double_round                            0x08000a5d   Thumb Code    30  depilogue.o(.text)
    _double_epilogue                         0x08000a7b   Thumb Code   156  depilogue.o(.text)
    __scatterload                            0x08000b19   Thumb Code    28  init.o(.text)
    __scatterload_rt2                        0x08000b19   Thumb Code     0  init.o(.text)
    isspace                                  0x08000b3d   Thumb Code    10  isspace_c.o(.text)
    __vfscanf                                0x08000b49   Thumb Code   808  _scanf.o(.text)
    _scanf_real                              0x08000f9d   Thumb Code     0  scanf_fp.o(.text)
    _scanf_really_real                       0x08000f9d   Thumb Code   556  scanf_fp.o(.text)
    __ctype_lookup                           0x080011d5   Thumb Code    34  ctype_c.o(.text)
    __aeabi_ul2d                             0x080011fd   Thumb Code    24  dfltul.o(.text)
    __aeabi_d2f                              0x08001215   Thumb Code    56  d2f.o(.text)
    _float_round                             0x0800124d   Thumb Code    18  fepilogue.o(.text)
    _float_epilogue                          0x0800125f   Thumb Code    92  fepilogue.o(.text)
    ADC_Cmd                                  0x080012bb   Thumb Code    22  stm32f4xx_adc.o(i.ADC_Cmd)
    ADC_CommonInit                           0x080012d1   Thumb Code    34  stm32f4xx_adc.o(i.ADC_CommonInit)
    ADC_CommonStructInit                     0x08001301   Thumb Code    12  stm32f4xx_adc.o(i.ADC_CommonStructInit)
    ADC_GetConversionValue                   0x0800130d   Thumb Code     8  stm32f4xx_adc.o(i.ADC_GetConversionValue)
    ADC_GetFlagStatus                        0x08001315   Thumb Code    18  stm32f4xx_adc.o(i.ADC_GetFlagStatus)
    ADC_Init                                 0x08001329   Thumb Code    74  stm32f4xx_adc.o(i.ADC_Init)
    ADC_RegularChannelConfig                 0x0800137d   Thumb Code   184  stm32f4xx_adc.o(i.ADC_RegularChannelConfig)
    ADC_SoftwareStartConv                    0x08001435   Thumb Code    10  stm32f4xx_adc.o(i.ADC_SoftwareStartConv)
    ADC_StructInit                           0x0800143f   Thumb Code    20  stm32f4xx_adc.o(i.ADC_StructInit)
    Adapter_Auth_BackupVerify                0x08001453   Thumb Code    32  fingerprint.o(i.Adapter_Auth_BackupVerify)
    Adapter_Auth_CardId                      0x08001475   Thumb Code     4  fingerprint.o(i.Adapter_Auth_CardId)
    Adapter_Auth_ClearRegistration           0x0800147d   Thumb Code    96  fingerprint.o(i.Adapter_Auth_ClearRegistration)
    Adapter_Auth_FingerId                    0x08001519   Thumb Code     4  fingerprint.o(i.Adapter_Auth_FingerId)
    Adapter_Auth_Init                        0x08001521   Thumb Code    12  fingerprint.o(i.Adapter_Auth_Init)
    Adapter_Auth_IsAdmin                     0x0800152d   Thumb Code     6  fingerprint.o(i.Adapter_Auth_IsAdmin)
    Adapter_Auth_IsFingerRegistered          0x08001539   Thumb Code     6  fingerprint.o(i.Adapter_Auth_IsFingerRegistered)
    Adapter_Auth_IsFingerVerified            0x08001545   Thumb Code     6  fingerprint.o(i.Adapter_Auth_IsFingerVerified)
    Adapter_Auth_IsLoggedIn                  0x08001551   Thumb Code     6  fingerprint.o(i.Adapter_Auth_IsLoggedIn)
    Adapter_Auth_IsNfcRegistered             0x0800155d   Thumb Code     6  fingerprint.o(i.Adapter_Auth_IsNfcRegistered)
    Adapter_Auth_IsNfcVerified               0x08001569   Thumb Code     6  fingerprint.o(i.Adapter_Auth_IsNfcVerified)
    Adapter_Auth_Login                       0x08001575   Thumb Code    16  fingerprint.o(i.Adapter_Auth_Login)
    Adapter_Auth_Logout                      0x08001585   Thumb Code    38  fingerprint.o(i.Adapter_Auth_Logout)
    Adapter_Auth_Register                    0x080015c9   Thumb Code   112  fingerprint.o(i.Adapter_Auth_Register)
    Adapter_Auth_SetUsart1Target             0x0800164d   Thumb Code     6  fingerprint.o(i.Adapter_Auth_SetUsart1Target)
    Adapter_Auth_StatusText                  0x08001659   Thumb Code    96  fingerprint.o(i.Adapter_Auth_StatusText)
    Adapter_Auth_USART1_IRQHandler           0x08001751   Thumb Code    68  fingerprint.o(i.Adapter_Auth_USART1_IRQHandler)
    Adapter_Auth_Verify                      0x0800179d   Thumb Code    98  fingerprint.o(i.Adapter_Auth_Verify)
    Adapter_DHT11_Init                       0x08001809   Thumb Code    12  dht11.o(i.Adapter_DHT11_Init)
    Adapter_DHT11_Read                       0x0800181d   Thumb Code    44  dht11.o(i.Adapter_DHT11_Read)
    Adapter_DHT11_SetOffset                  0x08001851   Thumb Code    10  dht11.o(i.Adapter_DHT11_SetOffset)
    Adapter_EEPROM_Crc                       0x08001865   Thumb Code    36  eeprom.o(i.Adapter_EEPROM_Crc)
    Adapter_EEPROM_Init                      0x08001889   Thumb Code    54  eeprom.o(i.Adapter_EEPROM_Init)
    Adapter_EEPROM_Load                      0x080018c9   Thumb Code    48  eeprom.o(i.Adapter_EEPROM_Load)
    Adapter_EEPROM_Save                      0x08001901   Thumb Code    34  eeprom.o(i.Adapter_EEPROM_Save)
    Adapter_Flash_Append                     0x0800192d   Thumb Code    84  w25q64.o(i.Adapter_Flash_Append)
    Adapter_Flash_Clear                      0x0800198d   Thumb Code    24  w25q64.o(i.Adapter_Flash_Clear)
    Adapter_Flash_Count                      0x080019b1   Thumb Code     6  w25q64.o(i.Adapter_Flash_Count)
    Adapter_Flash_Init                       0x080019bd   Thumb Code    24  w25q64.o(i.Adapter_Flash_Init)
    Adapter_Flash_Read                       0x080019e1   Thumb Code    60  w25q64.o(i.Adapter_Flash_Read)
    Adapter_LCD_DrawButtonPage               0x08001a29   Thumb Code   216  lcd.o(i.Adapter_LCD_DrawButtonPage)
    Adapter_LCD_Init                         0x08001b15   Thumb Code    74  lcd.o(i.Adapter_LCD_Init)
    Adapter_Touch_GetEvent                   0x08001ba5   Thumb Code    52  xpt2046.o(i.Adapter_Touch_GetEvent)
    Adapter_Touch_Init                       0x08001bdd   Thumb Code    22  xpt2046.o(i.Adapter_Touch_Init)
    Adapter_Touch_Inject                     0x08001c01   Thumb Code    14  xpt2046.o(i.Adapter_Touch_Inject)
    App_Alarm_Evaluate                       0x08001c15   Thumb Code   266  alarm.o(i.App_Alarm_Evaluate)
    App_Alarm_ForceEmergency                 0x08001d31   Thumb Code    56  alarm.o(i.App_Alarm_ForceEmergency)
    App_Alarm_GetLevel                       0x08001d8d   Thumb Code     6  alarm.o(i.App_Alarm_GetLevel)
    App_Alarm_GetThresholds                  0x08001d99   Thumb Code    26  alarm.o(i.App_Alarm_GetThresholds)
    App_Alarm_Init                           0x08001dc1   Thumb Code    26  alarm.o(i.App_Alarm_Init)
    App_Alarm_IsMuted                        0x08001ded   Thumb Code     6  alarm.o(i.App_Alarm_IsMuted)
    App_Alarm_MuteByKey                      0x08001df9   Thumb Code    32  alarm.o(i.App_Alarm_MuteByKey)
    App_Alarm_Name                           0x08001e35   Thumb Code    40  alarm.o(i.App_Alarm_Name)
    App_Alarm_ResetByAdmin                   0x08001e89   Thumb Code    42  alarm.o(i.App_Alarm_ResetByAdmin)
    App_Alarm_ResetThresholds                0x08001edd   Thumb Code    26  alarm.o(i.App_Alarm_ResetThresholds)
    App_Alarm_SetThresholds                  0x08001f05   Thumb Code    66  alarm.o(i.App_Alarm_SetThresholds)
    App_Cargo_Confirm                        0x08001f55   Thumb Code   356  cargo_manager.o(i.App_Cargo_Confirm)
    App_Cargo_FormatList                     0x0800219d   Thumb Code    78  cargo_manager.o(i.App_Cargo_FormatList)
    App_Cargo_Init                           0x080021f9   Thumb Code     8  cargo_manager.o(i.App_Cargo_Init)
    App_Cargo_Mode                           0x08002201   Thumb Code     6  cargo_manager.o(i.App_Cargo_Mode)
    App_Cargo_ModeName                       0x0800220d   Thumb Code    24  cargo_manager.o(i.App_Cargo_ModeName)
    App_Cargo_PendingName                    0x08002235   Thumb Code     4  cargo_manager.o(i.App_Cargo_PendingName)
    App_Cargo_PendingQuantity                0x0800223d   Thumb Code     6  cargo_manager.o(i.App_Cargo_PendingQuantity)
    App_Cargo_Reset                          0x08002249   Thumb Code    94  cargo_manager.o(i.App_Cargo_Reset)
    App_Cargo_SelectMode                     0x080022d9   Thumb Code    54  cargo_manager.o(i.App_Cargo_SelectMode)
    App_Cargo_SetPending                     0x08002351   Thumb Code   100  cargo_manager.o(i.App_Cargo_SetPending)
    App_Cargo_StatusText                     0x080023f1   Thumb Code     4  cargo_manager.o(i.App_Cargo_StatusText)
    App_Cmd_ProcessLine                      0x080023f9   Thumb Code  2142  command_parser.o(i.App_Cmd_ProcessLine)
    App_GPS_FeedNmea                         0x08002df1   Thumb Code   142  gps.o(i.App_GPS_FeedNmea)
    App_GPS_GetFix                           0x08002e8d   Thumb Code     4  gps.o(i.App_GPS_GetFix)
    App_GPS_Init                             0x08002e95   Thumb Code    44  gps.o(i.App_GPS_Init)
    App_GPS_SetLost                          0x08002ed5   Thumb Code    22  gps.o(i.App_GPS_SetLost)
    App_GPS_SetReplay                        0x08002ef5   Thumb Code    22  gps.o(i.App_GPS_SetReplay)
    App_GPS_SetRouteDeviation                0x08002f15   Thumb Code    14  gps.o(i.App_GPS_SetRouteDeviation)
    App_GPS_StatusName                       0x08002f29   Thumb Code    60  gps.o(i.App_GPS_StatusName)
    App_GPS_Task1000ms                       0x08002fa1   Thumb Code   144  gps.o(i.App_GPS_Task1000ms)
    App_Gas_Get                              0x08003051   Thumb Code     4  data_manager.o(i.App_Gas_Get)
    App_Gas_GetSource                        0x08003059   Thumb Code     6  data_manager.o(i.App_Gas_GetSource)
    App_Gas_Init                             0x08003065   Thumb Code    40  data_manager.o(i.App_Gas_Init)
    App_Gas_SetSceneValue                    0x08003091   Thumb Code    16  data_manager.o(i.App_Gas_SetSceneValue)
    App_Gas_SetSource                        0x080030a5   Thumb Code     6  data_manager.o(i.App_Gas_SetSource)
    App_Gas_SetUartValue                     0x080030b1   Thumb Code    20  data_manager.o(i.App_Gas_SetUartValue)
    App_Gas_SourceName                       0x080030c9   Thumb Code    40  data_manager.o(i.App_Gas_SourceName)
    App_Gas_StartUartRamp                    0x08003125   Thumb Code    64  data_manager.o(i.App_Gas_StartUartRamp)
    App_Gas_Task1000ms                       0x0800317d   Thumb Code    84  data_manager.o(i.App_Gas_Task1000ms)
    App_Gas_Update                           0x080031e9   Thumb Code   158  data_manager.o(i.App_Gas_Update)
    App_Init                                 0x0800328d   Thumb Code   202  app_main.o(i.App_Init)
    App_Log_Add                              0x080033ad   Thumb Code    24  log_manager.o(i.App_Log_Add)
    App_Log_Clear                            0x080033c5   Thumb Code    16  log_manager.o(i.App_Log_Clear)
    App_Log_Count                            0x080033e1   Thumb Code     8  log_manager.o(i.App_Log_Count)
    App_Log_Export                           0x080033e9   Thumb Code   124  log_manager.o(i.App_Log_Export)
    App_Log_Init                             0x080034a5   Thumb Code    16  log_manager.o(i.App_Log_Init)
    App_Log_Read                             0x080034cd   Thumb Code    16  log_manager.o(i.App_Log_Read)
    App_Log_TypeName                         0x080034dd   Thumb Code    40  log_manager.o(i.App_Log_TypeName)
    App_OnEmergencyButton                    0x08003539   Thumb Code    70  app_main.o(i.App_OnEmergencyButton)
    App_OnSysTick                            0x0800358d   Thumb Code    12  app_main.o(i.App_OnSysTick)
    App_Run                                  0x0800359d   Thumb Code   218  app_main.o(i.App_Run)
    App_Scene_Current                        0x080036ad   Thumb Code     6  gas_scene.o(i.App_Scene_Current)
    App_Scene_Init                           0x080036b9   Thumb Code    12  gas_scene.o(i.App_Scene_Init)
    App_Scene_Name                           0x080036cd   Thumb Code    56  gas_scene.o(i.App_Scene_Name)
    App_Scene_Start                          0x08003771   Thumb Code   134  gas_scene.o(i.App_Scene_Start)
    App_Scene_Stop                           0x08003801   Thumb Code    38  gas_scene.o(i.App_Scene_Stop)
    App_Scene_Task1000ms                     0x08003831   Thumb Code   222  gas_scene.o(i.App_Scene_Task1000ms)
    App_UI_HandleTouch                       0x08003935   Thumb Code   182  ui_main.o(i.App_UI_HandleTouch)
    App_UI_Init                              0x080039f1   Thumb Code    14  ui_main.o(i.App_UI_Init)
    App_UI_Render                            0x08003a05   Thumb Code   114  ui_main.o(i.App_UI_Render)
    App_UI_SetPage                           0x08003a89   Thumb Code    36  ui_main.o(i.App_UI_SetPage)
    Board_ADC_Init                           0x08003ab1   Thumb Code   138  adc_sensor.o(i.Board_ADC_Init)
    Board_ADC_RawToGas                       0x08003b49   Thumb Code    20  adc_sensor.o(i.Board_ADC_RawToGas)
    Board_ADC_ReadBatteryMv                  0x08003b5d   Thumb Code    30  adc_sensor.o(i.Board_ADC_ReadBatteryMv)
    Board_ADC_ReadDacLoop                    0x08003b7b   Thumb Code    16  adc_sensor.o(i.Board_ADC_ReadDacLoop)
    Board_ADC_ReadGasReal                    0x08003b8b   Thumb Code    16  adc_sensor.o(i.Board_ADC_ReadGasReal)
    Board_ADC_ReadPot                        0x08003b9b   Thumb Code    16  adc_sensor.o(i.Board_ADC_ReadPot)
    Board_ADC_ReadRaw                        0x08003bad   Thumb Code    58  adc_sensor.o(i.Board_ADC_ReadRaw)
    Board_Buzzer_Set                         0x08003bf1   Thumb Code    30  gpio_control.o(i.Board_Buzzer_Set)
    Board_CAN_IRQHandler                     0x08003c15   Thumb Code    58  can_protocol.o(i.Board_CAN_IRQHandler)
    Board_CAN_Init                           0x08003c59   Thumb Code   252  can_protocol.o(i.Board_CAN_Init)
    Board_CAN_IsOnline                       0x08003d5d   Thumb Code    20  can_protocol.o(i.Board_CAN_IsOnline)
    Board_CAN_SendAlarm                      0x08003d79   Thumb Code    22  can_protocol.o(i.Board_CAN_SendAlarm)
    Board_CAN_SendHeartbeat                  0x08003d91   Thumb Code    28  can_protocol.o(i.Board_CAN_SendHeartbeat)
    Board_CAN_SetVirtualOnline               0x08003db1   Thumb Code    22  can_protocol.o(i.Board_CAN_SetVirtualOnline)
    Board_CAN_StatusName                     0x08003dd1   Thumb Code    24  can_protocol.o(i.Board_CAN_StatusName)
    Board_DAC_GetLastGasValue                0x08003e15   Thumb Code     6  dac_output.o(i.Board_DAC_GetLastGasValue)
    Board_DAC_Init                           0x08003e21   Thumb Code    88  dac_output.o(i.Board_DAC_Init)
    Board_DAC_SetGasValue                    0x08003e7d   Thumb Code    40  dac_output.o(i.Board_DAC_SetGasValue)
    Board_DMA_USART2_IRQHandler              0x08003ea9   Thumb Code    36  dma_uart.o(i.Board_DMA_USART2_IRQHandler)
    Board_DMA_USART2_Init                    0x08003ed9   Thumb Code   154  dma_uart.o(i.Board_DMA_USART2_Init)
    Board_DMA_USART2_Send                    0x08003f81   Thumb Code   156  dma_uart.o(i.Board_DMA_USART2_Send)
    Board_GPIO_Init                          0x08004031   Thumb Code   206  gpio_control.o(i.Board_GPIO_Init)
    Board_Key_Read                           0x0800410d   Thumb Code    96  gpio_control.o(i.Board_Key_Read)
    Board_LED_Set                            0x08004175   Thumb Code    60  gpio_control.o(i.Board_LED_Set)
    Board_LED_Toggle                         0x080041b1   Thumb Code    28  gpio_control.o(i.Board_LED_Toggle)
    Board_PWM_Init                           0x080041cd   Thumb Code   170  pwm_control.o(i.Board_PWM_Init)
    Board_PWM_SetFanPercent                  0x08004281   Thumb Code    24  pwm_control.o(i.Board_PWM_SetFanPercent)
    Board_RTC_GetUnixLike                    0x0800429d   Thumb Code    62  rtc_manager.o(i.Board_RTC_GetUnixLike)
    Board_RTC_Init                           0x080042e1   Thumb Code   156  rtc_manager.o(i.Board_RTC_Init)
    Board_Timer_Init                         0x08004381   Thumb Code    82  pwm_control.o(i.Board_Timer_Init)
    BusFault_Handler                         0x080043e1   Thumb Code     4  stm32f4xx_it.o(i.BusFault_Handler)
    CAN1_RX0_IRQHandler                      0x080043e5   Thumb Code     8  stm32f4xx_it.o(i.CAN1_RX0_IRQHandler)
    CAN_DeInit                               0x080043ed   Thumb Code    50  stm32f4xx_can.o(i.CAN_DeInit)
    CAN_FilterInit                           0x08004425   Thumb Code   258  stm32f4xx_can.o(i.CAN_FilterInit)
    CAN_ITConfig                             0x0800452d   Thumb Code    18  stm32f4xx_can.o(i.CAN_ITConfig)
    CAN_Init                                 0x0800453f   Thumb Code   276  stm32f4xx_can.o(i.CAN_Init)
    CAN_MessagePending                       0x08004653   Thumb Code    30  stm32f4xx_can.o(i.CAN_MessagePending)
    CAN_Receive                              0x08004671   Thumb Code   240  stm32f4xx_can.o(i.CAN_Receive)
    CAN_StructInit                           0x08004761   Thumb Code    32  stm32f4xx_can.o(i.CAN_StructInit)
    CAN_Transmit                             0x08004781   Thumb Code   294  stm32f4xx_can.o(i.CAN_Transmit)
    DAC_Cmd                                  0x080048a9   Thumb Code    34  stm32f4xx_dac.o(i.DAC_Cmd)
    DAC_Init                                 0x080048d1   Thumb Code    46  stm32f4xx_dac.o(i.DAC_Init)
    DAC_SetChannel1Data                      0x08004905   Thumb Code    26  stm32f4xx_dac.o(i.DAC_SetChannel1Data)
    DAC_StructInit                           0x08004925   Thumb Code    12  stm32f4xx_dac.o(i.DAC_StructInit)
    DMA1_Stream6_IRQHandler                  0x08004931   Thumb Code     8  stm32f4xx_it.o(i.DMA1_Stream6_IRQHandler)
    DMA_ClearFlag                            0x08004939   Thumb Code    38  stm32f4xx_dma.o(i.DMA_ClearFlag)
    DMA_ClearITPendingBit                    0x0800496d   Thumb Code    38  stm32f4xx_dma.o(i.DMA_ClearITPendingBit)
    DMA_Cmd                                  0x080049a1   Thumb Code    22  stm32f4xx_dma.o(i.DMA_Cmd)
    DMA_DeInit                               0x080049b9   Thumb Code   324  stm32f4xx_dma.o(i.DMA_DeInit)
    DMA_GetCmdStatus                         0x08004b11   Thumb Code    20  stm32f4xx_dma.o(i.DMA_GetCmdStatus)
    DMA_GetITStatus                          0x08004b25   Thumb Code    82  stm32f4xx_dma.o(i.DMA_GetITStatus)
    DMA_ITConfig                             0x08004b89   Thumb Code    58  stm32f4xx_dma.o(i.DMA_ITConfig)
    DMA_Init                                 0x08004bc5   Thumb Code    82  stm32f4xx_dma.o(i.DMA_Init)
    DMA_StructInit                           0x08004c1d   Thumb Code    34  stm32f4xx_dma.o(i.DMA_StructInit)
    DebugMon_Handler                         0x08004c3f   Thumb Code     2  stm32f4xx_it.o(i.DebugMon_Handler)
    EXTI0_IRQHandler                         0x08004c41   Thumb Code    22  stm32f4xx_it.o(i.EXTI0_IRQHandler)
    EXTI_ClearITPendingBit                   0x08004c59   Thumb Code     6  stm32f4xx_exti.o(i.EXTI_ClearITPendingBit)
    EXTI_GetITStatus                         0x08004c65   Thumb Code    20  stm32f4xx_exti.o(i.EXTI_GetITStatus)
    EXTI_Init                                0x08004c7d   Thumb Code   142  stm32f4xx_exti.o(i.EXTI_Init)
    EXTI_StructInit                          0x08004d11   Thumb Code    16  stm32f4xx_exti.o(i.EXTI_StructInit)
    FSMC_NORSRAMCmd                          0x08004d21   Thumb Code    46  stm32f4xx_fsmc.o(i.FSMC_NORSRAMCmd)
    FSMC_NORSRAMInit                         0x08004d55   Thumb Code   230  stm32f4xx_fsmc.o(i.FSMC_NORSRAMInit)
    GPIO_Init                                0x08004e3b   Thumb Code   144  stm32f4xx_gpio.o(i.GPIO_Init)
    GPIO_PinAFConfig                         0x08004ecb   Thumb Code    70  stm32f4xx_gpio.o(i.GPIO_PinAFConfig)
    GPIO_ReadInputDataBit                    0x08004f11   Thumb Code    18  stm32f4xx_gpio.o(i.GPIO_ReadInputDataBit)
    GPIO_ResetBits                           0x08004f23   Thumb Code     4  stm32f4xx_gpio.o(i.GPIO_ResetBits)
    GPIO_SetBits                             0x08004f27   Thumb Code     4  stm32f4xx_gpio.o(i.GPIO_SetBits)
    GPIO_StructInit                          0x08004f2b   Thumb Code    18  stm32f4xx_gpio.o(i.GPIO_StructInit)
    HardFault_Handler                        0x08004f3d   Thumb Code     4  stm32f4xx_it.o(i.HardFault_Handler)
    LCD_Clear                                0x08005259   Thumb Code    40  lcd_ili9341.o(i.LCD_Clear)
    LCD_DispStringEN                         0x08005301   Thumb Code   114  lcd_ili9341.o(i.LCD_DispStringEN)
    LCD_GetFontEN                            0x0800537d   Thumb Code     6  lcd_fonts.o(i.LCD_GetFontEN)
    LCD_GetLenX                              0x08005389   Thumb Code     6  lcd_ili9341.o(i.LCD_GetLenX)
    LCD_GetLenY                              0x08005395   Thumb Code     6  lcd_ili9341.o(i.LCD_GetLenY)
    LCD_GetMaskEN                            0x080053a1   Thumb Code    42  lcd_fonts.o(i.LCD_GetMaskEN)
    LCD_Init                                 0x080053d1   Thumb Code    34  lcd_ili9341.o(i.LCD_Init)
    LCD_SetColors                            0x080053f9   Thumb Code    10  lcd_ili9341.o(i.LCD_SetColors)
    LCD_SetFontEN                            0x0800540d   Thumb Code     6  lcd_fonts.o(i.LCD_SetFontEN)
    MemManage_Handler                        0x08005419   Thumb Code     4  stm32f4xx_it.o(i.MemManage_Handler)
    NFC_Init                                 0x0800541d   Thumb Code    54  nfc.o(i.NFC_Init)
    NFC_ReadCard                             0x0800548d   Thumb Code   142  nfc.o(i.NFC_ReadCard)
    NFC_USART1_RxByte                        0x08005595   Thumb Code    26  nfc.o(i.NFC_USART1_RxByte)
    NMI_Handler                              0x080055b9   Thumb Code     2  stm32f4xx_it.o(i.NMI_Handler)
    NVIC_Init                                0x080055bd   Thumb Code   106  misc.o(i.NVIC_Init)
    NVIC_PriorityGroupConfig                 0x08005635   Thumb Code    10  misc.o(i.NVIC_PriorityGroupConfig)
    PWR_BackupAccessCmd                      0x08005649   Thumb Code     6  stm32f4xx_pwr.o(i.PWR_BackupAccessCmd)
    PendSV_Handler                           0x08005655   Thumb Code     2  stm32f4xx_it.o(i.PendSV_Handler)
    RCC_AHB1PeriphClockCmd                   0x08005659   Thumb Code    26  stm32f4xx_rcc.o(i.RCC_AHB1PeriphClockCmd)
    RCC_AHB3PeriphClockCmd                   0x08005679   Thumb Code    26  stm32f4xx_rcc.o(i.RCC_AHB3PeriphClockCmd)
    RCC_APB1PeriphClockCmd                   0x08005699   Thumb Code    26  stm32f4xx_rcc.o(i.RCC_APB1PeriphClockCmd)
    RCC_APB1PeriphResetCmd                   0x080056b9   Thumb Code    26  stm32f4xx_rcc.o(i.RCC_APB1PeriphResetCmd)
    RCC_APB2PeriphClockCmd                   0x080056d9   Thumb Code    26  stm32f4xx_rcc.o(i.RCC_APB2PeriphClockCmd)
    RCC_APB2PeriphResetCmd                   0x080056f9   Thumb Code    26  stm32f4xx_rcc.o(i.RCC_APB2PeriphResetCmd)
    RCC_GetClocksFreq                        0x08005719   Thumb Code   214  stm32f4xx_rcc.o(i.RCC_GetClocksFreq)
    RCC_GetFlagStatus                        0x08005801   Thumb Code    60  stm32f4xx_rcc.o(i.RCC_GetFlagStatus)
    RCC_LSICmd                               0x08005841   Thumb Code     6  stm32f4xx_rcc.o(i.RCC_LSICmd)
    RCC_RTCCLKCmd                            0x0800584d   Thumb Code     6  stm32f4xx_rcc.o(i.RCC_RTCCLKCmd)
    RCC_RTCCLKConfig                         0x08005859   Thumb Code    50  stm32f4xx_rcc.o(i.RCC_RTCCLKConfig)
    RTC_DateStructInit                       0x080058c7   Thumb Code    14  stm32f4xx_rtc.o(i.RTC_DateStructInit)
    RTC_EnterInitMode                        0x080058d5   Thumb Code    76  stm32f4xx_rtc.o(i.RTC_EnterInitMode)
    RTC_ExitInitMode                         0x08005925   Thumb Code    14  stm32f4xx_rtc.o(i.RTC_ExitInitMode)
    RTC_GetDate                              0x08005939   Thumb Code    68  stm32f4xx_rtc.o(i.RTC_GetDate)
    RTC_GetTime                              0x08005985   Thumb Code    72  stm32f4xx_rtc.o(i.RTC_GetTime)
    RTC_Init                                 0x080059d5   Thumb Code    94  stm32f4xx_rtc.o(i.RTC_Init)
    RTC_SetDate                              0x08005a39   Thumb Code   190  stm32f4xx_rtc.o(i.RTC_SetDate)
    RTC_SetTime                              0x08005b01   Thumb Code   198  stm32f4xx_rtc.o(i.RTC_SetTime)
    RTC_StructInit                           0x08005bd1   Thumb Code    14  stm32f4xx_rtc.o(i.RTC_StructInit)
    RTC_TimeStructInit                       0x08005bdf   Thumb Code    12  stm32f4xx_rtc.o(i.RTC_TimeStructInit)
    RTC_WaitForSynchro                       0x08005bed   Thumb Code    92  stm32f4xx_rtc.o(i.RTC_WaitForSynchro)
    SVC_Handler                              0x08005c4d   Thumb Code     2  stm32f4xx_it.o(i.SVC_Handler)
    SYSCFG_EXTILineConfig                    0x08005c51   Thumb Code    60  stm32f4xx_syscfg.o(i.SYSCFG_EXTILineConfig)
    SysTick_Handler                          0x08005d7d   Thumb Code     8  stm32f4xx_it.o(i.SysTick_Handler)
    SystemInit                               0x08005d85   Thumb Code    88  system_stm32f4xx.o(i.SystemInit)
    TIM_ARRPreloadConfig                     0x08005ded   Thumb Code    24  stm32f4xx_tim.o(i.TIM_ARRPreloadConfig)
    TIM_Cmd                                  0x08005e05   Thumb Code    24  stm32f4xx_tim.o(i.TIM_Cmd)
    TIM_OC2Init                              0x08005e1d   Thumb Code   154  stm32f4xx_tim.o(i.TIM_OC2Init)
    TIM_OC2PreloadConfig                     0x08005ec1   Thumb Code    26  stm32f4xx_tim.o(i.TIM_OC2PreloadConfig)
    TIM_OCStructInit                         0x08005edb   Thumb Code    20  stm32f4xx_tim.o(i.TIM_OCStructInit)
    TIM_SetCompare2                          0x08005eef   Thumb Code     4  stm32f4xx_tim.o(i.TIM_SetCompare2)
    TIM_TimeBaseInit                         0x08005ef5   Thumb Code   104  stm32f4xx_tim.o(i.TIM_TimeBaseInit)
    TIM_TimeBaseStructInit                   0x08005f79   Thumb Code    18  stm32f4xx_tim.o(i.TIM_TimeBaseStructInit)
    UART2_Init                               0x08005f8d   Thumb Code   162  usart_debug.o(i.UART2_Init)
    UART2_ReadLine                           0x08006039   Thumb Code    62  usart_debug.o(i.UART2_ReadLine)
    UART_SendByte                            0x08006081   Thumb Code    30  usart_debug.o(i.UART_SendByte)
    UART_SendString                          0x0800609f   Thumb Code    40  usart_debug.o(i.UART_SendString)
    USART1_IRQHandler                        0x080060c7   Thumb Code     8  stm32f4xx_it.o(i.USART1_IRQHandler)
    USART2_IRQHandler                        0x080060d1   Thumb Code   130  usart_debug.o(i.USART2_IRQHandler)
    USART_ClearITPendingBit                  0x08006169   Thumb Code    30  stm32f4xx_usart.o(i.USART_ClearITPendingBit)
    USART_Cmd                                0x08006187   Thumb Code    24  stm32f4xx_usart.o(i.USART_Cmd)
    USART_DMACmd                             0x0800619f   Thumb Code    18  stm32f4xx_usart.o(i.USART_DMACmd)
    USART_DeInit                             0x080061b1   Thumb Code   206  stm32f4xx_usart.o(i.USART_DeInit)
    USART_GetFlagStatus                      0x080062a1   Thumb Code    26  stm32f4xx_usart.o(i.USART_GetFlagStatus)
    USART_GetITStatus                        0x080062bb   Thumb Code    84  stm32f4xx_usart.o(i.USART_GetITStatus)
    USART_ITConfig                           0x0800630f   Thumb Code    74  stm32f4xx_usart.o(i.USART_ITConfig)
    USART_Init                               0x08006359   Thumb Code   204  stm32f4xx_usart.o(i.USART_Init)
    USART_ReceiveData                        0x0800642d   Thumb Code    10  stm32f4xx_usart.o(i.USART_ReceiveData)
    USART_SendData                           0x08006437   Thumb Code     8  stm32f4xx_usart.o(i.USART_SendData)
    UsageFault_Handler                       0x0800643f   Thumb Code     4  stm32f4xx_it.o(i.UsageFault_Handler)
    __0snprintf$8                            0x08006445   Thumb Code    44  printf8.o(i.__0snprintf$8)
    __1snprintf$8                            0x08006445   Thumb Code     0  printf8.o(i.__0snprintf$8)
    __2snprintf                              0x08006445   Thumb Code     0  printf8.o(i.__0snprintf$8)
    __hardfp_atof                            0x08006479   Thumb Code    44  atof.o(i.__hardfp_atof)
    __read_errno                             0x080064b1   Thumb Code     6  errno.o(i.__read_errno)
    __scatterload_copy                       0x080064bd   Thumb Code    14  handlers.o(i.__scatterload_copy)
    __scatterload_null                       0x080064cb   Thumb Code     2  handlers.o(i.__scatterload_null)
    __scatterload_zeroinit                   0x080064cd   Thumb Code    14  handlers.o(i.__scatterload_zeroinit)
    __set_errno                              0x080064dd   Thumb Code     6  errno.o(i.__set_errno)
    _is_digit                                0x080064e9   Thumb Code    14  scanf_fp.o(i._is_digit)
    delay_ms                                 0x0800739f   Thumb Code    30  delay.o(i.delay_ms)
    delay_us                                 0x080073bd   Thumb Code    28  delay.o(i.delay_us)
    main                                     0x0800850d   Thumb Code    12  main.o(i.main)
    ASCII8x16_Table                          0x080098c8   Data        1520  lcd_fonts.o(.constdata)
    __ctype_categories                       0x0800a458   Data          64  ctype_c.o(.constdata)
    Region$$Table$$Base                      0x0800a7e0   Number         0  anon$$obj.o(Region$$Table)
    Region$$Table$$Limit                     0x0800a800   Number         0  anon$$obj.o(Region$$Table)
    SystemCoreClock                          0x20000024   Data           4  system_stm32f4xx.o(.data)
    AHBPrescTable                            0x20000028   Data          16  system_stm32f4xx.o(.data)
    ASCII_8x16                               0x20000048   Data           8  lcd_fonts.o(.data)
    g_LCD_ScanMode                           0x20000054   Data           1  lcd_ili9341.o(.data)
    g_LCD_LenX                               0x2000005a   Data           2  lcd_ili9341.o(.data)
    g_LCD_LenY                               0x2000005c   Data           2  lcd_ili9341.o(.data)
    __initial_sp                             0x200037f0   Data           0  startup_stm32f40_41xxx.o(STACK)



==============================================================================

Memory Map of the image

  Image Entry point : 0x08000189

  Load Region LR_IROM1 (Base: 0x08000000, Size: 0x0000a904, Max: 0x00080000, ABSOLUTE)

    Execution Region ER_IROM1 (Exec base: 0x08000000, Load base: 0x08000000, Size: 0x0000a800, Max: 0x00080000, ABSOLUTE)

    Exec Addr    Load Addr    Size         Type   Attr      Idx    E Section Name        Object

    0x08000000   0x08000000   0x00000188   Data   RO          429    RESET               startup_stm32f40_41xxx.o
    0x08000188   0x08000188   0x00000000   Code   RO         7200  * .ARM.Collect$$$$00000000  mc_w.l(entry.o)
    0x08000188   0x08000188   0x00000004   Code   RO         7498    .ARM.Collect$$$$00000001  mc_w.l(entry2.o)
    0x0800018c   0x0800018c   0x00000004   Code   RO         7501    .ARM.Collect$$$$00000004  mc_w.l(entry5.o)
    0x08000190   0x08000190   0x00000000   Code   RO         7503    .ARM.Collect$$$$00000008  mc_w.l(entry7b.o)
    0x08000190   0x08000190   0x00000000   Code   RO         7505    .ARM.Collect$$$$0000000A  mc_w.l(entry8b.o)
    0x08000190   0x08000190   0x00000008   Code   RO         7506    .ARM.Collect$$$$0000000B  mc_w.l(entry9a.o)
    0x08000198   0x08000198   0x00000000   Code   RO         7508    .ARM.Collect$$$$0000000D  mc_w.l(entry10a.o)
    0x08000198   0x08000198   0x00000000   Code   RO         7510    .ARM.Collect$$$$0000000F  mc_w.l(entry11a.o)
    0x08000198   0x08000198   0x00000004   Code   RO         7499    .ARM.Collect$$$$00002712  mc_w.l(entry2.o)
    0x0800019c   0x0800019c   0x00000024   Code   RO          430    .text               startup_stm32f40_41xxx.o
    0x080001c0   0x080001c0   0x00000024   Code   RO         7203    .text               mc_w.l(memcpya.o)
    0x080001e4   0x080001e4   0x00000024   Code   RO         7205    .text               mc_w.l(memseta.o)
    0x08000208   0x08000208   0x00000024   Code   RO         7207    .text               mc_w.l(strstr.o)
    0x0800022c   0x0800022c   0x00000018   Code   RO         7209    .text               mc_w.l(strncpy.o)
    0x08000244   0x08000244   0x0000001c   Code   RO         7211    .text               mc_w.l(strcmp.o)
    0x08000260   0x08000260   0x00000044   Code   RO         7213    .text               mc_w.l(strtok.o)
    0x080002a4   0x080002a4   0x00000038   Code   RO         7482    .text               mc_w.l(__0sscanf.o)
    0x080002dc   0x080002dc   0x0000014c   Code   RO         7484    .text               mc_w.l(_scanf_int.o)
    0x08000428   0x08000428   0x000000e0   Code   RO         7486    .text               mc_w.l(_scanf_str.o)
    0x08000508   0x08000508   0x0000014e   Code   RO         7488    .text               mf_w.l(dadd.o)
    0x08000656   0x08000656   0x000000e4   Code   RO         7490    .text               mf_w.l(dmul.o)
    0x0800073a   0x0800073a   0x000000de   Code   RO         7492    .text               mf_w.l(ddiv.o)
    0x08000818   0x08000818   0x00000022   Code   RO         7494    .text               mf_w.l(dflti.o)
    0x0800083a   0x0800083a   0x0000003e   Code   RO         7496    .text               mf_w.l(dfixi.o)
    0x08000878   0x08000878   0x00000062   Code   RO         7515    .text               mc_w.l(uldiv.o)
    0x080008da   0x080008da   0x0000001e   Code   RO         7517    .text               mc_w.l(llshl.o)
    0x080008f8   0x080008f8   0x00000020   Code   RO         7519    .text               mc_w.l(llushr.o)
    0x08000918   0x08000918   0x00000024   Code   RO         7521    .text               mc_w.l(llsshr.o)
    0x0800093c   0x0800093c   0x0000001c   Code   RO         7530    .text               mc_w.l(_chval.o)
    0x08000958   0x08000958   0x00000028   Code   RO         7532    .text               mc_w.l(scanf_char.o)
    0x08000980   0x08000980   0x00000040   Code   RO         7534    .text               mc_w.l(_sgetc.o)
    0x080009c0   0x080009c0   0x0000009c   Code   RO         7536    .text               mc_w.l(strtod.o)
    0x08000a5c   0x08000a5c   0x00000000   Code   RO         7538    .text               mc_w.l(iusefp.o)
    0x08000a5c   0x08000a5c   0x000000ba   Code   RO         7539    .text               mf_w.l(depilogue.o)
    0x08000b16   0x08000b16   0x00000002   PAD
    0x08000b18   0x08000b18   0x00000024   Code   RO         7545    .text               mc_w.l(init.o)
    0x08000b3c   0x08000b3c   0x0000000a   Code   RO         7547    .text               mc_w.l(isspace_c.o)
    0x08000b46   0x08000b46   0x00000002   PAD
    0x08000b48   0x08000b48   0x0000032c   Code   RO         7549    .text               mc_w.l(_scanf.o)
    0x08000e74   0x08000e74   0x00000360   Code   RO         7551    .text               mc_w.l(scanf_fp.o)
    0x080011d4   0x080011d4   0x00000028   Code   RO         7555    .text               mc_w.l(ctype_c.o)
    0x080011fc   0x080011fc   0x00000018   Code   RO         7558    .text               mf_w.l(dfltul.o)
    0x08001214   0x08001214   0x00000038   Code   RO         7560    .text               mf_w.l(d2f.o)
    0x0800124c   0x0800124c   0x0000006e   Code   RO         7562    .text               mf_w.l(fepilogue.o)
    0x080012ba   0x080012ba   0x00000016   Code   RO          486    i.ADC_Cmd           stm32f4xx_adc.o
    0x080012d0   0x080012d0   0x00000030   Code   RO          487    i.ADC_CommonInit    stm32f4xx_adc.o
    0x08001300   0x08001300   0x0000000c   Code   RO          488    i.ADC_CommonStructInit  stm32f4xx_adc.o
    0x0800130c   0x0800130c   0x00000008   Code   RO          498    i.ADC_GetConversionValue  stm32f4xx_adc.o
    0x08001314   0x08001314   0x00000012   Code   RO          499    i.ADC_GetFlagStatus  stm32f4xx_adc.o
    0x08001326   0x08001326   0x00000002   PAD
    0x08001328   0x08001328   0x00000054   Code   RO          506    i.ADC_Init          stm32f4xx_adc.o
    0x0800137c   0x0800137c   0x000000b8   Code   RO          511    i.ADC_RegularChannelConfig  stm32f4xx_adc.o
    0x08001434   0x08001434   0x0000000a   Code   RO          513    i.ADC_SoftwareStartConv  stm32f4xx_adc.o
    0x0800143e   0x0800143e   0x00000014   Code   RO          515    i.ADC_StructInit    stm32f4xx_adc.o
    0x08001452   0x08001452   0x00000020   Code   RO         6252    i.Adapter_Auth_BackupVerify  fingerprint.o
    0x08001472   0x08001472   0x00000002   PAD
    0x08001474   0x08001474   0x00000008   Code   RO         6253    i.Adapter_Auth_CardId  fingerprint.o
    0x0800147c   0x0800147c   0x0000009c   Code   RO         6254    i.Adapter_Auth_ClearRegistration  fingerprint.o
    0x08001518   0x08001518   0x00000008   Code   RO         6255    i.Adapter_Auth_FingerId  fingerprint.o
    0x08001520   0x08001520   0x0000000c   Code   RO         6256    i.Adapter_Auth_Init  fingerprint.o
    0x0800152c   0x0800152c   0x0000000c   Code   RO         6257    i.Adapter_Auth_IsAdmin  fingerprint.o
    0x08001538   0x08001538   0x0000000c   Code   RO         6258    i.Adapter_Auth_IsFingerRegistered  fingerprint.o
    0x08001544   0x08001544   0x0000000c   Code   RO         6259    i.Adapter_Auth_IsFingerVerified  fingerprint.o
    0x08001550   0x08001550   0x0000000c   Code   RO         6260    i.Adapter_Auth_IsLoggedIn  fingerprint.o
    0x0800155c   0x0800155c   0x0000000c   Code   RO         6261    i.Adapter_Auth_IsNfcRegistered  fingerprint.o
    0x08001568   0x08001568   0x0000000c   Code   RO         6262    i.Adapter_Auth_IsNfcVerified  fingerprint.o
    0x08001574   0x08001574   0x00000010   Code   RO         6264    i.Adapter_Auth_Login  fingerprint.o
    0x08001584   0x08001584   0x00000044   Code   RO         6265    i.Adapter_Auth_Logout  fingerprint.o
    0x080015c8   0x080015c8   0x00000084   Code   RO         6267    i.Adapter_Auth_Register  fingerprint.o
    0x0800164c   0x0800164c   0x0000000c   Code   RO         6268    i.Adapter_Auth_SetUsart1Target  fingerprint.o
    0x08001658   0x08001658   0x000000f8   Code   RO         6269    i.Adapter_Auth_StatusText  fingerprint.o
    0x08001750   0x08001750   0x0000004c   Code   RO         6270    i.Adapter_Auth_USART1_IRQHandler  fingerprint.o
    0x0800179c   0x0800179c   0x0000006c   Code   RO         6272    i.Adapter_Auth_Verify  fingerprint.o
    0x08001808   0x08001808   0x00000014   Code   RO         5706    i.Adapter_DHT11_Init  dht11.o
    0x0800181c   0x0800181c   0x00000034   Code   RO         5707    i.Adapter_DHT11_Read  dht11.o
    0x08001850   0x08001850   0x00000014   Code   RO         5708    i.Adapter_DHT11_SetOffset  dht11.o
    0x08001864   0x08001864   0x00000024   Code   RO         5992    i.Adapter_EEPROM_Crc  eeprom.o
    0x08001888   0x08001888   0x00000040   Code   RO         5993    i.Adapter_EEPROM_Init  eeprom.o
    0x080018c8   0x080018c8   0x00000038   Code   RO         5994    i.Adapter_EEPROM_Load  eeprom.o
    0x08001900   0x08001900   0x0000002c   Code   RO         5995    i.Adapter_EEPROM_Save  eeprom.o
    0x0800192c   0x0800192c   0x00000060   Code   RO         6205    i.Adapter_Flash_Append  w25q64.o
    0x0800198c   0x0800198c   0x00000024   Code   RO         6206    i.Adapter_Flash_Clear  w25q64.o
    0x080019b0   0x080019b0   0x0000000c   Code   RO         6207    i.Adapter_Flash_Count  w25q64.o
    0x080019bc   0x080019bc   0x00000024   Code   RO         6208    i.Adapter_Flash_Init  w25q64.o
    0x080019e0   0x080019e0   0x00000048   Code   RO         6209    i.Adapter_Flash_Read  w25q64.o
    0x08001a28   0x08001a28   0x000000ec   Code   RO         5205    i.Adapter_LCD_DrawButtonPage  lcd.o
    0x08001b14   0x08001b14   0x00000090   Code   RO         5208    i.Adapter_LCD_Init  lcd.o
    0x08001ba4   0x08001ba4   0x00000038   Code   RO         5436    i.Adapter_Touch_GetEvent  xpt2046.o
    0x08001bdc   0x08001bdc   0x00000024   Code   RO         5437    i.Adapter_Touch_Init  xpt2046.o
    0x08001c00   0x08001c00   0x00000014   Code   RO         5438    i.Adapter_Touch_Inject  xpt2046.o
    0x08001c14   0x08001c14   0x0000011c   Code   RO         6751    i.App_Alarm_Evaluate  alarm.o
    0x08001d30   0x08001d30   0x0000005c   Code   RO         6752    i.App_Alarm_ForceEmergency  alarm.o
    0x08001d8c   0x08001d8c   0x0000000c   Code   RO         6753    i.App_Alarm_GetLevel  alarm.o
    0x08001d98   0x08001d98   0x00000028   Code   RO         6754    i.App_Alarm_GetThresholds  alarm.o
    0x08001dc0   0x08001dc0   0x0000002c   Code   RO         6755    i.App_Alarm_Init    alarm.o
    0x08001dec   0x08001dec   0x0000000c   Code   RO         6756    i.App_Alarm_IsMuted  alarm.o
    0x08001df8   0x08001df8   0x0000003c   Code   RO         6757    i.App_Alarm_MuteByKey  alarm.o
    0x08001e34   0x08001e34   0x00000054   Code   RO         6758    i.App_Alarm_Name    alarm.o
    0x08001e88   0x08001e88   0x00000054   Code   RO         6759    i.App_Alarm_ResetByAdmin  alarm.o
    0x08001edc   0x08001edc   0x00000028   Code   RO         6760    i.App_Alarm_ResetThresholds  alarm.o
    0x08001f04   0x08001f04   0x00000050   Code   RO         6761    i.App_Alarm_SetThresholds  alarm.o
    0x08001f54   0x08001f54   0x00000248   Code   RO         6092    i.App_Cargo_Confirm  cargo_manager.o
    0x0800219c   0x0800219c   0x0000005c   Code   RO         6094    i.App_Cargo_FormatList  cargo_manager.o
    0x080021f8   0x080021f8   0x00000008   Code   RO         6095    i.App_Cargo_Init    cargo_manager.o
    0x08002200   0x08002200   0x0000000c   Code   RO         6096    i.App_Cargo_Mode    cargo_manager.o
    0x0800220c   0x0800220c   0x00000028   Code   RO         6097    i.App_Cargo_ModeName  cargo_manager.o
    0x08002234   0x08002234   0x00000008   Code   RO         6098    i.App_Cargo_PendingName  cargo_manager.o
    0x0800223c   0x0800223c   0x0000000c   Code   RO         6099    i.App_Cargo_PendingQuantity  cargo_manager.o
    0x08002248   0x08002248   0x00000090   Code   RO         6101    i.App_Cargo_Reset   cargo_manager.o
    0x080022d8   0x080022d8   0x00000078   Code   RO         6102    i.App_Cargo_SelectMode  cargo_manager.o
    0x08002350   0x08002350   0x000000a0   Code   RO         6103    i.App_Cargo_SetPending  cargo_manager.o
    0x080023f0   0x080023f0   0x00000008   Code   RO         6104    i.App_Cargo_StatusText  cargo_manager.o
    0x080023f8   0x080023f8   0x000009f8   Code   RO         5826    i.App_Cmd_ProcessLine  command_parser.o
    0x08002df0   0x08002df0   0x0000009c   Code   RO         6555    i.App_GPS_FeedNmea  gps.o
    0x08002e8c   0x08002e8c   0x00000008   Code   RO         6557    i.App_GPS_GetFix    gps.o
    0x08002e94   0x08002e94   0x00000040   Code   RO         6558    i.App_GPS_Init      gps.o
    0x08002ed4   0x08002ed4   0x00000020   Code   RO         6559    i.App_GPS_SetLost   gps.o
    0x08002ef4   0x08002ef4   0x00000020   Code   RO         6560    i.App_GPS_SetReplay  gps.o
    0x08002f14   0x08002f14   0x00000014   Code   RO         6561    i.App_GPS_SetRouteDeviation  gps.o
    0x08002f28   0x08002f28   0x00000078   Code   RO         6563    i.App_GPS_StatusName  gps.o
    0x08002fa0   0x08002fa0   0x000000b0   Code   RO         6564    i.App_GPS_Task1000ms  gps.o
    0x08003050   0x08003050   0x00000008   Code   RO         5626    i.App_Gas_Get       data_manager.o
    0x08003058   0x08003058   0x0000000c   Code   RO         5627    i.App_Gas_GetSource  data_manager.o
    0x08003064   0x08003064   0x0000002c   Code   RO         5628    i.App_Gas_Init      data_manager.o
    0x08003090   0x08003090   0x00000014   Code   RO         5629    i.App_Gas_SetSceneValue  data_manager.o
    0x080030a4   0x080030a4   0x0000000c   Code   RO         5630    i.App_Gas_SetSource  data_manager.o
    0x080030b0   0x080030b0   0x00000018   Code   RO         5631    i.App_Gas_SetUartValue  data_manager.o
    0x080030c8   0x080030c8   0x0000005c   Code   RO         5632    i.App_Gas_SourceName  data_manager.o
    0x08003124   0x08003124   0x00000058   Code   RO         5633    i.App_Gas_StartUartRamp  data_manager.o
    0x0800317c   0x0800317c   0x0000006c   Code   RO         5634    i.App_Gas_Task1000ms  data_manager.o
    0x080031e8   0x080031e8   0x000000a4   Code   RO         5635    i.App_Gas_Update    data_manager.o
    0x0800328c   0x0800328c   0x00000120   Code   RO            4    i.App_Init          app_main.o
    0x080033ac   0x080033ac   0x00000018   Code   RO         6033    i.App_Log_Add       log_manager.o
    0x080033c4   0x080033c4   0x0000001c   Code   RO         6034    i.App_Log_Clear     log_manager.o
    0x080033e0   0x080033e0   0x00000008   Code   RO         6035    i.App_Log_Count     log_manager.o
    0x080033e8   0x080033e8   0x000000bc   Code   RO         6036    i.App_Log_Export    log_manager.o
    0x080034a4   0x080034a4   0x00000028   Code   RO         6037    i.App_Log_Init      log_manager.o
    0x080034cc   0x080034cc   0x00000010   Code   RO         6038    i.App_Log_Read      log_manager.o
    0x080034dc   0x080034dc   0x0000005c   Code   RO         6039    i.App_Log_TypeName  log_manager.o
    0x08003538   0x08003538   0x00000054   Code   RO            5    i.App_OnEmergencyButton  app_main.o
    0x0800358c   0x0800358c   0x00000010   Code   RO            6    i.App_OnSysTick     app_main.o
    0x0800359c   0x0800359c   0x00000110   Code   RO            7    i.App_Run           app_main.o
    0x080036ac   0x080036ac   0x0000000c   Code   RO         6943    i.App_Scene_Current  gas_scene.o
    0x080036b8   0x080036b8   0x00000014   Code   RO         6944    i.App_Scene_Init    gas_scene.o
    0x080036cc   0x080036cc   0x000000a4   Code   RO         6945    i.App_Scene_Name    gas_scene.o
    0x08003770   0x08003770   0x00000090   Code   RO         6946    i.App_Scene_Start   gas_scene.o
    0x08003800   0x08003800   0x00000030   Code   RO         6947    i.App_Scene_Stop    gas_scene.o
    0x08003830   0x08003830   0x00000104   Code   RO         6948    i.App_Scene_Task1000ms  gas_scene.o
    0x08003934   0x08003934   0x000000bc   Code   RO         7031    i.App_UI_HandleTouch  ui_main.o
    0x080039f0   0x080039f0   0x00000014   Code   RO         7032    i.App_UI_Init       ui_main.o
    0x08003a04   0x08003a04   0x00000084   Code   RO         7033    i.App_UI_Render     ui_main.o
    0x08003a88   0x08003a88   0x00000028   Code   RO         7034    i.App_UI_SetPage    ui_main.o
    0x08003ab0   0x08003ab0   0x00000098   Code   RO         5530    i.Board_ADC_Init    adc_sensor.o
    0x08003b48   0x08003b48   0x00000014   Code   RO         5531    i.Board_ADC_RawToGas  adc_sensor.o
    0x08003b5c   0x08003b5c   0x0000001e   Code   RO         5532    i.Board_ADC_ReadBatteryMv  adc_sensor.o
    0x08003b7a   0x08003b7a   0x00000010   Code   RO         5533    i.Board_ADC_ReadDacLoop  adc_sensor.o
    0x08003b8a   0x08003b8a   0x00000010   Code   RO         5534    i.Board_ADC_ReadGasReal  adc_sensor.o
    0x08003b9a   0x08003b9a   0x00000010   Code   RO         5535    i.Board_ADC_ReadPot  adc_sensor.o
    0x08003baa   0x08003baa   0x00000002   PAD
    0x08003bac   0x08003bac   0x00000044   Code   RO         5536    i.Board_ADC_ReadRaw  adc_sensor.o
    0x08003bf0   0x08003bf0   0x00000024   Code   RO         6838    i.Board_Buzzer_Set  gpio_control.o
    0x08003c14   0x08003c14   0x00000044   Code   RO         5763    i.Board_CAN_IRQHandler  can_protocol.o
    0x08003c58   0x08003c58   0x00000104   Code   RO         5764    i.Board_CAN_Init    can_protocol.o
    0x08003d5c   0x08003d5c   0x0000001c   Code   RO         5765    i.Board_CAN_IsOnline  can_protocol.o
    0x08003d78   0x08003d78   0x00000016   Code   RO         5766    i.Board_CAN_SendAlarm  can_protocol.o
    0x08003d8e   0x08003d8e   0x00000002   PAD
    0x08003d90   0x08003d90   0x00000020   Code   RO         5767    i.Board_CAN_SendHeartbeat  can_protocol.o
    0x08003db0   0x08003db0   0x00000020   Code   RO         5768    i.Board_CAN_SetVirtualOnline  can_protocol.o
    0x08003dd0   0x08003dd0   0x00000044   Code   RO         5769    i.Board_CAN_StatusName  can_protocol.o
    0x08003e14   0x08003e14   0x0000000c   Code   RO         5586    i.Board_DAC_GetLastGasValue  dac_output.o
    0x08003e20   0x08003e20   0x0000005c   Code   RO         5587    i.Board_DAC_Init    dac_output.o
    0x08003e7c   0x08003e7c   0x0000002c   Code   RO         5588    i.Board_DAC_SetGasValue  dac_output.o
    0x08003ea8   0x08003ea8   0x00000030   Code   RO         5879    i.Board_DMA_USART2_IRQHandler  dma_uart.o
    0x08003ed8   0x08003ed8   0x000000a8   Code   RO         5880    i.Board_DMA_USART2_Init  dma_uart.o
    0x08003f80   0x08003f80   0x000000b0   Code   RO         5882    i.Board_DMA_USART2_Send  dma_uart.o
    0x08004030   0x08004030   0x000000dc   Code   RO         6839    i.Board_GPIO_Init   gpio_control.o
    0x0800410c   0x0800410c   0x00000068   Code   RO         6840    i.Board_Key_Read    gpio_control.o
    0x08004174   0x08004174   0x0000003c   Code   RO         6841    i.Board_LED_Set     gpio_control.o
    0x080041b0   0x080041b0   0x0000001c   Code   RO         6842    i.Board_LED_Toggle  gpio_control.o
    0x080041cc   0x080041cc   0x000000b4   Code   RO         6892    i.Board_PWM_Init    pwm_control.o
    0x08004280   0x08004280   0x0000001c   Code   RO         6893    i.Board_PWM_SetFanPercent  pwm_control.o
    0x0800429c   0x0800429c   0x00000044   Code   RO         6716    i.Board_RTC_GetUnixLike  rtc_manager.o
    0x080042e0   0x080042e0   0x000000a0   Code   RO         6717    i.Board_RTC_Init    rtc_manager.o
    0x08004380   0x08004380   0x00000060   Code   RO         6894    i.Board_Timer_Init  pwm_control.o
    0x080043e0   0x080043e0   0x00000004   Code   RO          297    i.BusFault_Handler  stm32f4xx_it.o
    0x080043e4   0x080043e4   0x00000008   Code   RO          298    i.CAN1_RX0_IRQHandler  stm32f4xx_it.o
    0x080043ec   0x080043ec   0x00000038   Code   RO          726    i.CAN_DeInit        stm32f4xx_can.o
    0x08004424   0x08004424   0x00000108   Code   RO          728    i.CAN_FilterInit    stm32f4xx_can.o
    0x0800452c   0x0800452c   0x00000012   Code   RO          734    i.CAN_ITConfig      stm32f4xx_can.o
    0x0800453e   0x0800453e   0x00000114   Code   RO          735    i.CAN_Init          stm32f4xx_can.o
    0x08004652   0x08004652   0x0000001e   Code   RO          736    i.CAN_MessagePending  stm32f4xx_can.o
    0x08004670   0x08004670   0x000000f0   Code   RO          738    i.CAN_Receive       stm32f4xx_can.o
    0x08004760   0x08004760   0x00000020   Code   RO          741    i.CAN_StructInit    stm32f4xx_can.o
    0x08004780   0x08004780   0x00000126   Code   RO          743    i.CAN_Transmit      stm32f4xx_can.o
    0x080048a6   0x080048a6   0x00000002   PAD
    0x080048a8   0x080048a8   0x00000028   Code   RO         1161    i.DAC_Cmd           stm32f4xx_dac.o
    0x080048d0   0x080048d0   0x00000034   Code   RO         1169    i.DAC_Init          stm32f4xx_dac.o
    0x08004904   0x08004904   0x00000020   Code   RO         1170    i.DAC_SetChannel1Data  stm32f4xx_dac.o
    0x08004924   0x08004924   0x0000000c   Code   RO         1174    i.DAC_StructInit    stm32f4xx_dac.o
    0x08004930   0x08004930   0x00000008   Code   RO          299    i.DMA1_Stream6_IRQHandler  stm32f4xx_it.o
    0x08004938   0x08004938   0x00000034   Code   RO         1423    i.DMA_ClearFlag     stm32f4xx_dma.o
    0x0800496c   0x0800496c   0x00000034   Code   RO         1424    i.DMA_ClearITPendingBit  stm32f4xx_dma.o
    0x080049a0   0x080049a0   0x00000016   Code   RO         1425    i.DMA_Cmd           stm32f4xx_dma.o
    0x080049b6   0x080049b6   0x00000002   PAD
    0x080049b8   0x080049b8   0x00000158   Code   RO         1426    i.DMA_DeInit        stm32f4xx_dma.o
    0x08004b10   0x08004b10   0x00000014   Code   RO         1430    i.DMA_GetCmdStatus  stm32f4xx_dma.o
    0x08004b24   0x08004b24   0x00000064   Code   RO         1435    i.DMA_GetITStatus   stm32f4xx_dma.o
    0x08004b88   0x08004b88   0x0000003a   Code   RO         1436    i.DMA_ITConfig      stm32f4xx_dma.o
    0x08004bc2   0x08004bc2   0x00000002   PAD
    0x08004bc4   0x08004bc4   0x00000058   Code   RO         1437    i.DMA_Init          stm32f4xx_dma.o
    0x08004c1c   0x08004c1c   0x00000022   Code   RO         1441    i.DMA_StructInit    stm32f4xx_dma.o
    0x08004c3e   0x08004c3e   0x00000002   Code   RO          300    i.DebugMon_Handler  stm32f4xx_it.o
    0x08004c40   0x08004c40   0x00000016   Code   RO          301    i.EXTI0_IRQHandler  stm32f4xx_it.o
    0x08004c56   0x08004c56   0x00000002   PAD
    0x08004c58   0x08004c58   0x0000000c   Code   RO         1683    i.EXTI_ClearITPendingBit  stm32f4xx_exti.o
    0x08004c64   0x08004c64   0x00000018   Code   RO         1687    i.EXTI_GetITStatus  stm32f4xx_exti.o
    0x08004c7c   0x08004c7c   0x00000094   Code   RO         1688    i.EXTI_Init         stm32f4xx_exti.o
    0x08004d10   0x08004d10   0x00000010   Code   RO         1689    i.EXTI_StructInit   stm32f4xx_exti.o
    0x08004d20   0x08004d20   0x00000034   Code   RO         2038    i.FSMC_NORSRAMCmd   stm32f4xx_fsmc.o
    0x08004d54   0x08004d54   0x000000e6   Code   RO         2040    i.FSMC_NORSRAMInit  stm32f4xx_fsmc.o
    0x08004e3a   0x08004e3a   0x00000090   Code   RO         2159    i.GPIO_Init         stm32f4xx_gpio.o
    0x08004eca   0x08004eca   0x00000046   Code   RO         2160    i.GPIO_PinAFConfig  stm32f4xx_gpio.o
    0x08004f10   0x08004f10   0x00000012   Code   RO         2163    i.GPIO_ReadInputDataBit  stm32f4xx_gpio.o
    0x08004f22   0x08004f22   0x00000004   Code   RO         2166    i.GPIO_ResetBits    stm32f4xx_gpio.o
    0x08004f26   0x08004f26   0x00000004   Code   RO         2167    i.GPIO_SetBits      stm32f4xx_gpio.o
    0x08004f2a   0x08004f2a   0x00000012   Code   RO         2168    i.GPIO_StructInit   stm32f4xx_gpio.o
    0x08004f3c   0x08004f3c   0x00000004   Code   RO          302    i.HardFault_Handler  stm32f4xx_it.o
    0x08004f40   0x08004f40   0x00000024   Code   RO         5314    i.ILI9341_BackLight  lcd_ili9341.o
    0x08004f64   0x08004f64   0x0000005e   Code   RO         5315    i.ILI9341_FSMC_Config  lcd_ili9341.o
    0x08004fc2   0x08004fc2   0x00000002   PAD
    0x08004fc4   0x08004fc4   0x00000020   Code   RO         5316    i.ILI9341_FillColor  lcd_ili9341.o
    0x08004fe4   0x08004fe4   0x0000013c   Code   RO         5317    i.ILI9341_GPIO_Config  lcd_ili9341.o
    0x08005120   0x08005120   0x00000074   Code   RO         5318    i.ILI9341_GramScan  lcd_ili9341.o
    0x08005194   0x08005194   0x00000050   Code   RO         5319    i.ILI9341_OpenWindow  lcd_ili9341.o
    0x080051e4   0x080051e4   0x00000050   Code   RO         5320    i.ILI9341_REG_Config  lcd_ili9341.o
    0x08005234   0x08005234   0x00000024   Code   RO         5321    i.ILI9341_Rst       lcd_ili9341.o
    0x08005258   0x08005258   0x0000002c   Code   RO         5322    i.LCD_Clear         lcd_ili9341.o
    0x08005284   0x08005284   0x0000007c   Code   RO         5323    i.LCD_DispMask      lcd_ili9341.o
    0x08005300   0x08005300   0x0000007c   Code   RO         5324    i.LCD_DispStringEN  lcd_ili9341.o
    0x0800537c   0x0800537c   0x0000000c   Code   RO         5272    i.LCD_GetFontEN     lcd_fonts.o
    0x08005388   0x08005388   0x0000000c   Code   RO         5326    i.LCD_GetLenX       lcd_ili9341.o
    0x08005394   0x08005394   0x0000000c   Code   RO         5327    i.LCD_GetLenY       lcd_ili9341.o
    0x080053a0   0x080053a0   0x00000030   Code   RO         5273    i.LCD_GetMaskEN     lcd_fonts.o
    0x080053d0   0x080053d0   0x00000028   Code   RO         5328    i.LCD_Init          lcd_ili9341.o
    0x080053f8   0x080053f8   0x00000014   Code   RO         5330    i.LCD_SetColors     lcd_ili9341.o
    0x0800540c   0x0800540c   0x0000000c   Code   RO         5274    i.LCD_SetFontEN     lcd_fonts.o
    0x08005418   0x08005418   0x00000004   Code   RO          303    i.MemManage_Handler  stm32f4xx_it.o
    0x0800541c   0x0800541c   0x00000070   Code   RO         6636    i.NFC_Init          nfc.o
    0x0800548c   0x0800548c   0x00000108   Code   RO         6637    i.NFC_ReadCard      nfc.o
    0x08005594   0x08005594   0x00000024   Code   RO         6638    i.NFC_USART1_RxByte  nfc.o
    0x080055b8   0x080055b8   0x00000002   Code   RO          304    i.NMI_Handler       stm32f4xx_it.o
    0x080055ba   0x080055ba   0x00000002   PAD
    0x080055bc   0x080055bc   0x00000078   Code   RO          436    i.NVIC_Init         misc.o
    0x08005634   0x08005634   0x00000014   Code   RO          437    i.NVIC_PriorityGroupConfig  misc.o
    0x08005648   0x08005648   0x0000000c   Code   RO         2901    i.PWR_BackupAccessCmd  stm32f4xx_pwr.o
    0x08005654   0x08005654   0x00000002   Code   RO          305    i.PendSV_Handler    stm32f4xx_it.o
    0x08005656   0x08005656   0x00000002   PAD
    0x08005658   0x08005658   0x00000020   Code   RO         3023    i.RCC_AHB1PeriphClockCmd  stm32f4xx_rcc.o
    0x08005678   0x08005678   0x00000020   Code   RO         3029    i.RCC_AHB3PeriphClockCmd  stm32f4xx_rcc.o
    0x08005698   0x08005698   0x00000020   Code   RO         3032    i.RCC_APB1PeriphClockCmd  stm32f4xx_rcc.o
    0x080056b8   0x080056b8   0x00000020   Code   RO         3034    i.RCC_APB1PeriphResetCmd  stm32f4xx_rcc.o
    0x080056d8   0x080056d8   0x00000020   Code   RO         3035    i.RCC_APB2PeriphClockCmd  stm32f4xx_rcc.o
    0x080056f8   0x080056f8   0x00000020   Code   RO         3037    i.RCC_APB2PeriphResetCmd  stm32f4xx_rcc.o
    0x08005718   0x08005718   0x000000e8   Code   RO         3044    i.RCC_GetClocksFreq  stm32f4xx_rcc.o
    0x08005800   0x08005800   0x00000040   Code   RO         3045    i.RCC_GetFlagStatus  stm32f4xx_rcc.o
    0x08005840   0x08005840   0x0000000c   Code   RO         3055    i.RCC_LSICmd        stm32f4xx_rcc.o
    0x0800584c   0x0800584c   0x0000000c   Code   RO         3067    i.RCC_RTCCLKCmd     stm32f4xx_rcc.o
    0x08005858   0x08005858   0x0000003c   Code   RO         3068    i.RCC_RTCCLKConfig  stm32f4xx_rcc.o
    0x08005894   0x08005894   0x00000016   Code   RO         3422    i.RTC_Bcd2ToByte    stm32f4xx_rtc.o
    0x080058aa   0x080058aa   0x0000001c   Code   RO         3424    i.RTC_ByteToBcd2    stm32f4xx_rtc.o
    0x080058c6   0x080058c6   0x0000000e   Code   RO         3431    i.RTC_DateStructInit  stm32f4xx_rtc.o
    0x080058d4   0x080058d4   0x00000050   Code   RO         3434    i.RTC_EnterInitMode  stm32f4xx_rtc.o
    0x08005924   0x08005924   0x00000014   Code   RO         3435    i.RTC_ExitInitMode  stm32f4xx_rtc.o
    0x08005938   0x08005938   0x0000004c   Code   RO         3438    i.RTC_GetDate       stm32f4xx_rtc.o
    0x08005984   0x08005984   0x00000050   Code   RO         3443    i.RTC_GetTime       stm32f4xx_rtc.o
    0x080059d4   0x080059d4   0x00000064   Code   RO         3448    i.RTC_Init          stm32f4xx_rtc.o
    0x08005a38   0x08005a38   0x000000c8   Code   RO         3454    i.RTC_SetDate       stm32f4xx_rtc.o
    0x08005b00   0x08005b00   0x000000d0   Code   RO         3455    i.RTC_SetTime       stm32f4xx_rtc.o
    0x08005bd0   0x08005bd0   0x0000000e   Code   RO         3458    i.RTC_StructInit    stm32f4xx_rtc.o
    0x08005bde   0x08005bde   0x0000000c   Code   RO         3470    i.RTC_TimeStructInit  stm32f4xx_rtc.o
    0x08005bea   0x08005bea   0x00000002   PAD
    0x08005bec   0x08005bec   0x00000060   Code   RO         3471    i.RTC_WaitForSynchro  stm32f4xx_rtc.o
    0x08005c4c   0x08005c4c   0x00000002   Code   RO          306    i.SVC_Handler       stm32f4xx_it.o
    0x08005c4e   0x08005c4e   0x00000002   PAD
    0x08005c50   0x08005c50   0x00000040   Code   RO         4301    i.SYSCFG_EXTILineConfig  stm32f4xx_syscfg.o
    0x08005c90   0x08005c90   0x000000ec   Code   RO          392    i.SetSysClock       system_stm32f4xx.o
    0x08005d7c   0x08005d7c   0x00000008   Code   RO          307    i.SysTick_Handler   stm32f4xx_it.o
    0x08005d84   0x08005d84   0x00000068   Code   RO          394    i.SystemInit        system_stm32f4xx.o
    0x08005dec   0x08005dec   0x00000018   Code   RO         4358    i.TIM_ARRPreloadConfig  stm32f4xx_tim.o
    0x08005e04   0x08005e04   0x00000018   Code   RO         4370    i.TIM_Cmd           stm32f4xx_tim.o
    0x08005e1c   0x08005e1c   0x000000a4   Code   RO         4404    i.TIM_OC2Init       stm32f4xx_tim.o
    0x08005ec0   0x08005ec0   0x0000001a   Code   RO         4407    i.TIM_OC2PreloadConfig  stm32f4xx_tim.o
    0x08005eda   0x08005eda   0x00000014   Code   RO         4417    i.TIM_OCStructInit  stm32f4xx_tim.o
    0x08005eee   0x08005eee   0x00000004   Code   RO         4433    i.TIM_SetCompare2   stm32f4xx_tim.o
    0x08005ef2   0x08005ef2   0x00000002   PAD
    0x08005ef4   0x08005ef4   0x00000084   Code   RO         4442    i.TIM_TimeBaseInit  stm32f4xx_tim.o
    0x08005f78   0x08005f78   0x00000012   Code   RO         4443    i.TIM_TimeBaseStructInit  stm32f4xx_tim.o
    0x08005f8a   0x08005f8a   0x00000002   PAD
    0x08005f8c   0x08005f8c   0x000000ac   Code   RO         5923    i.UART2_Init        usart_debug.o
    0x08006038   0x08006038   0x00000048   Code   RO         5924    i.UART2_ReadLine    usart_debug.o
    0x08006080   0x08006080   0x0000001e   Code   RO         5925    i.UART_SendByte     usart_debug.o
    0x0800609e   0x0800609e   0x00000028   Code   RO         5927    i.UART_SendString   usart_debug.o
    0x080060c6   0x080060c6   0x00000008   Code   RO          308    i.USART1_IRQHandler  stm32f4xx_it.o
    0x080060ce   0x080060ce   0x00000002   PAD
    0x080060d0   0x080060d0   0x00000098   Code   RO         5928    i.USART2_IRQHandler  usart_debug.o
    0x08006168   0x08006168   0x0000001e   Code   RO         4917    i.USART_ClearITPendingBit  stm32f4xx_usart.o
    0x08006186   0x08006186   0x00000018   Code   RO         4920    i.USART_Cmd         stm32f4xx_usart.o
    0x0800619e   0x0800619e   0x00000012   Code   RO         4921    i.USART_DMACmd      stm32f4xx_usart.o
    0x080061b0   0x080061b0   0x000000f0   Code   RO         4922    i.USART_DeInit      stm32f4xx_usart.o
    0x080062a0   0x080062a0   0x0000001a   Code   RO         4923    i.USART_GetFlagStatus  stm32f4xx_usart.o
    0x080062ba   0x080062ba   0x00000054   Code   RO         4924    i.USART_GetITStatus  stm32f4xx_usart.o
    0x0800630e   0x0800630e   0x0000004a   Code   RO         4926    i.USART_ITConfig    stm32f4xx_usart.o
    0x08006358   0x08006358   0x000000d4   Code   RO         4927    i.USART_Init        stm32f4xx_usart.o
    0x0800642c   0x0800642c   0x0000000a   Code   RO         4934    i.USART_ReceiveData  stm32f4xx_usart.o
    0x08006436   0x08006436   0x00000008   Code   RO         4937    i.USART_SendData    stm32f4xx_usart.o
    0x0800643e   0x0800643e   0x00000004   Code   RO          309    i.UsageFault_Handler  stm32f4xx_it.o
    0x08006442   0x08006442   0x00000002   PAD
    0x08006444   0x08006444   0x00000030   Code   RO         7429    i.__0snprintf$8     mc_w.l(printf8.o)
    0x08006474   0x08006474   0x00000004   PAD
    0x08006478   0x08006478   0x00000038   Code   RO         7194    i.__hardfp_atof     m_wm.l(atof.o)
    0x080064b0   0x080064b0   0x0000000c   Code   RO         7524    i.__read_errno      mc_w.l(errno.o)
    0x080064bc   0x080064bc   0x0000000e   Code   RO         7566    i.__scatterload_copy  mc_w.l(handlers.o)
    0x080064ca   0x080064ca   0x00000002   Code   RO         7567    i.__scatterload_null  mc_w.l(handlers.o)
    0x080064cc   0x080064cc   0x0000000e   Code   RO         7568    i.__scatterload_zeroinit  mc_w.l(handlers.o)
    0x080064da   0x080064da   0x00000002   PAD
    0x080064dc   0x080064dc   0x0000000c   Code   RO         7525    i.__set_errno       mc_w.l(errno.o)
    0x080064e8   0x080064e8   0x0000000e   Code   RO         7553    i._is_digit         mc_w.l(scanf_fp.o)
    0x080064f6   0x080064f6   0x00000002   PAD
    0x080064f8   0x080064f8   0x00000410   Code   RO         7435    i._printf_core      mc_w.l(printf8.o)
    0x08006908   0x08006908   0x00000024   Code   RO         7436    i._printf_post_padding  mc_w.l(printf8.o)
    0x0800692c   0x0800692c   0x0000002e   Code   RO         7437    i._printf_pre_padding  mc_w.l(printf8.o)
    0x0800695a   0x0800695a   0x00000016   Code   RO         7438    i._snputc           mc_w.l(printf8.o)
    0x08006970   0x08006970   0x000003d0   Code   RO         7035    i.action_name       ui_main.o
    0x08006d40   0x08006d40   0x0000005e   Code   RO         7036    i.adjust_threshold  ui_main.o
    0x08006d9e   0x08006d9e   0x00000002   PAD
    0x08006da0   0x08006da0   0x000000b4   Code   RO         7037    i.append_latest_logs  ui_main.o
    0x08006e54   0x08006e54   0x0000000a   Code   RO         7038    i.array_count_u8    ui_main.o
    0x08006e5e   0x08006e5e   0x00000016   Code   RO         6273    i.auth_beep_ok      fingerprint.o
    0x08006e74   0x08006e74   0x00000024   Code   RO         6274    i.auth_password_matches  fingerprint.o
    0x08006e98   0x08006e98   0x00000424   Code   RO         7039    i.build_page_body   ui_main.o
    0x080072bc   0x080072bc   0x0000001e   Code   RO         5827    i.cargo_has_pending  command_parser.o
    0x080072da   0x080072da   0x00000018   Code   RO         5439    i.clamp_coord       xpt2046.o
    0x080072f2   0x080072f2   0x00000012   Code   RO         5636    i.clamp_gas         data_manager.o
    0x08007304   0x08007304   0x0000002c   Code   RO         7040    i.clamp_log_start   ui_main.o
    0x08007330   0x08007330   0x0000001c   Code   RO         6105    i.clear_pending     cargo_manager.o
    0x0800734c   0x0800734c   0x0000001c   Code   RO         7041    i.confirm_cargo_with  ui_main.o
    0x08007368   0x08007368   0x00000036   Code   RO         7042    i.copy_lcd_buttons  ui_main.o
    0x0800739e   0x0800739e   0x0000001e   Code   RO         5166    i.delay_ms          delay.o
    0x080073bc   0x080073bc   0x0000001c   Code   RO         5167    i.delay_us          delay.o
    0x080073d8   0x080073d8   0x00000012   Code   RO            8    i.diff_u16          app_main.o
    0x080073ea   0x080073ea   0x000000a8   Code   RO         5209    i.draw_body_lines_from  lcd.o
    0x08007492   0x08007492   0x00000046   Code   RO         5210    i.draw_button       lcd.o
    0x080074d8   0x080074d8   0x000000cc   Code   RO         6762    i.evaluate_gas_level  alarm.o
    0x080075a4   0x080075a4   0x00000024   Code   RO         6106    i.find_free_item    cargo_manager.o
    0x080075c8   0x080075c8   0x00000038   Code   RO         6107    i.find_item         cargo_manager.o
    0x08007600   0x08007600   0x000000c0   Code   RO         6275    i.fpr_check_ack     fingerprint.o
    0x080076c0   0x080076c0   0x0000001c   Code   RO         6276    i.fpr_clear_rx      fingerprint.o
    0x080076dc   0x080076dc   0x000000c8   Code   RO         6277    i.fpr_ensure_ready  fingerprint.o
    0x080077a4   0x080077a4   0x0000005c   Code   RO         6278    i.fpr_gen_char      fingerprint.o
    0x08007800   0x08007800   0x00000050   Code   RO         6279    i.fpr_get_image     fingerprint.o
    0x08007850   0x08007850   0x0000003c   Code   RO         6280    i.fpr_get_index_empty  fingerprint.o
    0x0800788c   0x0800788c   0x000000c4   Code   RO         6281    i.fpr_high_speed_search  fingerprint.o
    0x08007950   0x08007950   0x00000054   Code   RO         6282    i.fpr_power_on      fingerprint.o
    0x080079a4   0x080079a4   0x00000078   Code   RO         6283    i.fpr_read_index_table  fingerprint.o
    0x08007a1c   0x08007a1c   0x00000050   Code   RO         6284    i.fpr_reg_model     fingerprint.o
    0x08007a6c   0x08007a6c   0x00000218   Code   RO         6285    i.fpr_register_real  fingerprint.o
    0x08007c84   0x08007c84   0x00000020   Code   RO         6286    i.fpr_rx_byte       fingerprint.o
    0x08007ca4   0x08007ca4   0x0000002c   Code   RO         6287    i.fpr_send_cmd_wait  fingerprint.o
    0x08007cd0   0x08007cd0   0x00000030   Code   RO         6288    i.fpr_send_data     fingerprint.o
    0x08007d00   0x08007d00   0x0000003c   Code   RO         6289    i.fpr_send_head     fingerprint.o
    0x08007d3c   0x08007d3c   0x00000028   Code   RO         6290    i.fpr_set_index     fingerprint.o
    0x08007d64   0x08007d64   0x00000076   Code   RO         6291    i.fpr_store_char    fingerprint.o
    0x08007dda   0x08007dda   0x00000002   PAD
    0x08007ddc   0x08007ddc   0x000000d8   Code   RO         6292    i.fpr_usart1_init   fingerprint.o
    0x08007eb4   0x08007eb4   0x000000fc   Code   RO         6293    i.fpr_verify_real   fingerprint.o
    0x08007fb0   0x08007fb0   0x0000007c   Code   RO         6294    i.fpr_vry_pwd       fingerprint.o
    0x0800802c   0x0800802c   0x0000006c   Code   RO         6295    i.fpr_wait_image    fingerprint.o
    0x08008098   0x08008098   0x000002d4   Code   RO         7043    i.handle_action     ui_main.o
    0x0800836c   0x0800836c   0x00000074   Code   RO         7044    i.handle_page_action  ui_main.o
    0x080083e0   0x080083e0   0x00000064   Code   RO         7045    i.hit_action        ui_main.o
    0x08008444   0x08008444   0x000000a8   Code   RO            9    i.key_task          app_main.o
    0x080084ec   0x080084ec   0x00000014   Code   RO         6843    i.led_pin           gpio_control.o
    0x08008500   0x08008500   0x0000000c   Code   RO         6844    i.led_port          gpio_control.o
    0x0800850c   0x0800850c   0x0000000c   Code   RO          277    i.main              main.o
    0x08008518   0x08008518   0x000000d8   Code   RO         7046    i.page_buttons      ui_main.o
    0x080085f0   0x080085f0   0x000000ac   Code   RO         7047    i.page_name         ui_main.o
    0x0800869c   0x0800869c   0x000000b0   Code   RO         6565    i.parse_coord_e7    gps.o
    0x0800874c   0x0800874c   0x000000c4   Code   RO         5828    i.parse_scene       command_parser.o
    0x08008810   0x08008810   0x0000009c   Code   RO         5829    i.parse_source      command_parser.o
    0x080088ac   0x080088ac   0x00000064   Code   RO         6639    i.pn532_check_rx    nfc.o
    0x08008910   0x08008910   0x00000020   Code   RO         6640    i.pn532_checksum    nfc.o
    0x08008930   0x08008930   0x0000001c   Code   RO         6641    i.pn532_clear_rx    nfc.o
    0x0800894c   0x0800894c   0x000000ac   Code   RO         6642    i.pn532_find_card_once  nfc.o
    0x080089f8   0x080089f8   0x00000072   Code   RO         6643    i.pn532_sam_config  nfc.o
    0x08008a6a   0x08008a6a   0x00000002   PAD
    0x08008a6c   0x08008a6c   0x00000030   Code   RO         6644    i.pn532_send_data   nfc.o
    0x08008a9c   0x08008a9c   0x000000b4   Code   RO         6645    i.pn532_usart1_init  nfc.o
    0x08008b50   0x08008b50   0x00000044   Code   RO         6646    i.pn532_wakeup      nfc.o
    0x08008b94   0x08008b94   0x00000150   Code   RO         5830    i.process_backup_password  command_parser.o
    0x08008ce4   0x08008ce4   0x00000024   Code   RO         6296    i.refresh_registered_state  fingerprint.o
    0x08008d08   0x08008d08   0x00000060   Code   RO         6297    i.register_finger   fingerprint.o
    0x08008d68   0x08008d68   0x0000003c   Code   RO         6298    i.register_nfc      fingerprint.o
    0x08008da4   0x08008da4   0x00000020   Code   RO         5831    i.reply             command_parser.o
    0x08008dc4   0x08008dc4   0x000000ac   Code   RO           10    i.report_status_if_changed  app_main.o
    0x08008e70   0x08008e70   0x00000068   Code   RO         7048    i.save_thresholds   ui_main.o
    0x08008ed8   0x08008ed8   0x00000050   Code   RO           11    i.self_check        app_main.o
    0x08008f28   0x08008f28   0x00000044   Code   RO         5770    i.send_frame        can_protocol.o
    0x08008f6c   0x08008f6c   0x00000038   Code   RO           12    i.sensor_task       app_main.o
    0x08008fa4   0x08008fa4   0x000000c4   Code   RO         6299    i.set_backup_identity  fingerprint.o
    0x08009068   0x08009068   0x00000040   Code   RO         6108    i.set_item          cargo_manager.o
    0x080090a8   0x080090a8   0x0000003c   Code   RO         6300    i.set_name          fingerprint.o
    0x080090e4   0x080090e4   0x000000bc   Code   RO           13    i.status_has_changed  app_main.o
    0x080091a0   0x080091a0   0x00000020   Code   RO           14    i.task_1s           app_main.o
    0x080091c0   0x080091c0   0x0000004c   Code   RO         7049    i.ui_log_action     ui_main.o
    0x0800920c   0x0800920c   0x00000058   Code   RO         7050    i.ui_log_touch      ui_main.o
    0x08009264   0x08009264   0x0000003c   Code   RO         7051    i.ui_print_cargo_list  ui_main.o
    0x080092a0   0x080092a0   0x00000016   Code   RO         7052    i.ui_short_beep     ui_main.o
    0x080092b6   0x080092b6   0x00000002   PAD
    0x080092b8   0x080092b8   0x0000004c   Code   RO         6301    i.update_login_if_ready  fingerprint.o
    0x08009304   0x08009304   0x0000008c   Code   RO           15    i.update_snapshot   app_main.o
    0x08009390   0x08009390   0x00000080   Code   RO         6302    i.verify_finger     fingerprint.o
    0x08009410   0x08009410   0x0000006c   Code   RO         6303    i.verify_nfc        fingerprint.o
    0x0800947c   0x0800947c   0x00000080   Code   RO         5440    i.xpt2046_gpio_init  xpt2046.o
    0x080094fc   0x080094fc   0x000000cc   Code   RO         5441    i.xpt_filter_xy     xpt2046.o
    0x080095c8   0x080095c8   0x0000014c   Code   RO         5442    i.xpt_get_lcd_point  xpt2046.o
    0x08009714   0x08009714   0x00000018   Code   RO         5443    i.xpt_is_pressed    xpt2046.o
    0x0800972c   0x0800972c   0x0000003c   Code   RO         5444    i.xpt_log_touch     xpt2046.o
    0x08009768   0x08009768   0x00000060   Code   RO         5445    i.xpt_poll_real_touch  xpt2046.o
    0x080097c8   0x080097c8   0x00000034   Code   RO         5446    i.xpt_read_adc      xpt2046.o
    0x080097fc   0x080097fc   0x0000001e   Code   RO         5447    i.xpt_read_adc_xy   xpt2046.o
    0x0800981a   0x0800981a   0x00000002   PAD
    0x0800981c   0x0800981c   0x00000050   Code   RO         5448    i.xpt_read_cmd      xpt2046.o
    0x0800986c   0x0800986c   0x0000005c   Code   RO         5449    i.xpt_write_cmd     xpt2046.o
    0x080098c8   0x080098c8   0x000005f0   Data   RO         5275    .constdata          lcd_fonts.o
    0x08009eb8   0x08009eb8   0x00000030   Data   RO         5450    .constdata          xpt2046.o
    0x08009ee8   0x08009ee8   0x00000020   Data   RO         6567    .constdata          gps.o
    0x08009f08   0x08009f08   0x00000550   Data   RO         7053    .constdata          ui_main.o
    0x0800a458   0x0800a458   0x00000040   Data   RO         7556    .constdata          mc_w.l(ctype_c.o)
    0x0800a498   0x0800a498   0x00000047   Data   RO           17    .conststring        app_main.o
    0x0800a4df   0x0800a4df   0x00000001   PAD
    0x0800a4e0   0x0800a4e0   0x0000012a   Data   RO         5832    .conststring        command_parser.o
    0x0800a60a   0x0800a60a   0x00000002   PAD
    0x0800a60c   0x0800a60c   0x000001d1   Data   RO         7054    .conststring        ui_main.o
    0x0800a7dd   0x0800a7dd   0x00000003   PAD
    0x0800a7e0   0x0800a7e0   0x00000020   Data   RO         7564    Region$$Table       anon$$obj.o


    Execution Region RW_IRAM2 (Exec base: 0x10000000, Load base: 0x0800a904, Size: 0x00000000, Max: 0x00010000, ABSOLUTE)

    **** No section assigned to this execution region ****


    Execution Region RW_IRAM1 (Exec base: 0x20000000, Load base: 0x0800a800, Size: 0x000037f0, Max: 0x00020000, ABSOLUTE)

    Exec Addr    Load Addr    Size         Type   Attr      Idx    E Section Name        Object

    0x20000000   0x0800a800   0x00000024   Data   RW           18    .data               app_main.o
    0x20000024   0x0800a824   0x00000014   Data   RW          395    .data               system_stm32f4xx.o
    0x20000038   0x0800a838   0x00000010   Data   RW         3076    .data               stm32f4xx_rcc.o
    0x20000048   0x0800a848   0x0000000c   Data   RW         5276    .data               lcd_fonts.o
    0x20000054   0x0800a854   0x0000000a   Data   RW         5333    .data               lcd_ili9341.o
    0x2000005e   0x0800a85e   0x00000008   Data   RW         5451    .data               xpt2046.o
    0x20000066   0x0800a866   0x00000002   Data   RW         5590    .data               dac_output.o
    0x20000068   0x0800a868   0x0000000a   Data   RW         5638    .data               data_manager.o
    0x20000072   0x0800a872   0x00000003   Data   RW         5709    .data               dht11.o
    0x20000075   0x0800a875   0x00000002   Data   RW         5771    .data               can_protocol.o
    0x20000077   0x0800a877   0x00000001   Data   RW         5884    .data               dma_uart.o
    0x20000078   0x0800a878   0x00000004   Data   RW         5932    .data               usart_debug.o
    0x2000007c   0x0800a87c   0x00000001   Data   RW         5997    .data               eeprom.o
    0x2000007d   0x0800a87d   0x00000001   PAD
    0x2000007e   0x0800a87e   0x00000044   Data   RW         6110    .data               cargo_manager.o
    0x200000c2   0x0800a8c2   0x00000004   Data   RW         6211    .data               w25q64.o
    0x200000c6   0x0800a8c6   0x00000002   PAD
    0x200000c8   0x0800a8c8   0x00000015   Data   RW         6305    .data               fingerprint.o
    0x200000dd   0x0800a8dd   0x00000004   Data   RW         6568    .data               gps.o
    0x200000e1   0x0800a8e1   0x00000001   PAD
    0x200000e2   0x0800a8e2   0x00000007   Data   RW         6648    .data               nfc.o
    0x200000e9   0x0800a8e9   0x00000001   PAD
    0x200000ea   0x0800a8ea   0x0000000a   Data   RW         6763    .data               alarm.o
    0x200000f4   0x0800a8f4   0x00000004   Data   RW         6949    .data               gas_scene.o
    0x200000f8   0x0800a8f8   0x00000004   Data   RW         7055    .data               ui_main.o
    0x200000fc   0x0800a8fc   0x00000004   Data   RW         7214    .data               mc_w.l(strtok.o)
    0x20000100   0x0800a900   0x00000004   Data   RW         7526    .data               mc_w.l(errno.o)
    0x20000104        -       0x0000005c   Zero   RW           16    .bss                app_main.o
    0x20000160        -       0x0000000e   Zero   RW         5637    .bss                data_manager.o
    0x2000016e        -       0x00000c00   Zero   RW         5883    .bss                dma_uart.o
    0x20000d6e        -       0x00000100   Zero   RW         5931    .bss                usart_debug.o
    0x20000e6e        -       0x0000000a   Zero   RW         5996    .bss                eeprom.o
    0x20000e78        -       0x00000c00   Zero   RW         6040    .bss                log_manager.o
    0x20001a78        -       0x0000008c   Zero   RW         6109    .bss                cargo_manager.o
    0x20001b04        -       0x00001600   Zero   RW         6210    .bss                w25q64.o
    0x20003104        -       0x000000e8   Zero   RW         6304    .bss                fingerprint.o
    0x200031ec        -       0x00000010   Zero   RW         6566    .bss                gps.o
    0x200031fc        -       0x000001f4   Zero   RW         6647    .bss                nfc.o
    0x200033f0        -       0x00000400   Zero   RW          427    STACK               startup_stm32f40_41xxx.o


==============================================================================

Image component sizes


      Code (inc. data)   RO Data    RW Data    ZI Data      Debug   Object Name

       318         24          0          0          0       4132   adc_sensor.o
      1036        262          0         10          0       8322   alarm.o
      1514        308         71         36         92     358709   app_main.o
       578         88          0          2          0       5925   can_protocol.o
      1372        480          0         68        140      10161   cargo_manager.o
      3302       1456        298          0          0       5010   command_parser.o
       148         14          0          2          0       1977   dac_output.o
       590        146          0         10         14       7275   data_manager.o
        58          0          0          0          0       1014   delay.o
        92         26          0          3          0       2380   dht11.o
       392         46          0          1       3072       2870   dma_uart.o
       200         28          0          1         10       3179   eeprom.o
      4476       1330          0         21        232      31833   fingerprint.o
       648        190          0          4          0       3816   gas_scene.o
       480         34          0          0          0       4721   gpio_control.o
       784        182         32          4         16       6299   gps.o
       618         90          0          0          0       4344   lcd.o
        72         18       1520         12          0       3021   lcd_fonts.o
      1166        108          0         10          0      11921   lcd_ili9341.o
       396        158          0          0       3072       4908   log_manager.o
        12          0          0          0          0        471   main.o
       140         24          0          0          0       1663   misc.o
      1154        232          0          7        500       7930   nfc.o
       304         28          0          0          0      28405   pwm_control.o
       228         10          0          0          0       1293   rtc_manager.o
        36          8        392          0       1024        836   startup_stm32f40_41xxx.o
       406         24          0          0          0       6762   stm32f4xx_adc.o
      1210         12          0          0          0       6315   stm32f4xx_can.o
       136         18          0          0          0       3092   stm32f4xx_dac.o
       770         72          0          0          0       7063   stm32f4xx_dma.o
       200         16          0          0          0       2754   stm32f4xx_exti.o
       282          6          0          0          0       1949   stm32f4xx_fsmc.o
       258          0          0          0          0       4185   stm32f4xx_gpio.o
        78          0          0          0          0       6261   stm32f4xx_it.o
        12          6          0          0          0        534   stm32f4xx_pwr.o
       572         80          0         16          0       8830   stm32f4xx_rcc.o
       950         56          0          0          0       9158   stm32f4xx_rtc.o
        64          4          0          0          0        656   stm32f4xx_syscfg.o
       412         38          0          0          0       5507   stm32f4xx_tim.o
       726         42          0          0          0       7541   stm32f4xx_usart.o
       340         32          0         20          0       1941   system_stm32f4xx.o
      4504       1784       1825          4          0      18416   ui_main.o
       466         42          0          4        256       4364   usart_debug.o
       252         54          0          4       5632       3789   w25q64.o
      1234         92         48          8          0      10485   xpt2046.o

    ----------------------------------------------------------------------
     33030       7668       4224        252      14060     632017   Object Totals
         0          0         32          0          0          0   (incl. Generated)
        44          0          6          5          0          0   (incl. Padding)

    ----------------------------------------------------------------------

      Code (inc. data)   RO Data    RW Data    ZI Data      Debug   Library Member Name

        56         12          0          0          0        132   atof.o
        56          8          0          0          0         84   __0sscanf.o
        28          0          0          0          0         68   _chval.o
       812          4          0          0          0        112   _scanf.o
       332          0          0          0          0         96   _scanf_int.o
       224          0          0          0          0         96   _scanf_str.o
        64          0          0          0          0         84   _sgetc.o
        40          6         64          0          0         68   ctype_c.o
         0          0          0          0          0          0   entry.o
         0          0          0          0          0          0   entry10a.o
         0          0          0          0          0          0   entry11a.o
         8          4          0          0          0          0   entry2.o
         4          0          0          0          0          0   entry5.o
         0          0          0          0          0          0   entry7b.o
         0          0          0          0          0          0   entry8b.o
         8          4          0          0          0          0   entry9a.o
        24         12          0          4          0        136   errno.o
        30          0          0          0          0          0   handlers.o
        36          8          0          0          0         68   init.o
        10          0          0          0          0         68   isspace_c.o
         0          0          0          0          0          0   iusefp.o
        30          0          0          0          0         68   llshl.o
        36          0          0          0          0         68   llsshr.o
        32          0          0          0          0         68   llushr.o
        36          0          0          0          0         68   memcpya.o
        36          0          0          0          0        108   memseta.o
      1192         48          0          0          0        420   printf8.o
        40          8          0          0          0         84   scanf_char.o
       878         12          0          0          0        216   scanf_fp.o
        28          0          0          0          0         76   strcmp.o
        24          0          0          0          0         76   strncpy.o
        36          0          0          0          0         80   strstr.o
       156         12          0          0          0        120   strtod.o
        68          6          0          4          0         80   strtok.o
        98          0          0          0          0         92   uldiv.o
        56          0          0          0          0         88   d2f.o
       334          0          0          0          0        148   dadd.o
       222          0          0          0          0        100   ddiv.o
       186          0          0          0          0        176   depilogue.o
        62          0          0          0          0         80   dfixi.o
        34          0          0          0          0         76   dflti.o
        24          0          0          0          0         76   dfltul.o
       228          0          0          0          0         96   dmul.o
       110          0          0          0          0        168   fepilogue.o

    ----------------------------------------------------------------------
      5690        148         64          8          0       3644   Library Totals
        12          4          0          0          0          0   (incl. Padding)

    ----------------------------------------------------------------------

      Code (inc. data)   RO Data    RW Data    ZI Data      Debug   Library Name

        56         12          0          0          0        132   m_wm.l
      4366        132         64          8          0       2504   mc_w.l
      1256          0          0          0          0       1008   mf_w.l

    ----------------------------------------------------------------------
      5690        148         64          8          0       3644   Library Totals

    ----------------------------------------------------------------------

==============================================================================


      Code (inc. data)   RO Data    RW Data    ZI Data      Debug   

     38720       7816       4288        260      14060     599345   Grand Totals
     38720       7816       4288        260      14060     599345   ELF Image Totals
     38720       7816       4288        260          0          0   ROM Totals

==============================================================================

    Total RO  Size (Code + RO Data)                43008 (  42.00kB)
    Total RW  Size (RW Data + ZI Data)             14320 (  13.98kB)
    Total ROM Size (Code + RO Data + RW Data)      43268 (  42.25kB)

==============================================================================

