Component: ARM Compiler 5.06 update 6 (build 750) Tool: armlink [4d35ed]

==============================================================================

Section Cross References

    gps.o(i.GPS_Init) refers to stm32f4xx_rcc.o(i.RCC_AHB1PeriphClockCmd) for RCC_AHB1PeriphClockCmd
    gps.o(i.GPS_Init) refers to stm32f4xx_rcc.o(i.RCC_APB1PeriphClockCmd) for RCC_APB1PeriphClockCmd
    gps.o(i.GPS_Init) refers to stm32f4xx_gpio.o(i.GPIO_Init) for GPIO_Init
    gps.o(i.GPS_Init) refers to stm32f4xx_gpio.o(i.GPIO_PinAFConfig) for GPIO_PinAFConfig
    gps.o(i.GPS_Init) refers to stm32f4xx_usart.o(i.USART_Init) for USART_Init
    gps.o(i.GPS_Init) refers to stm32f4xx_usart.o(i.USART_ITConfig) for USART_ITConfig
    gps.o(i.GPS_Init) refers to stm32f4xx_usart.o(i.USART_Cmd) for USART_Cmd
    gps.o(i.GPS_Init) refers to misc.o(i.NVIC_Init) for NVIC_Init
    gps.o(i.GPS_ReadAndParse) refers to printfa.o(i.__0printf) for __2printf
    gps.o(i.GPS_ReadAndParse) refers to strpbrk.o(.text) for strpbrk
    gps.o(i.GPS_ReadAndParse) refers to gps_parser.o(i.gps_parse) for gps_parse
    gps.o(i.GPS_ReadAndParse) refers to memseta.o(.text) for __aeabi_memclr
    gps.o(i.GPS_ReadAndParse) refers to gps.o(.data) for g_GPS_RxDataOK
    gps.o(i.GPS_ReadAndParse) refers to gps.o(.bss) for g_GPS_RxBuf
    gps.o(i.UART4_IRQHandler) refers to stm32f4xx_usart.o(i.USART_GetITStatus) for USART_GetITStatus
    gps.o(i.UART4_IRQHandler) refers to stm32f4xx_usart.o(i.USART_ReceiveData) for USART_ReceiveData
    gps.o(i.UART4_IRQHandler) refers to stm32f4xx_usart.o(i.USART_ClearITPendingBit) for USART_ClearITPendingBit
    gps.o(i.UART4_IRQHandler) refers to gps.o(.data) for g_GPS_RxDataOK
    gps.o(i.UART4_IRQHandler) refers to gps.o(.bss) for g_GPS_RxBuf
    gps_parser.o(i.gga_parse) refers to memseta.o(.text) for __aeabi_memclr4
    gps_parser.o(i.gga_parse) refers to strpbrk.o(.text) for strpbrk
    gps_parser.o(i.gga_parse) refers to memcpya.o(.text) for __aeabi_memcpy
    gps_parser.o(i.gga_parse) refers to strtod.o(i.__hardfp_strtod) for __hardfp_strtod
    gps_parser.o(i.gga_parse) refers to strtol.o(.text) for strtol
    gps_parser.o(i.gga_parse) refers to dfltui.o(.text) for __aeabi_ui2d
    gps_parser.o(i.gga_parse) refers to strtof.o(i.__hardfp_strtof) for __hardfp_strtof
    gps_parser.o(i.gga_parse) refers to f2d.o(.text) for __aeabi_f2d
    gps_parser.o(i.gga_show) refers to printfa.o(i.__0printf) for __2printf
    gps_parser.o(i.gll_parse) refers to memseta.o(.text) for __aeabi_memclr4
    gps_parser.o(i.gll_parse) refers to strpbrk.o(.text) for strpbrk
    gps_parser.o(i.gll_parse) refers to strtod.o(i.__hardfp_strtod) for __hardfp_strtod
    gps_parser.o(i.gll_parse) refers to memcpya.o(.text) for __aeabi_memcpy
    gps_parser.o(i.gll_show) refers to printfa.o(i.__0printf) for __2printf
    gps_parser.o(i.gps_parse) refers to strncmp.o(.text) for strncmp
    gps_parser.o(i.gps_parse) refers to gps_parser.o(i.gga_parse) for gga_parse
    gps_parser.o(i.gps_parse) refers to gps_parser.o(i.gga_show) for gga_show
    gps_parser.o(i.gps_parse) refers to gps_parser.o(i.rmc_parse) for rmc_parse
    gps_parser.o(i.gps_parse) refers to gps_parser.o(i.rmc_show) for rmc_show
    gps_parser.o(i.gps_parse) refers to gps_parser.o(i.gll_parse) for gll_parse
    gps_parser.o(i.gps_parse) refers to gps_parser.o(i.gll_show) for gll_show
    gps_parser.o(i.gps_parse) refers to gps_parser.o(i.gsa_parse) for gsa_parse
    gps_parser.o(i.gps_parse) refers to gps_parser.o(i.gsa_show) for gsa_show
    gps_parser.o(i.gps_parse) refers to gps_parser.o(i.gsv_parse) for gsv_parse
    gps_parser.o(i.gps_parse) refers to gps_parser.o(i.gsv_show) for gsv_show
    gps_parser.o(i.gps_parse) refers to gps_parser.o(i.vtg_parse) for vtg_parse
    gps_parser.o(i.gps_parse) refers to gps_parser.o(i.vtg_show) for vtg_show
    gps_parser.o(i.gps_parse) refers to gps_parser.o(.bss) for gga
    gps_parser.o(i.gsa_parse) refers to memseta.o(.text) for __aeabi_memclr4
    gps_parser.o(i.gsa_parse) refers to strpbrk.o(.text) for strpbrk
    gps_parser.o(i.gsa_parse) refers to strtod.o(i.__hardfp_strtod) for __hardfp_strtod
    gps_parser.o(i.gsa_parse) refers to strtol.o(.text) for strtol
    gps_parser.o(i.gsa_show) refers to printfa.o(i.__0printf) for __2printf
    gps_parser.o(i.gsv_parse) refers to strpbrk.o(.text) for strpbrk
    gps_parser.o(i.gsv_parse) refers to strtol.o(.text) for strtol
    gps_parser.o(i.gsv_show) refers to printfa.o(i.__0printf) for __2printf
    gps_parser.o(i.rmc_parse) refers to memseta.o(.text) for __aeabi_memclr4
    gps_parser.o(i.rmc_parse) refers to strpbrk.o(.text) for strpbrk
    gps_parser.o(i.rmc_parse) refers to memcpya.o(.text) for __aeabi_memcpy
    gps_parser.o(i.rmc_parse) refers to strtod.o(i.__hardfp_strtod) for __hardfp_strtod
    gps_parser.o(i.rmc_show) refers to printfa.o(i.__0printf) for __2printf
    gps_parser.o(i.vtg_parse) refers to memseta.o(.text) for __aeabi_memclr4
[...]
    Removing stm32f4xx_rtc.o(i.RTC_DateStructInit), (14 bytes).
    Removing stm32f4xx_rtc.o(i.RTC_DayLightSavingConfig), (56 bytes).
    Removing stm32f4xx_rtc.o(i.RTC_DeInit), (212 bytes).
    Removing stm32f4xx_rtc.o(i.RTC_EnterInitMode), (80 bytes).
    Removing stm32f4xx_rtc.o(i.RTC_ExitInitMode), (20 bytes).
    Removing stm32f4xx_rtc.o(i.RTC_GetAlarm), (116 bytes).
    Removing stm32f4xx_rtc.o(i.RTC_GetAlarmSubSecond), (36 bytes).
    Removing stm32f4xx_rtc.o(i.RTC_GetDate), (76 bytes).
    Removing stm32f4xx_rtc.o(i.RTC_GetFlagStatus), (40 bytes).
    Removing stm32f4xx_rtc.o(i.RTC_GetITStatus), (64 bytes).
    Removing stm32f4xx_rtc.o(i.RTC_GetStoreOperation), (16 bytes).
    Removing stm32f4xx_rtc.o(i.RTC_GetSubSecond), (20 bytes).
    Removing stm32f4xx_rtc.o(i.RTC_GetTime), (80 bytes).
    Removing stm32f4xx_rtc.o(i.RTC_GetTimeStamp), (156 bytes).
    Removing stm32f4xx_rtc.o(i.RTC_GetTimeStampSubSecond), (12 bytes).
    Removing stm32f4xx_rtc.o(i.RTC_GetWakeUpCounter), (12 bytes).
    Removing stm32f4xx_rtc.o(i.RTC_ITConfig), (100 bytes).
    Removing stm32f4xx_rtc.o(i.RTC_Init), (100 bytes).
    Removing stm32f4xx_rtc.o(i.RTC_OutputConfig), (56 bytes).
    Removing stm32f4xx_rtc.o(i.RTC_OutputTypeConfig), (28 bytes).
    Removing stm32f4xx_rtc.o(i.RTC_ReadBackupRegister), (32 bytes).
    Removing stm32f4xx_rtc.o(i.RTC_RefClockCmd), (80 bytes).
    Removing stm32f4xx_rtc.o(i.RTC_SetAlarm), (236 bytes).
    Removing stm32f4xx_rtc.o(i.RTC_SetDate), (200 bytes).
    Removing stm32f4xx_rtc.o(i.RTC_SetTime), (208 bytes).
    Removing stm32f4xx_rtc.o(i.RTC_SetWakeUpCounter), (28 bytes).
    Removing stm32f4xx_rtc.o(i.RTC_SmoothCalibConfig), (96 bytes).
    Removing stm32f4xx_rtc.o(i.RTC_StructInit), (14 bytes).
    Removing stm32f4xx_rtc.o(i.RTC_SynchroShiftConfig), (124 bytes).
    Removing stm32f4xx_rtc.o(i.RTC_TamperCmd), (32 bytes).
    Removing stm32f4xx_rtc.o(i.RTC_TamperFilterConfig), (28 bytes).
    Removing stm32f4xx_rtc.o(i.RTC_TamperPinSelection), (28 bytes).
    Removing stm32f4xx_rtc.o(i.RTC_TamperPinsPrechargeDuration), (28 bytes).
    Removing stm32f4xx_rtc.o(i.RTC_TamperPullUpCmd), (36 bytes).
    Removing stm32f4xx_rtc.o(i.RTC_TamperSamplingFreqConfig), (28 bytes).
    Removing stm32f4xx_rtc.o(i.RTC_TamperTriggerConfig), (36 bytes).
    Removing stm32f4xx_rtc.o(i.RTC_TimeStampCmd), (56 bytes).
    Removing stm32f4xx_rtc.o(i.RTC_TimeStampOnTamperDetectionCmd), (36 bytes).
    Removing stm32f4xx_rtc.o(i.RTC_TimeStampPinSelection), (28 bytes).
    Removing stm32f4xx_rtc.o(i.RTC_TimeStructInit), (12 bytes).
    Removing stm32f4xx_rtc.o(i.RTC_WaitForSynchro), (96 bytes).
    Removing stm32f4xx_rtc.o(i.RTC_WakeUpClockConfig), (48 bytes).
    Removing stm32f4xx_rtc.o(i.RTC_WakeUpCmd), (120 bytes).
    Removing stm32f4xx_rtc.o(i.RTC_WriteBackupRegister), (28 bytes).
    Removing stm32f4xx_rtc.o(i.RTC_WriteProtectionCmd), (28 bytes).
    Removing stm32f4xx_sai.o(.rev16_text), (4 bytes).
    Removing stm32f4xx_sai.o(.revsh_text), (4 bytes).
    Removing stm32f4xx_sai.o(i.SAI_ClearFlag), (8 bytes).
    Removing stm32f4xx_sai.o(i.SAI_ClearITPendingBit), (8 bytes).
    Removing stm32f4xx_sai.o(i.SAI_Cmd), (22 bytes).
    Removing stm32f4xx_sai.o(i.SAI_CompandingModeConfig), (16 bytes).
    Removing stm32f4xx_sai.o(i.SAI_DMACmd), (22 bytes).
    Removing stm32f4xx_sai.o(i.SAI_DeInit), (24 bytes).
    Removing stm32f4xx_sai.o(i.SAI_FlushFIFO), (10 bytes).
    Removing stm32f4xx_sai.o(i.SAI_FrameInit), (44 bytes).
    Removing stm32f4xx_sai.o(i.SAI_FrameStructInit), (18 bytes).
    Removing stm32f4xx_sai.o(i.SAI_GetCmdStatus), (20 bytes).
    Removing stm32f4xx_sai.o(i.SAI_GetFIFOStatus), (12 bytes).
    Removing stm32f4xx_sai.o(i.SAI_GetFlagStatus), (18 bytes).
    Removing stm32f4xx_sai.o(i.SAI_GetITStatus), (30 bytes).
    Removing stm32f4xx_sai.o(i.SAI_ITConfig), (18 bytes).
    Removing stm32f4xx_sai.o(i.SAI_Init), (72 bytes).
    Removing stm32f4xx_sai.o(i.SAI_MonoModeConfig), (18 bytes).
    Removing stm32f4xx_sai.o(i.SAI_MuteFrameCounterConfig), (18 bytes).
    Removing stm32f4xx_sai.o(i.SAI_MuteModeCmd), (22 bytes).
    Removing stm32f4xx_sai.o(i.SAI_MuteValueConfig), (16 bytes).
    Removing stm32f4xx_sai.o(i.SAI_ReceiveData), (6 bytes).
    Removing stm32f4xx_sai.o(i.SAI_SendData), (4 bytes).
    Removing stm32f4xx_sai.o(i.SAI_SlotInit), (36 bytes).
    Removing stm32f4xx_sai.o(i.SAI_SlotStructInit), (16 bytes).
    Removing stm32f4xx_sai.o(i.SAI_StructInit), (28 bytes).
    Removing stm32f4xx_sai.o(i.SAI_TRIStateConfig), (18 bytes).
    Removing stm32f4xx_sdio.o(.rev16_text), (4 bytes).
    Removing stm32f4xx_sdio.o(.revsh_text), (4 bytes).
    Removing stm32f4xx_sdio.o(i.SDIO_CEATAITCmd), (16 bytes).
    Removing stm32f4xx_sdio.o(i.SDIO_ClearFlag), (12 bytes).
    Removing stm32f4xx_sdio.o(i.SDIO_ClearITPendingBit), (12 bytes).
    Removing stm32f4xx_sdio.o(i.SDIO_ClockCmd), (12 bytes).
    Removing stm32f4xx_sdio.o(i.SDIO_CmdStructInit), (14 bytes).
    Removing stm32f4xx_sdio.o(i.SDIO_CommandCompletionCmd), (12 bytes).
    Removing stm32f4xx_sdio.o(i.SDIO_DMACmd), (12 bytes).
    Removing stm32f4xx_sdio.o(i.SDIO_DataConfig), (52 bytes).
    Removing stm32f4xx_sdio.o(i.SDIO_DataStructInit), (20 bytes).
    Removing stm32f4xx_sdio.o(i.SDIO_DeInit), (22 bytes).
    Removing stm32f4xx_sdio.o(i.SDIO_GetCommandResponse), (12 bytes).
    Removing stm32f4xx_sdio.o(i.SDIO_GetDataCounter), (12 bytes).
    Removing stm32f4xx_sdio.o(i.SDIO_GetFIFOCount), (12 bytes).
    Removing stm32f4xx_sdio.o(i.SDIO_GetFlagStatus), (24 bytes).
    Removing stm32f4xx_sdio.o(i.SDIO_GetITStatus), (24 bytes).
    Removing stm32f4xx_sdio.o(i.SDIO_GetPowerState), (16 bytes).
    Removing stm32f4xx_sdio.o(i.SDIO_GetResponse), (24 bytes).
    Removing stm32f4xx_sdio.o(i.SDIO_ITConfig), (32 bytes).
    Removing stm32f4xx_sdio.o(i.SDIO_Init), (48 bytes).
    Removing stm32f4xx_sdio.o(i.SDIO_ReadData), (12 bytes).
    Removing stm32f4xx_sdio.o(i.SDIO_SendCEATACmd), (12 bytes).
    Removing stm32f4xx_sdio.o(i.SDIO_SendCommand), (44 bytes).
    Removing stm32f4xx_sdio.o(i.SDIO_SendSDIOSuspendCmd), (12 bytes).
    Removing stm32f4xx_sdio.o(i.SDIO_SetPowerState), (12 bytes).
    Removing stm32f4xx_sdio.o(i.SDIO_SetSDIOOperation), (12 bytes).
    Removing stm32f4xx_sdio.o(i.SDIO_SetSDIOReadWaitMode), (12 bytes).
    Removing stm32f4xx_sdio.o(i.SDIO_StartSDIOReadWait), (12 bytes).
    Removing stm32f4xx_sdio.o(i.SDIO_StopSDIOReadWait), (12 bytes).
    Removing stm32f4xx_sdio.o(i.SDIO_StructInit), (16 bytes).
    Removing stm32f4xx_sdio.o(i.SDIO_WriteData), (12 bytes).
    Removing stm32f4xx_spi.o(.rev16_text), (4 bytes).
    Removing stm32f4xx_spi.o(.revsh_text), (4 bytes).
    Removing stm32f4xx_spi.o(i.I2S_Cmd), (24 bytes).
    Removing stm32f4xx_spi.o(i.I2S_FullDuplexConfig), (80 bytes).
    Removing stm32f4xx_spi.o(i.I2S_Init), (408 bytes).
    Removing stm32f4xx_spi.o(i.I2S_StructInit), (20 bytes).
    Removing stm32f4xx_spi.o(i.SPI_BiDirectionalLineConfig), (28 bytes).
    Removing stm32f4xx_spi.o(i.SPI_CalculateCRC), (24 bytes).
    Removing stm32f4xx_spi.o(i.SPI_Cmd), (24 bytes).
    Removing stm32f4xx_spi.o(i.SPI_DataSizeConfig), (18 bytes).
    Removing stm32f4xx_spi.o(i.SPI_GetCRC), (16 bytes).
    Removing stm32f4xx_spi.o(i.SPI_GetCRCPolynomial), (6 bytes).
    Removing stm32f4xx_spi.o(i.SPI_I2S_ClearFlag), (6 bytes).
    Removing stm32f4xx_spi.o(i.SPI_I2S_ClearITPendingBit), (20 bytes).
    Removing stm32f4xx_spi.o(i.SPI_I2S_DMACmd), (18 bytes).
    Removing stm32f4xx_spi.o(i.SPI_I2S_DeInit), (176 bytes).
    Removing stm32f4xx_spi.o(i.SPI_I2S_GetFlagStatus), (18 bytes).
    Removing stm32f4xx_spi.o(i.SPI_I2S_GetITStatus), (52 bytes).
    Removing stm32f4xx_spi.o(i.SPI_I2S_ITConfig), (32 bytes).
    Removing stm32f4xx_spi.o(i.SPI_I2S_ReceiveData), (6 bytes).
    Removing stm32f4xx_spi.o(i.SPI_I2S_SendData), (4 bytes).
    Removing stm32f4xx_spi.o(i.SPI_Init), (60 bytes).
    Removing stm32f4xx_spi.o(i.SPI_NSSInternalSoftwareConfig), (30 bytes).
    Removing stm32f4xx_spi.o(i.SPI_SSOutputCmd), (24 bytes).
    Removing stm32f4xx_spi.o(i.SPI_StructInit), (24 bytes).
    Removing stm32f4xx_spi.o(i.SPI_TIModeCmd), (24 bytes).
    Removing stm32f4xx_spi.o(i.SPI_TransmitCRC), (10 bytes).
    Removing stm32f4xx_syscfg.o(.rev16_text), (4 bytes).
    Removing stm32f4xx_syscfg.o(.revsh_text), (4 bytes).
    Removing stm32f4xx_syscfg.o(i.SYSCFG_CompensationCellCmd), (12 bytes).
    Removing stm32f4xx_syscfg.o(i.SYSCFG_DeInit), (22 bytes).
    Removing stm32f4xx_syscfg.o(i.SYSCFG_ETH_MediaInterfaceConfig), (12 bytes).
    Removing stm32f4xx_syscfg.o(i.SYSCFG_EXTILineConfig), (64 bytes).
    Removing stm32f4xx_syscfg.o(i.SYSCFG_GetCompensationCellStatus), (24 bytes).
    Removing stm32f4xx_syscfg.o(i.SYSCFG_MemoryRemapConfig), (12 bytes).
    Removing stm32f4xx_syscfg.o(i.SYSCFG_MemorySwappingBank), (12 bytes).
    Removing stm32f4xx_tim.o(.rev16_text), (4 bytes).
    Removing stm32f4xx_tim.o(.revsh_text), (4 bytes).
    Removing stm32f4xx_tim.o(i.TI1_Config), (58 bytes).
    Removing stm32f4xx_tim.o(i.TI2_Config), (80 bytes).
    Removing stm32f4xx_tim.o(i.TI3_Config), (72 bytes).
    Removing stm32f4xx_tim.o(i.TI4_Config), (80 bytes).
    Removing stm32f4xx_tim.o(i.TIM_ARRPreloadConfig), (24 bytes).
    Removing stm32f4xx_tim.o(i.TIM_BDTRConfig), (32 bytes).
    Removing stm32f4xx_tim.o(i.TIM_BDTRStructInit), (18 bytes).
    Removing stm32f4xx_tim.o(i.TIM_CCPreloadControl), (24 bytes).
    Removing stm32f4xx_tim.o(i.TIM_CCxCmd), (30 bytes).
    Removing stm32f4xx_tim.o(i.TIM_CCxNCmd), (30 bytes).
    Removing stm32f4xx_tim.o(i.TIM_ClearFlag), (6 bytes).
    Removing stm32f4xx_tim.o(i.TIM_ClearITPendingBit), (6 bytes).
    Removing stm32f4xx_tim.o(i.TIM_ClearOC1Ref), (18 bytes).
    Removing stm32f4xx_tim.o(i.TIM_ClearOC2Ref), (24 bytes).
    Removing stm32f4xx_tim.o(i.TIM_ClearOC3Ref), (18 bytes).
    Removing stm32f4xx_tim.o(i.TIM_ClearOC4Ref), (24 bytes).
    Removing stm32f4xx_tim.o(i.TIM_Cmd), (24 bytes).
    Removing stm32f4xx_tim.o(i.TIM_CounterModeConfig), (18 bytes).
    Removing stm32f4xx_tim.o(i.TIM_CtrlPWMOutputs), (30 bytes).
    Removing stm32f4xx_tim.o(i.TIM_DMACmd), (18 bytes).
    Removing stm32f4xx_tim.o(i.TIM_DMAConfig), (10 bytes).
    Removing stm32f4xx_tim.o(i.TIM_DeInit), (400 bytes).
    Removing stm32f4xx_tim.o(i.TIM_ETRClockMode1Config), (54 bytes).
    Removing stm32f4xx_tim.o(i.TIM_ETRClockMode2Config), (32 bytes).
    Removing stm32f4xx_tim.o(i.TIM_ETRConfig), (28 bytes).
    Removing stm32f4xx_tim.o(i.TIM_EncoderInterfaceConfig), (66 bytes).
    Removing stm32f4xx_tim.o(i.TIM_ForcedOC1Config), (18 bytes).
    Removing stm32f4xx_tim.o(i.TIM_ForcedOC2Config), (26 bytes).
    Removing stm32f4xx_tim.o(i.TIM_ForcedOC3Config), (18 bytes).
    Removing stm32f4xx_tim.o(i.TIM_ForcedOC4Config), (26 bytes).
    Removing stm32f4xx_tim.o(i.TIM_GenerateEvent), (4 bytes).
    Removing stm32f4xx_tim.o(i.TIM_GetCapture1), (6 bytes).
    Removing stm32f4xx_tim.o(i.TIM_GetCapture2), (6 bytes).
    Removing stm32f4xx_tim.o(i.TIM_GetCapture3), (6 bytes).
    Removing stm32f4xx_tim.o(i.TIM_GetCapture4), (6 bytes).
    Removing stm32f4xx_tim.o(i.TIM_GetCounter), (6 bytes).
    Removing stm32f4xx_tim.o(i.TIM_GetFlagStatus), (18 bytes).
    Removing stm32f4xx_tim.o(i.TIM_GetITStatus), (34 bytes).
    Removing stm32f4xx_tim.o(i.TIM_GetPrescaler), (6 bytes).
    Removing stm32f4xx_tim.o(i.TIM_ICInit), (110 bytes).
    Removing stm32f4xx_tim.o(i.TIM_ICStructInit), (18 bytes).
    Removing stm32f4xx_tim.o(i.TIM_ITConfig), (18 bytes).
    Removing stm32f4xx_tim.o(i.TIM_ITRxExternalClockConfig), (24 bytes).
    Removing stm32f4xx_tim.o(i.TIM_InternalClockConfig), (12 bytes).
    Removing stm32f4xx_tim.o(i.TIM_OC1FastConfig), (18 bytes).
    Removing stm32f4xx_tim.o(i.TIM_OC1Init), (124 bytes).
    Removing stm32f4xx_tim.o(i.TIM_OC1NPolarityConfig), (18 bytes).
    Removing stm32f4xx_tim.o(i.TIM_OC1PolarityConfig), (18 bytes).
    Removing stm32f4xx_tim.o(i.TIM_OC1PreloadConfig), (18 bytes).
    Removing stm32f4xx_tim.o(i.TIM_OC2FastConfig), (26 bytes).
    Removing stm32f4xx_tim.o(i.TIM_OC2Init), (164 bytes).
    Removing stm32f4xx_tim.o(i.TIM_OC2NPolarityConfig), (26 bytes).
    Removing stm32f4xx_tim.o(i.TIM_OC2PolarityConfig), (26 bytes).
    Removing stm32f4xx_tim.o(i.TIM_OC2PreloadConfig), (26 bytes).
    Removing stm32f4xx_tim.o(i.TIM_OC3FastConfig), (18 bytes).
    Removing stm32f4xx_tim.o(i.TIM_OC3Init), (160 bytes).
    Removing stm32f4xx_tim.o(i.TIM_OC3NPolarityConfig), (26 bytes).
    Removing stm32f4xx_tim.o(i.TIM_OC3PolarityConfig), (26 bytes).
    Removing stm32f4xx_tim.o(i.TIM_OC3PreloadConfig), (18 bytes).
    Removing stm32f4xx_tim.o(i.TIM_OC4FastConfig), (26 bytes).
    Removing stm32f4xx_tim.o(i.TIM_OC4Init), (120 bytes).
    Removing stm32f4xx_tim.o(i.TIM_OC4PolarityConfig), (26 bytes).
    Removing stm32f4xx_tim.o(i.TIM_OC4PreloadConfig), (26 bytes).
    Removing stm32f4xx_tim.o(i.TIM_OCStructInit), (20 bytes).
    Removing stm32f4xx_tim.o(i.TIM_PWMIConfig), (124 bytes).
    Removing stm32f4xx_tim.o(i.TIM_PrescalerConfig), (6 bytes).
    Removing stm32f4xx_tim.o(i.TIM_RemapConfig), (6 bytes).
    Removing stm32f4xx_tim.o(i.TIM_SelectCCDMA), (24 bytes).
    Removing stm32f4xx_tim.o(i.TIM_SelectCOM), (24 bytes).
    Removing stm32f4xx_tim.o(i.TIM_SelectHallSensor), (24 bytes).
    Removing stm32f4xx_tim.o(i.TIM_SelectInputTrigger), (18 bytes).
    Removing stm32f4xx_tim.o(i.TIM_SelectMasterSlaveMode), (18 bytes).
    Removing stm32f4xx_tim.o(i.TIM_SelectOCxM), (86 bytes).
    Removing stm32f4xx_tim.o(i.TIM_SelectOnePulseMode), (18 bytes).
    Removing stm32f4xx_tim.o(i.TIM_SelectOutputTrigger), (18 bytes).
    Removing stm32f4xx_tim.o(i.TIM_SelectSlaveMode), (18 bytes).
    Removing stm32f4xx_tim.o(i.TIM_SetAutoreload), (4 bytes).
    Removing stm32f4xx_tim.o(i.TIM_SetClockDivision), (18 bytes).
    Removing stm32f4xx_tim.o(i.TIM_SetCompare1), (4 bytes).
    Removing stm32f4xx_tim.o(i.TIM_SetCompare2), (4 bytes).
    Removing stm32f4xx_tim.o(i.TIM_SetCompare3), (4 bytes).
    Removing stm32f4xx_tim.o(i.TIM_SetCompare4), (4 bytes).
    Removing stm32f4xx_tim.o(i.TIM_SetCounter), (4 bytes).
    Removing stm32f4xx_tim.o(i.TIM_SetIC1Prescaler), (18 bytes).
    Removing stm32f4xx_tim.o(i.TIM_SetIC2Prescaler), (26 bytes).
    Removing stm32f4xx_tim.o(i.TIM_SetIC3Prescaler), (18 bytes).
    Removing stm32f4xx_tim.o(i.TIM_SetIC4Prescaler), (26 bytes).
    Removing stm32f4xx_tim.o(i.TIM_TIxExternalClockConfig), (62 bytes).
    Removing stm32f4xx_tim.o(i.TIM_TimeBaseInit), (132 bytes).
    Removing stm32f4xx_tim.o(i.TIM_TimeBaseStructInit), (18 bytes).
    Removing stm32f4xx_tim.o(i.TIM_UpdateDisableConfig), (24 bytes).
    Removing stm32f4xx_tim.o(i.TIM_UpdateRequestConfig), (24 bytes).
    Removing stm32f4xx_usart.o(.rev16_text), (4 bytes).
    Removing stm32f4xx_usart.o(.revsh_text), (4 bytes).
    Removing stm32f4xx_usart.o(i.USART_ClearFlag), (18 bytes).
    Removing stm32f4xx_usart.o(i.USART_ClockInit), (32 bytes).
    Removing stm32f4xx_usart.o(i.USART_ClockStructInit), (12 bytes).
    Removing stm32f4xx_usart.o(i.USART_DMACmd), (18 bytes).
    Removing stm32f4xx_usart.o(i.USART_DeInit), (240 bytes).
    Removing stm32f4xx_usart.o(i.USART_HalfDuplexCmd), (24 bytes).
    Removing stm32f4xx_usart.o(i.USART_IrDACmd), (24 bytes).
    Removing stm32f4xx_usart.o(i.USART_IrDAConfig), (18 bytes).
    Removing stm32f4xx_usart.o(i.USART_LINBreakDetectLengthConfig), (18 bytes).
    Removing stm32f4xx_usart.o(i.USART_LINCmd), (24 bytes).
    Removing stm32f4xx_usart.o(i.USART_OneBitMethodCmd), (24 bytes).
    Removing stm32f4xx_usart.o(i.USART_OverSampling8Cmd), (22 bytes).
    Removing stm32f4xx_usart.o(i.USART_ReceiverWakeUpCmd), (24 bytes).
    Removing stm32f4xx_usart.o(i.USART_SendBreak), (10 bytes).
    Removing stm32f4xx_usart.o(i.USART_SetAddress), (18 bytes).
    Removing stm32f4xx_usart.o(i.USART_SetGuardTime), (16 bytes).
    Removing stm32f4xx_usart.o(i.USART_SetPrescaler), (16 bytes).
    Removing stm32f4xx_usart.o(i.USART_SmartCardCmd), (24 bytes).
    Removing stm32f4xx_usart.o(i.USART_SmartCardNACKCmd), (24 bytes).
    Removing stm32f4xx_usart.o(i.USART_StructInit), (24 bytes).
    Removing stm32f4xx_usart.o(i.USART_WakeUpConfig), (18 bytes).
    Removing stm32f4xx_wwdg.o(.rev16_text), (4 bytes).
    Removing stm32f4xx_wwdg.o(.revsh_text), (4 bytes).
    Removing stm32f4xx_wwdg.o(i.WWDG_ClearFlag), (12 bytes).
    Removing stm32f4xx_wwdg.o(i.WWDG_DeInit), (22 bytes).
    Removing stm32f4xx_wwdg.o(i.WWDG_Enable), (16 bytes).
    Removing stm32f4xx_wwdg.o(i.WWDG_EnableIT), (12 bytes).
    Removing stm32f4xx_wwdg.o(i.WWDG_GetFlagStatus), (20 bytes).
    Removing stm32f4xx_wwdg.o(i.WWDG_SetCounter), (16 bytes).
    Removing stm32f4xx_wwdg.o(i.WWDG_SetPrescaler), (24 bytes).
    Removing stm32f4xx_wwdg.o(i.WWDG_SetWindowValue), (40 bytes).
    Removing main.o(.rev16_text), (4 bytes).
    Removing main.o(.revsh_text), (4 bytes).
    Removing stm32f4xx_it.o(.rev16_text), (4 bytes).
    Removing stm32f4xx_it.o(.revsh_text), (4 bytes).
    Removing system_stm32f4xx.o(.rev16_text), (4 bytes).
    Removing system_stm32f4xx.o(.revsh_text), (4 bytes).
    Removing system_stm32f4xx.o(i.SystemCoreClockUpdate), (192 bytes).
    Removing system_stm32f4xx.o(.data), (20 bytes).
    Removing startup_stm32f40_41xxx.o(HEAP), (512 bytes).
    Removing delay.o(.rev16_text), (4 bytes).
    Removing delay.o(.revsh_text), (4 bytes).
    Removing delay.o(i.delay_ms), (30 bytes).
    Removing delay.o(i.delay_us), (28 bytes).

783 unused section(s) (total 35734 bytes) removed from the image.

==============================================================================

Image Symbol Table

    Local Symbols

    Symbol Name                              Value     Ov Type        Size  Object(Section)

    ../clib/microlib/ctype/ctype.c           0x00000000   Number         0  isgraph_o.o ABSOLUTE
    ../clib/microlib/ctype/ctype.c           0x00000000   Number         0  isprint_o.o ABSOLUTE
    ../clib/microlib/ctype/ctype.c           0x00000000   Number         0  isxdigit_o.o ABSOLUTE
    ../clib/microlib/ctype/ctype.c           0x00000000   Number         0  isspace_c.o ABSOLUTE
    ../clib/microlib/ctype/ctype.c           0x00000000   Number         0  isdigit_o.o ABSOLUTE
    ../clib/microlib/ctype/ctype.c           0x00000000   Number         0  ctype_o.o ABSOLUTE
    ../clib/microlib/ctype/ctype.c           0x00000000   Number         0  isalnum_o.o ABSOLUTE
    ../clib/microlib/ctype/ctype.c           0x00000000   Number         0  isalpha_o.o ABSOLUTE
    ../clib/microlib/ctype/ctype.c           0x00000000   Number         0  ispunct_o.o ABSOLUTE
    ../clib/microlib/ctype/ctype.c           0x00000000   Number         0  isspace_o.o ABSOLUTE
    ../clib/microlib/ctype/ctype.c           0x00000000   Number         0  isblank_o.o ABSOLUTE
    ../clib/microlib/ctype/ctype.c           0x00000000   Number         0  iscntrl_o.o ABSOLUTE
    ../clib/microlib/ctype/ctype.c           0x00000000   Number         0  isupper_o.o ABSOLUTE
    ../clib/microlib/ctype/ctype.c           0x00000000   Number         0  ctype_c.o ABSOLUTE
    ../clib/microlib/ctype/ctype.c           0x00000000   Number         0  islower_o.o ABSOLUTE
    ../clib/microlib/division.c              0x00000000   Number         0  uidiv.o ABSOLUTE
    ../clib/microlib/division.c              0x00000000   Number         0  uldiv.o ABSOLUTE
    ../clib/microlib/errno.c                 0x00000000   Number         0  errno.o ABSOLUTE
    ../clib/microlib/init/entry.s            0x00000000   Number         0  entry2.o ABSOLUTE
    ../clib/microlib/init/entry.s            0x00000000   Number         0  entry8b.o ABSOLUTE
    ../clib/microlib/init/entry.s            0x00000000   Number         0  entry11b.o ABSOLUTE
    ../clib/microlib/init/entry.s            0x00000000   Number         0  entry11a.o ABSOLUTE
    ../clib/microlib/init/entry.s            0x00000000   Number         0  entry10b.o ABSOLUTE
    ../clib/microlib/init/entry.s            0x00000000   Number         0  entry10a.o ABSOLUTE
    ../clib/microlib/init/entry.s            0x00000000   Number         0  entry9a.o ABSOLUTE
    ../clib/microlib/init/entry.s            0x00000000   Number         0  entry.o ABSOLUTE
    ../clib/microlib/init/entry.s            0x00000000   Number         0  entry8a.o ABSOLUTE
    ../clib/microlib/init/entry.s            0x00000000   Number         0  entry7b.o ABSOLUTE
    ../clib/microlib/init/entry.s            0x00000000   Number         0  entry7a.o ABSOLUTE
    ../clib/microlib/init/entry.s            0x00000000   Number         0  entry5.o ABSOLUTE
    ../clib/microlib/init/entry.s            0x00000000   Number         0  entry9b.o ABSOLUTE
    ../clib/microlib/longlong.c              0x00000000   Number         0  llsshr.o ABSOLUTE
    ../clib/microlib/longlong.c              0x00000000   Number         0  llushr.o ABSOLUTE
    ../clib/microlib/longlong.c              0x00000000   Number         0  llshl.o ABSOLUTE
    ../clib/microlib/printf/printf.c         0x00000000   Number         0  printf2.o ABSOLUTE
    ../clib/microlib/printf/printf.c         0x00000000   Number         0  printf6.o ABSOLUTE
    ../clib/microlib/printf/printf.c         0x00000000   Number         0  printf5.o ABSOLUTE
    ../clib/microlib/printf/printf.c         0x00000000   Number         0  printf4.o ABSOLUTE
    ../clib/microlib/printf/printf.c         0x00000000   Number         0  printf3.o ABSOLUTE
    ../clib/microlib/printf/printf.c         0x00000000   Number         0  printf1.o ABSOLUTE
    ../clib/microlib/printf/printf.c         0x00000000   Number         0  printf0.o ABSOLUTE
    ../clib/microlib/printf/printf.c         0x00000000   Number         0  printfb.o ABSOLUTE
    ../clib/microlib/printf/printf.c         0x00000000   Number         0  printf7.o ABSOLUTE
    ../clib/microlib/printf/printf.c         0x00000000   Number         0  printf8.o ABSOLUTE
    ../clib/microlib/printf/printf.c         0x00000000   Number         0  printfa.o ABSOLUTE
    ../clib/microlib/printf/stubs.s          0x00000000   Number         0  stubs.o ABSOLUTE
    ../clib/microlib/stdio/streams.c         0x00000000   Number         0  stdout.o ABSOLUTE
    ../clib/microlib/string/memcpy.c         0x00000000   Number         0  memcpyb.o ABSOLUTE
    ../clib/microlib/string/memcpy.c         0x00000000   Number         0  memcpya.o ABSOLUTE
    ../clib/microlib/string/memset.c         0x00000000   Number         0  memseta.o ABSOLUTE
    ../clib/microlib/string/strncmp.c        0x00000000   Number         0  strncmp.o ABSOLUTE
    ../clib/microlib/string/strpbrk.c        0x00000000   Number         0  strpbrk.o ABSOLUTE
    ../clib/microlib/stubs.s                 0x00000000   Number         0  iusefp.o ABSOLUTE
    ../clib/scanf.c                          0x00000000   Number         0  _sgetc.o ABSOLUTE
    ../clib/scanf.c                          0x00000000   Number         0  _strtoul.o ABSOLUTE
    ../clib/scanf.c                          0x00000000   Number         0  _chval.o ABSOLUTE
    ../clib/scanf.c                          0x00000000   Number         0  strtod.o ABSOLUTE
    ../clib/scanf.c                          0x00000000   Number         0  strtol.o ABSOLUTE
    ../clib/scanf.c                          0x00000000   Number         0  strtof.o ABSOLUTE
    ../clib/scanf.c                          0x00000000   Number         0  scanf_fp.o ABSOLUTE
    ../fplib/microlib/d2f.c                  0x00000000   Number         0  d2f.o ABSOLUTE
    ../fplib/microlib/f2d.c                  0x00000000   Number         0  f2d.o ABSOLUTE
    ../fplib/microlib/fpadd.c                0x00000000   Number         0  dadd.o ABSOLUTE
    ../fplib/microlib/fpdiv.c                0x00000000   Number         0  ddiv.o ABSOLUTE
    ../fplib/microlib/fpepilogue.c           0x00000000   Number         0  depilogue.o ABSOLUTE
    ../fplib/microlib/fpepilogue.c           0x00000000   Number         0  fepilogue.o ABSOLUTE
    ../fplib/microlib/fpfix.c                0x00000000   Number         0  dfixul.o ABSOLUTE
    ../fplib/microlib/fpflt.c                0x00000000   Number         0  dfltul.o ABSOLUTE
    ../fplib/microlib/fpflt.c                0x00000000   Number         0  dfltui.o ABSOLUTE
    ../fplib/microlib/fpmul.c                0x00000000   Number         0  dmul.o ABSOLUTE
    ../fplib/microlib/fpstat.c               0x00000000   Number         0  fpstat.o ABSOLUTE
    ../mathlib/frexp.c                       0x00000000   Number         0  frexp.o ABSOLUTE
    ../mathlib/narrow.c                      0x00000000   Number         0  narrow.o ABSOLUTE
    ../mathlib/strtod.c                      0x00000000   Number         0  strtod.o ABSOLUTE
    ../mathlib/strtof.c                      0x00000000   Number         0  strtof.o ABSOLUTE
    ..\BSP\gps.c                             0x00000000   Number         0  gps.o ABSOLUTE
    ..\BSP\gps_parser.c                      0x00000000   Number         0  gps_parser.o ABSOLUTE
    ..\BSP\usart.c                           0x00000000   Number         0  usart.o ABSOLUTE
    ..\CMSIS\system_stm32f4xx.c              0x00000000   Number         0  system_stm32f4xx.o ABSOLUTE
    ..\FWLIB\src\misc.c                      0x00000000   Number         0  misc.o ABSOLUTE
    ..\FWLIB\src\stm32f4xx_adc.c             0x00000000   Number         0  stm32f4xx_adc.o ABSOLUTE
    ..\FWLIB\src\stm32f4xx_can.c             0x00000000   Number         0  stm32f4xx_can.o ABSOLUTE
    ..\FWLIB\src\stm32f4xx_crc.c             0x00000000   Number         0  stm32f4xx_crc.o ABSOLUTE
    ..\FWLIB\src\stm32f4xx_cryp.c            0x00000000   Number         0  stm32f4xx_cryp.o ABSOLUTE
    ..\FWLIB\src\stm32f4xx_cryp_aes.c        0x00000000   Number         0  stm32f4xx_cryp_aes.o ABSOLUTE
    ..\FWLIB\src\stm32f4xx_cryp_des.c        0x00000000   Number         0  stm32f4xx_cryp_des.o ABSOLUTE
    ..\FWLIB\src\stm32f4xx_cryp_tdes.c       0x00000000   Number         0  stm32f4xx_cryp_tdes.o ABSOLUTE
    ..\FWLIB\src\stm32f4xx_dac.c             0x00000000   Number         0  stm32f4xx_dac.o ABSOLUTE
    ..\FWLIB\src\stm32f4xx_dbgmcu.c          0x00000000   Number         0  stm32f4xx_dbgmcu.o ABSOLUTE
    ..\FWLIB\src\stm32f4xx_dcmi.c            0x00000000   Number         0  stm32f4xx_dcmi.o ABSOLUTE
    ..\FWLIB\src\stm32f4xx_dma.c             0x00000000   Number         0  stm32f4xx_dma.o ABSOLUTE
    ..\FWLIB\src\stm32f4xx_dma2d.c           0x00000000   Number         0  stm32f4xx_dma2d.o ABSOLUTE
    ..\FWLIB\src\stm32f4xx_exti.c            0x00000000   Number         0  stm32f4xx_exti.o ABSOLUTE
    ..\FWLIB\src\stm32f4xx_flash.c           0x00000000   Number         0  stm32f4xx_flash.o ABSOLUTE
    ..\FWLIB\src\stm32f4xx_flash_ramfunc.c   0x00000000   Number         0  stm32f4xx_flash_ramfunc.o ABSOLUTE
    ..\FWLIB\src\stm32f4xx_fsmc.c            0x00000000   Number         0  stm32f4xx_fsmc.o ABSOLUTE
    ..\FWLIB\src\stm32f4xx_gpio.c            0x00000000   Number         0  stm32f4xx_gpio.o ABSOLUTE
    ..\FWLIB\src\stm32f4xx_hash.c            0x00000000   Number         0  stm32f4xx_hash.o ABSOLUTE
    ..\FWLIB\src\stm32f4xx_hash_md5.c        0x00000000   Number         0  stm32f4xx_hash_md5.o ABSOLUTE
    ..\FWLIB\src\stm32f4xx_hash_sha1.c       0x00000000   Number         0  stm32f4xx_hash_sha1.o ABSOLUTE
    ..\FWLIB\src\stm32f4xx_i2c.c             0x00000000   Number         0  stm32f4xx_i2c.o ABSOLUTE
    ..\FWLIB\src\stm32f4xx_iwdg.c            0x00000000   Number         0  stm32f4xx_iwdg.o ABSOLUTE
    ..\FWLIB\src\stm32f4xx_ltdc.c            0x00000000   Number         0  stm32f4xx_ltdc.o ABSOLUTE
    ..\FWLIB\src\stm32f4xx_pwr.c             0x00000000   Number         0  stm32f4xx_pwr.o ABSOLUTE
    ..\FWLIB\src\stm32f4xx_rcc.c             0x00000000   Number         0  stm32f4xx_rcc.o ABSOLUTE
    ..\FWLIB\src\stm32f4xx_rng.c             0x00000000   Number         0  stm32f4xx_rng.o ABSOLUTE
    ..\FWLIB\src\stm32f4xx_rtc.c             0x00000000   Number         0  stm32f4xx_rtc.o ABSOLUTE
    ..\FWLIB\src\stm32f4xx_sai.c             0x00000000   Number         0  stm32f4xx_sai.o ABSOLUTE
    ..\FWLIB\src\stm32f4xx_sdio.c            0x00000000   Number         0  stm32f4xx_sdio.o ABSOLUTE
    ..\FWLIB\src\stm32f4xx_spi.c             0x00000000   Number         0  stm32f4xx_spi.o ABSOLUTE
    ..\FWLIB\src\stm32f4xx_syscfg.c          0x00000000   Number         0  stm32f4xx_syscfg.o ABSOLUTE
    ..\FWLIB\src\stm32f4xx_tim.c             0x00000000   Number         0  stm32f4xx_tim.o ABSOLUTE
    ..\FWLIB\src\stm32f4xx_usart.c           0x00000000   Number         0  stm32f4xx_usart.o ABSOLUTE
    ..\FWLIB\src\stm32f4xx_wwdg.c            0x00000000   Number         0  stm32f4xx_wwdg.o ABSOLUTE
    ..\STARTUP\startup_stm32f40_41xxx.s      0x00000000   Number         0  startup_stm32f40_41xxx.o ABSOLUTE
    ..\UTILS\delay.c                         0x00000000   Number         0  delay.o ABSOLUTE
    ..\UTILS\utils.c                         0x00000000   Number         0  utils.o ABSOLUTE
    ..\\BSP\\gps.c                           0x00000000   Number         0  gps.o ABSOLUTE
    ..\\BSP\\usart.c                         0x00000000   Number         0  usart.o ABSOLUTE
    ..\\CMSIS\\system_stm32f4xx.c            0x00000000   Number         0  system_stm32f4xx.o ABSOLUTE
    ..\\FWLIB\\src\\misc.c                   0x00000000   Number         0  misc.o ABSOLUTE
    ..\\FWLIB\\src\\stm32f4xx_adc.c          0x00000000   Number         0  stm32f4xx_adc.o ABSOLUTE
    ..\\FWLIB\\src\\stm32f4xx_can.c          0x00000000   Number         0  stm32f4xx_can.o ABSOLUTE
    ..\\FWLIB\\src\\stm32f4xx_crc.c          0x00000000   Number         0  stm32f4xx_crc.o ABSOLUTE
    ..\\FWLIB\\src\\stm32f4xx_cryp.c         0x00000000   Number         0  stm32f4xx_cryp.o ABSOLUTE
    ..\\FWLIB\\src\\stm32f4xx_cryp_aes.c     0x00000000   Number         0  stm32f4xx_cryp_aes.o ABSOLUTE
    ..\\FWLIB\\src\\stm32f4xx_cryp_des.c     0x00000000   Number         0  stm32f4xx_cryp_des.o ABSOLUTE
    ..\\FWLIB\\src\\stm32f4xx_cryp_tdes.c    0x00000000   Number         0  stm32f4xx_cryp_tdes.o ABSOLUTE
    ..\\FWLIB\\src\\stm32f4xx_dac.c          0x00000000   Number         0  stm32f4xx_dac.o ABSOLUTE
    ..\\FWLIB\\src\\stm32f4xx_dbgmcu.c       0x00000000   Number         0  stm32f4xx_dbgmcu.o ABSOLUTE
    ..\\FWLIB\\src\\stm32f4xx_dcmi.c         0x00000000   Number         0  stm32f4xx_dcmi.o ABSOLUTE
    ..\\FWLIB\\src\\stm32f4xx_dma.c          0x00000000   Number         0  stm32f4xx_dma.o ABSOLUTE
    ..\\FWLIB\\src\\stm32f4xx_dma2d.c        0x00000000   Number         0  stm32f4xx_dma2d.o ABSOLUTE
    ..\\FWLIB\\src\\stm32f4xx_exti.c         0x00000000   Number         0  stm32f4xx_exti.o ABSOLUTE
    ..\\FWLIB\\src\\stm32f4xx_flash.c        0x00000000   Number         0  stm32f4xx_flash.o ABSOLUTE
    ..\\FWLIB\\src\\stm32f4xx_flash_ramfunc.c 0x00000000   Number         0  stm32f4xx_flash_ramfunc.o ABSOLUTE
    ..\\FWLIB\\src\\stm32f4xx_fsmc.c         0x00000000   Number         0  stm32f4xx_fsmc.o ABSOLUTE
    ..\\FWLIB\\src\\stm32f4xx_gpio.c         0x00000000   Number         0  stm32f4xx_gpio.o ABSOLUTE
    ..\\FWLIB\\src\\stm32f4xx_hash.c         0x00000000   Number         0  stm32f4xx_hash.o ABSOLUTE
    ..\\FWLIB\\src\\stm32f4xx_hash_md5.c     0x00000000   Number         0  stm32f4xx_hash_md5.o ABSOLUTE
    ..\\FWLIB\\src\\stm32f4xx_hash_sha1.c    0x00000000   Number         0  stm32f4xx_hash_sha1.o ABSOLUTE
    ..\\FWLIB\\src\\stm32f4xx_i2c.c          0x00000000   Number         0  stm32f4xx_i2c.o ABSOLUTE
    ..\\FWLIB\\src\\stm32f4xx_iwdg.c         0x00000000   Number         0  stm32f4xx_iwdg.o ABSOLUTE
    ..\\FWLIB\\src\\stm32f4xx_ltdc.c         0x00000000   Number         0  stm32f4xx_ltdc.o ABSOLUTE
    ..\\FWLIB\\src\\stm32f4xx_pwr.c          0x00000000   Number         0  stm32f4xx_pwr.o ABSOLUTE
    ..\\FWLIB\\src\\stm32f4xx_rcc.c          0x00000000   Number         0  stm32f4xx_rcc.o ABSOLUTE
    ..\\FWLIB\\src\\stm32f4xx_rng.c          0x00000000   Number         0  stm32f4xx_rng.o ABSOLUTE
    ..\\FWLIB\\src\\stm32f4xx_rtc.c          0x00000000   Number         0  stm32f4xx_rtc.o ABSOLUTE
    ..\\FWLIB\\src\\stm32f4xx_sai.c          0x00000000   Number         0  stm32f4xx_sai.o ABSOLUTE
    ..\\FWLIB\\src\\stm32f4xx_sdio.c         0x00000000   Number         0  stm32f4xx_sdio.o ABSOLUTE
    ..\\FWLIB\\src\\stm32f4xx_spi.c          0x00000000   Number         0  stm32f4xx_spi.o ABSOLUTE
    ..\\FWLIB\\src\\stm32f4xx_syscfg.c       0x00000000   Number         0  stm32f4xx_syscfg.o ABSOLUTE
    ..\\FWLIB\\src\\stm32f4xx_tim.c          0x00000000   Number         0  stm32f4xx_tim.o ABSOLUTE
    ..\\FWLIB\\src\\stm32f4xx_usart.c        0x00000000   Number         0  stm32f4xx_usart.o ABSOLUTE
    ..\\FWLIB\\src\\stm32f4xx_wwdg.c         0x00000000   Number         0  stm32f4xx_wwdg.o ABSOLUTE
    ..\\UTILS\\delay.c                       0x00000000   Number         0  delay.o ABSOLUTE
    cdcmple.s                                0x00000000   Number         0  cdcmple.o ABSOLUTE
    cdrcmple.s                               0x00000000   Number         0  cdrcmple.o ABSOLUTE
    dc.s                                     0x00000000   Number         0  dc.o ABSOLUTE
    handlers.s                               0x00000000   Number         0  handlers.o ABSOLUTE
    init.s                                   0x00000000   Number         0  init.o ABSOLUTE
    main.c                                   0x00000000   Number         0  main.o ABSOLUTE
    main.c                                   0x00000000   Number         0  main.o ABSOLUTE
    stm32f4xx_it.c                           0x00000000   Number         0  stm32f4xx_it.o ABSOLUTE
    stm32f4xx_it.c                           0x00000000   Number         0  stm32f4xx_it.o ABSOLUTE
    RESET                                    0x08000000   Section      392  startup_stm32f40_41xxx.o(RESET)
    .ARM.Collect$$$$00000000                 0x08000188   Section        0  entry.o(.ARM.Collect$$$$00000000)
    .ARM.Collect$$$$00000001                 0x08000188   Section        4  entry2.o(.ARM.Collect$$$$00000001)
    .ARM.Collect$$$$00000004                 0x0800018c   Section        4  entry5.o(.ARM.Collect$$$$00000004)
    .ARM.Collect$$$$00000008                 0x08000190   Section        0  entry7b.o(.ARM.Collect$$$$00000008)
    .ARM.Collect$$$$0000000A                 0x08000190   Section        0  entry8b.o(.ARM.Collect$$$$0000000A)
    .ARM.Collect$$$$0000000B                 0x08000190   Section        8  entry9a.o(.ARM.Collect$$$$0000000B)
    .ARM.Collect$$$$0000000D                 0x08000198   Section        0  entry10a.o(.ARM.Collect$$$$0000000D)
    .ARM.Collect$$$$0000000F                 0x08000198   Section        0  entry11a.o(.ARM.Collect$$$$0000000F)
    .ARM.Collect$$$$00002712                 0x08000198   Section        4  entry2.o(.ARM.Collect$$$$00002712)
    __lit__00000000                          0x08000198   Data           4  entry2.o(.ARM.Collect$$$$00002712)
    .text                                    0x0800019c   Section       36  startup_stm32f40_41xxx.o(.text)
    $v0                                      0x0800019c   Number         0  startup_stm32f40_41xxx.o(.text)
    .text                                    0x080001c0   Section        0  memcpya.o(.text)
    .text                                    0x080001e4   Section        0  memseta.o(.text)
    .text                                    0x08000208   Section        0  strncmp.o(.text)
    .text                                    0x08000226   Section        0  strpbrk.o(.text)
    .text                                    0x08000246   Section        0  strtol.o(.text)
    .text                                    0x080002b6   Section        0  dfltui.o(.text)
    .text                                    0x080002d0   Section        0  f2d.o(.text)
    .text                                    0x080002f6   Section        0  uidiv.o(.text)
    .text                                    0x08000322   Section        0  uldiv.o(.text)
    .text                                    0x08000384   Section        0  ctype_o.o(.text)
    .text                                    0x0800038c   Section        0  isspace_o.o(.text)
    .text                                    0x0800039e   Section        0  _strtoul.o(.text)
    .text                                    0x0800043c   Section        0  strtod.o(.text)
    _local_sscanf                            0x0800043d   Thumb Code    54  strtod.o(.text)
    .text                                    0x080004d8   Section        0  strtof.o(.text)
    .text                                    0x080004f2   Section        0  depilogue.o(.text)
    .text                                    0x080004f2   Section        0  iusefp.o(.text)
    .text                                    0x080005ac   Section        0  dadd.o(.text)
    .text                                    0x080006fa   Section        0  dmul.o(.text)
    .text                                    0x080007de   Section        0  ddiv.o(.text)
    .text                                    0x080008bc   Section        0  dfixul.o(.text)
    .text                                    0x080008ec   Section       48  cdrcmple.o(.text)
    .text                                    0x0800091c   Section       36  init.o(.text)
    .text                                    0x08000940   Section        0  llshl.o(.text)
    .text                                    0x0800095e   Section        0  llushr.o(.text)
    .text                                    0x0800097e   Section        0  llsshr.o(.text)
    .text                                    0x080009a2   Section        0  _chval.o(.text)
    .text                                    0x080009c0   Section        0  scanf_fp.o(.text)
    _fp_value                                0x080009c1   Thumb Code   296  scanf_fp.o(.text)
    .text                                    0x08000d20   Section        0  _sgetc.o(.text)
    .text                                    0x08000d60   Section        0  dfltul.o(.text)
    .text                                    0x08000d78   Section       48  cdcmple.o(.text)
    .text                                    0x08000da8   Section        0  d2f.o(.text)
    .text                                    0x08000de0   Section        0  fpstat.o(.text)
    .text                                    0x08000de4   Section        0  fepilogue.o(.text)
    i.BusFault_Handler                       0x08000e52   Section        0  stm32f4xx_it.o(i.BusFault_Handler)
    i.DebugMon_Handler                       0x08000e56   Section        0  stm32f4xx_it.o(i.DebugMon_Handler)
    i.GPIO_Init                              0x08000e58   Section        0  stm32f4xx_gpio.o(i.GPIO_Init)
    i.GPIO_PinAFConfig                       0x08000ee8   Section        0  stm32f4xx_gpio.o(i.GPIO_PinAFConfig)
    i.GPS_Init                               0x08000f30   Section        0  gps.o(i.GPS_Init)
    i.GPS_ReadAndParse                       0x08000fe8   Section        0  gps.o(i.GPS_ReadAndParse)
    i.HardFault_Handler                      0x0800107c   Section        0  stm32f4xx_it.o(i.HardFault_Handler)
    i.MemManage_Handler                      0x08001080   Section        0  stm32f4xx_it.o(i.MemManage_Handler)
    i.NMI_Handler                            0x08001084   Section        0  stm32f4xx_it.o(i.NMI_Handler)
    i.NVIC_Init                              0x08001088   Section        0  misc.o(i.NVIC_Init)
    i.PendSV_Handler                         0x08001100   Section        0  stm32f4xx_it.o(i.PendSV_Handler)
    i.RCC_AHB1PeriphClockCmd                 0x08001104   Section        0  stm32f4xx_rcc.o(i.RCC_AHB1PeriphClockCmd)
    i.RCC_APB1PeriphClockCmd                 0x08001124   Section        0  stm32f4xx_rcc.o(i.RCC_APB1PeriphClockCmd)
    i.RCC_GetClocksFreq                      0x08001144   Section        0  stm32f4xx_rcc.o(i.RCC_GetClocksFreq)
    i.SVC_Handler                            0x0800122c   Section        0  stm32f4xx_it.o(i.SVC_Handler)
    i.SetSysClock                            0x08001230   Section        0  system_stm32f4xx.o(i.SetSysClock)
    SetSysClock                              0x08001231   Thumb Code   220  system_stm32f4xx.o(i.SetSysClock)
    i.SysTick_Handler                        0x0800131c   Section        0  stm32f4xx_it.o(i.SysTick_Handler)
    i.SystemInit                             0x08001320   Section        0  system_stm32f4xx.o(i.SystemInit)
    i.UART2_Init                             0x08001388   Section        0  usart.o(i.UART2_Init)
    i.UART4_IRQHandler                       0x08001434   Section        0  gps.o(i.UART4_IRQHandler)
    i.USART2_IRQHandler                      0x080014ac   Section        0  usart.o(i.USART2_IRQHandler)
    i.USART_ClearITPendingBit                0x080014d0   Section        0  stm32f4xx_usart.o(i.USART_ClearITPendingBit)
    i.USART_Cmd                              0x080014ee   Section        0  stm32f4xx_usart.o(i.USART_Cmd)
    i.USART_GetFlagStatus                    0x08001506   Section        0  stm32f4xx_usart.o(i.USART_GetFlagStatus)
    i.USART_GetITStatus                      0x08001520   Section        0  stm32f4xx_usart.o(i.USART_GetITStatus)
    i.USART_ITConfig                         0x08001574   Section        0  stm32f4xx_usart.o(i.USART_ITConfig)
    i.USART_Init                             0x080015c0   Section        0  stm32f4xx_usart.o(i.USART_Init)
    i.USART_ReceiveData                      0x08001694   Section        0  stm32f4xx_usart.o(i.USART_ReceiveData)
    i.USART_SendData                         0x0800169e   Section        0  stm32f4xx_usart.o(i.USART_SendData)
    i.UsageFault_Handler                     0x080016a6   Section        0  stm32f4xx_it.o(i.UsageFault_Handler)
    i.__0printf                              0x080016ac   Section        0  printfa.o(i.__0printf)
    i.__aeabi_errno_addr                     0x080016cc   Section        0  errno.o(i.__aeabi_errno_addr)
    i.__hardfp___mathlib_tofloat             0x080016d8   Section        0  narrow.o(i.__hardfp___mathlib_tofloat)
    i.__hardfp_strtod                        0x080017d0   Section        0  strtod.o(i.__hardfp_strtod)
    i.__hardfp_strtof                        0x080017f8   Section        0  strtof.o(i.__hardfp_strtof)
    i.__mathlib_narrow                       0x08001818   Section        0  narrow.o(i.__mathlib_narrow)
    i.__scatterload_copy                     0x0800182a   Section       14  handlers.o(i.__scatterload_copy)
    i.__scatterload_null                     0x08001838   Section        2  handlers.o(i.__scatterload_null)
    i.__scatterload_zeroinit                 0x0800183a   Section       14  handlers.o(i.__scatterload_zeroinit)
    i.__set_errno                            0x08001848   Section        0  errno.o(i.__set_errno)
    i._fp_digits                             0x08001854   Section        0  printfa.o(i._fp_digits)
    _fp_digits                               0x08001855   Thumb Code   366  printfa.o(i._fp_digits)
    i._is_digit                              0x080019d8   Section        0  scanf_fp.o(i._is_digit)
    i._printf_core                           0x080019e8   Section        0  printfa.o(i._printf_core)
    _printf_core                             0x080019e9   Thumb Code  1744  printfa.o(i._printf_core)
    i._printf_post_padding                   0x080020c4   Section        0  printfa.o(i._printf_post_padding)
    _printf_post_padding                     0x080020c5   Thumb Code    36  printfa.o(i._printf_post_padding)
    i._printf_pre_padding                    0x080020e8   Section        0  printfa.o(i._printf_pre_padding)
    _printf_pre_padding                      0x080020e9   Thumb Code    46  printfa.o(i._printf_pre_padding)
    i.fputc                                  0x08002118   Section        0  usart.o(i.fputc)
    i.frexp                                  0x08002140   Section        0  frexp.o(i.frexp)
    i.gga_parse                              0x080021cc   Section        0  gps_parser.o(i.gga_parse)
    i.gga_show                               0x08002320   Section        0  gps_parser.o(i.gga_show)
    i.gll_parse                              0x08002498   Section        0  gps_parser.o(i.gll_parse)
    i.gll_show                               0x08002550   Section        0  gps_parser.o(i.gll_show)
    i.gps_parse                              0x08002618   Section        0  gps_parser.o(i.gps_parse)
    i.gsa_parse                              0x08002714   Section        0  gps_parser.o(i.gsa_parse)
    i.gsa_show                               0x080027fc   Section        0  gps_parser.o(i.gsa_show)
    i.gsv_parse                              0x080028f4   Section        0  gps_parser.o(i.gsv_parse)
    i.gsv_show                               0x08002a2c   Section        0  gps_parser.o(i.gsv_show)
    i.main                                   0x08002b40   Section        0  main.o(i.main)
    i.rmc_parse                              0x08002b58   Section        0  gps_parser.o(i.rmc_parse)
    i.rmc_show                               0x08002c64   Section        0  gps_parser.o(i.rmc_show)
    i.vtg_parse                              0x08002e04   Section        0  gps_parser.o(i.vtg_parse)
    i.vtg_show                               0x08002ec0   Section        0  gps_parser.o(i.vtg_show)
    .constdata                               0x08002f9c   Section      129  ctype_o.o(.constdata)
    .constdata                               0x08003020   Section        4  ctype_o.o(.constdata)
    table                                    0x08003020   Data           4  ctype_o.o(.constdata)
    .data                                    0x20000000   Section        3  gps.o(.data)
    .data                                    0x20000003   Section       16  stm32f4xx_rcc.o(.data)
    APBAHBPrescTable                         0x20000003   Data          16  stm32f4xx_rcc.o(.data)
    .data                                    0x20000014   Section        4  stdout.o(.data)
    .data                                    0x20000018   Section        4  errno.o(.data)
    _errno                                   0x20000018   Data           4  errno.o(.data)
    .bss                                     0x2000001c   Section      500  gps.o(.bss)
    .bss                                     0x20000210   Section      480  gps_parser.o(.bss)
    STACK                                    0x200003f0   Section     1024  startup_stm32f40_41xxx.o(STACK)

    Global Symbols

    Symbol Name                              Value     Ov Type        Size  Object(Section)

    BuildAttributes$$THM_ISAv4$E$P$D$K$B$S$7EM$VFPi3$EXTD16$VFPS$VFMA$PE$A:L22UL41UL21$X:L11$S22US41US21$IEEE1$IW$USESV6$~STKCKD$USESV7$~SHL$OTIME$ROPI$IEEEJ$EBA8$MICROLIB$REQ8$PRES8$EABIv2 0x00000000   Number         0  anon$$obj.o ABSOLUTE
    __ARM_use_no_argv                        0x00000000   Number         0  main.o ABSOLUTE
    _printf_a                                0x00000000   Number         0  stubs.o ABSOLUTE
    _printf_c                                0x00000000   Number         0  stubs.o ABSOLUTE
    _printf_charcount                        0x00000000   Number         0  stubs.o ABSOLUTE
    _printf_d                                0x00000000   Number         0  stubs.o ABSOLUTE
    _printf_e                                0x00000000   Number         0  stubs.o ABSOLUTE
    _printf_f                                0x00000000   Number         0  stubs.o ABSOLUTE
    _printf_flags                            0x00000000   Number         0  stubs.o ABSOLUTE
    _printf_fp_dec                           0x00000000   Number         0  stubs.o ABSOLUTE
    _printf_fp_hex                           0x00000000   Number         0  stubs.o ABSOLUTE
    _printf_g                                0x00000000   Number         0  stubs.o ABSOLUTE
    _printf_i                                0x00000000   Number         0  stubs.o ABSOLUTE
    _printf_int_dec                          0x00000000   Number         0  stubs.o ABSOLUTE
    _printf_l                                0x00000000   Number         0  stubs.o ABSOLUTE
    _printf_lc                               0x00000000   Number         0  stubs.o ABSOLUTE
    _printf_ll                               0x00000000   Number         0  stubs.o ABSOLUTE
    _printf_lld                              0x00000000   Number         0  stubs.o ABSOLUTE
    _printf_lli                              0x00000000   Number         0  stubs.o ABSOLUTE
    _printf_llo                              0x00000000   Number         0  stubs.o ABSOLUTE
    _printf_llu                              0x00000000   Number         0  stubs.o ABSOLUTE
    _printf_llx                              0x00000000   Number         0  stubs.o ABSOLUTE
    _printf_longlong_dec                     0x00000000   Number         0  stubs.o ABSOLUTE
    _printf_longlong_hex                     0x00000000   Number         0  stubs.o ABSOLUTE
    _printf_longlong_oct                     0x00000000   Number         0  stubs.o ABSOLUTE
    _printf_ls                               0x00000000   Number         0  stubs.o ABSOLUTE
    _printf_mbtowc                           0x00000000   Number         0  stubs.o ABSOLUTE
    _printf_n                                0x00000000   Number         0  stubs.o ABSOLUTE
    _printf_o                                0x00000000   Number         0  stubs.o ABSOLUTE
    _printf_p                                0x00000000   Number         0  stubs.o ABSOLUTE
    _printf_percent                          0x00000000   Number         0  stubs.o ABSOLUTE
    _printf_pre_padding                      0x00000000   Number         0  stubs.o ABSOLUTE
    _printf_return_value                     0x00000000   Number         0  stubs.o ABSOLUTE
    _printf_s                                0x00000000   Number         0  stubs.o ABSOLUTE
    _printf_sizespec                         0x00000000   Number         0  stubs.o ABSOLUTE
    _printf_str                              0x00000000   Number         0  stubs.o ABSOLUTE
    _printf_truncate_signed                  0x00000000   Number         0  stubs.o ABSOLUTE
    _printf_truncate_unsigned                0x00000000   Number         0  stubs.o ABSOLUTE
    _printf_u                                0x00000000   Number         0  stubs.o ABSOLUTE
    _printf_wc                               0x00000000   Number         0  stubs.o ABSOLUTE
    _printf_wctomb                           0x00000000   Number         0  stubs.o ABSOLUTE
    _printf_widthprec                        0x00000000   Number         0  stubs.o ABSOLUTE
    _printf_x                                0x00000000   Number         0  stubs.o ABSOLUTE
    __cpp_initialize__aeabi_                  - Undefined Weak Reference
    __cxa_finalize                            - Undefined Weak Reference
    __decompress                              - Undefined Weak Reference
    _clock_init                               - Undefined Weak Reference
    _microlib_exit                            - Undefined Weak Reference
    __Vectors_Size                           0x00000188   Number         0  startup_stm32f40_41xxx.o ABSOLUTE
    __Vectors                                0x08000000   Data           4  startup_stm32f40_41xxx.o(RESET)
    __Vectors_End                            0x08000188   Data           0  startup_stm32f40_41xxx.o(RESET)
    __main                                   0x08000189   Thumb Code     0  entry.o(.ARM.Collect$$$$00000000)
    _main_stk                                0x08000189   Thumb Code     0  entry2.o(.ARM.Collect$$$$00000001)
    _main_scatterload                        0x0800018d   Thumb Code     0  entry5.o(.ARM.Collect$$$$00000004)
    __main_after_scatterload                 0x08000191   Thumb Code     0  entry5.o(.ARM.Collect$$$$00000004)
    _main_clock                              0x08000191   Thumb Code     0  entry7b.o(.ARM.Collect$$$$00000008)
    _main_cpp_init                           0x08000191   Thumb Code     0  entry8b.o(.ARM.Collect$$$$0000000A)
    _main_init                               0x08000191   Thumb Code     0  entry9a.o(.ARM.Collect$$$$0000000B)
    __rt_final_cpp                           0x08000199   Thumb Code     0  entry10a.o(.ARM.Collect$$$$0000000D)
    __rt_final_exit                          0x08000199   Thumb Code     0  entry11a.o(.ARM.Collect$$$$0000000F)
    Reset_Handler                            0x0800019d   Thumb Code     8  startup_stm32f40_41xxx.o(.text)
    ADC_IRQHandler                           0x080001b7   Thumb Code     0  startup_stm32f40_41xxx.o(.text)
    CAN1_RX0_IRQHandler                      0x080001b7   Thumb Code     0  startup_stm32f40_41xxx.o(.text)
    CAN1_RX1_IRQHandler                      0x080001b7   Thumb Code     0  startup_stm32f40_41xxx.o(.text)
    CAN1_SCE_IRQHandler                      0x080001b7   Thumb Code     0  startup_stm32f40_41xxx.o(.text)
    CAN1_TX_IRQHandler                       0x080001b7   Thumb Code     0  startup_stm32f40_41xxx.o(.text)
    CAN2_RX0_IRQHandler                      0x080001b7   Thumb Code     0  startup_stm32f40_41xxx.o(.text)
    CAN2_RX1_IRQHandler                      0x080001b7   Thumb Code     0  startup_stm32f40_41xxx.o(.text)
    CAN2_SCE_IRQHandler                      0x080001b7   Thumb Code     0  startup_stm32f40_41xxx.o(.text)
    CAN2_TX_IRQHandler                       0x080001b7   Thumb Code     0  startup_stm32f40_41xxx.o(.text)
    CRYP_IRQHandler                          0x080001b7   Thumb Code     0  startup_stm32f40_41xxx.o(.text)
    DCMI_IRQHandler                          0x080001b7   Thumb Code     0  startup_stm32f40_41xxx.o(.text)
    DMA1_Stream0_IRQHandler                  0x080001b7   Thumb Code     0  startup_stm32f40_41xxx.o(.text)
    DMA1_Stream1_IRQHandler                  0x080001b7   Thumb Code     0  startup_stm32f40_41xxx.o(.text)
    DMA1_Stream2_IRQHandler                  0x080001b7   Thumb Code     0  startup_stm32f40_41xxx.o(.text)
    DMA1_Stream3_IRQHandler                  0x080001b7   Thumb Code     0  startup_stm32f40_41xxx.o(.text)
    DMA1_Stream4_IRQHandler                  0x080001b7   Thumb Code     0  startup_stm32f40_41xxx.o(.text)
    DMA1_Stream5_IRQHandler                  0x080001b7   Thumb Code     0  startup_stm32f40_41xxx.o(.text)
    DMA1_Stream6_IRQHandler                  0x080001b7   Thumb Code     0  startup_stm32f40_41xxx.o(.text)
    DMA1_Stream7_IRQHandler                  0x080001b7   Thumb Code     0  startup_stm32f40_41xxx.o(.text)
    DMA2_Stream0_IRQHandler                  0x080001b7   Thumb Code     0  startup_stm32f40_41xxx.o(.text)
    DMA2_Stream1_IRQHandler                  0x080001b7   Thumb Code     0  startup_stm32f40_41xxx.o(.text)
    DMA2_Stream2_IRQHandler                  0x080001b7   Thumb Code     0  startup_stm32f40_41xxx.o(.text)
    DMA2_Stream3_IRQHandler                  0x080001b7   Thumb Code     0  startup_stm32f40_41xxx.o(.text)
    DMA2_Stream4_IRQHandler                  0x080001b7   Thumb Code     0  startup_stm32f40_41xxx.o(.text)
    DMA2_Stream5_IRQHandler                  0x080001b7   Thumb Code     0  startup_stm32f40_41xxx.o(.text)
    DMA2_Stream6_IRQHandler                  0x080001b7   Thumb Code     0  startup_stm32f40_41xxx.o(.text)
    DMA2_Stream7_IRQHandler                  0x080001b7   Thumb Code     0  startup_stm32f40_41xxx.o(.text)
    ETH_IRQHandler                           0x080001b7   Thumb Code     0  startup_stm32f40_41xxx.o(.text)
    ETH_WKUP_IRQHandler                      0x080001b7   Thumb Code     0  startup_stm32f40_41xxx.o(.text)
    EXTI0_IRQHandler                         0x080001b7   Thumb Code     0  startup_stm32f40_41xxx.o(.text)
    EXTI15_10_IRQHandler                     0x080001b7   Thumb Code     0  startup_stm32f40_41xxx.o(.text)
    EXTI1_IRQHandler                         0x080001b7   Thumb Code     0  startup_stm32f40_41xxx.o(.text)
    EXTI2_IRQHandler                         0x080001b7   Thumb Code     0  startup_stm32f40_41xxx.o(.text)
    EXTI3_IRQHandler                         0x080001b7   Thumb Code     0  startup_stm32f40_41xxx.o(.text)
    EXTI4_IRQHandler                         0x080001b7   Thumb Code     0  startup_stm32f40_41xxx.o(.text)
    EXTI9_5_IRQHandler                       0x080001b7   Thumb Code     0  startup_stm32f40_41xxx.o(.text)
    FLASH_IRQHandler                         0x080001b7   Thumb Code     0  startup_stm32f40_41xxx.o(.text)
    FPU_IRQHandler                           0x080001b7   Thumb Code     0  startup_stm32f40_41xxx.o(.text)
    FSMC_IRQHandler                          0x080001b7   Thumb Code     0  startup_stm32f40_41xxx.o(.text)
    HASH_RNG_IRQHandler                      0x080001b7   Thumb Code     0  startup_stm32f40_41xxx.o(.text)
    I2C1_ER_IRQHandler                       0x080001b7   Thumb Code     0  startup_stm32f40_41xxx.o(.text)
    I2C1_EV_IRQHandler                       0x080001b7   Thumb Code     0  startup_stm32f40_41xxx.o(.text)
    I2C2_ER_IRQHandler                       0x080001b7   Thumb Code     0  startup_stm32f40_41xxx.o(.text)
    I2C2_EV_IRQHandler                       0x080001b7   Thumb Code     0  startup_stm32f40_41xxx.o(.text)
    I2C3_ER_IRQHandler                       0x080001b7   Thumb Code     0  startup_stm32f40_41xxx.o(.text)
    I2C3_EV_IRQHandler                       0x080001b7   Thumb Code     0  startup_stm32f40_41xxx.o(.text)
    OTG_FS_IRQHandler                        0x080001b7   Thumb Code     0  startup_stm32f40_41xxx.o(.text)
    OTG_FS_WKUP_IRQHandler                   0x080001b7   Thumb Code     0  startup_stm32f40_41xxx.o(.text)
    OTG_HS_EP1_IN_IRQHandler                 0x080001b7   Thumb Code     0  startup_stm32f40_41xxx.o(.text)
    OTG_HS_EP1_OUT_IRQHandler                0x080001b7   Thumb Code     0  startup_stm32f40_41xxx.o(.text)
    OTG_HS_IRQHandler                        0x080001b7   Thumb Code     0  startup_stm32f40_41xxx.o(.text)
    OTG_HS_WKUP_IRQHandler                   0x080001b7   Thumb Code     0  startup_stm32f40_41xxx.o(.text)
    PVD_IRQHandler                           0x080001b7   Thumb Code     0  startup_stm32f40_41xxx.o(.text)
    RCC_IRQHandler                           0x080001b7   Thumb Code     0  startup_stm32f40_41xxx.o(.text)
    RTC_Alarm_IRQHandler                     0x080001b7   Thumb Code     0  startup_stm32f40_41xxx.o(.text)
    RTC_WKUP_IRQHandler                      0x080001b7   Thumb Code     0  startup_stm32f40_41xxx.o(.text)
    SDIO_IRQHandler                          0x080001b7   Thumb Code     0  startup_stm32f40_41xxx.o(.text)
    SPI1_IRQHandler                          0x080001b7   Thumb Code     0  startup_stm32f40_41xxx.o(.text)
    SPI2_IRQHandler                          0x080001b7   Thumb Code     0  startup_stm32f40_41xxx.o(.text)
    SPI3_IRQHandler                          0x080001b7   Thumb Code     0  startup_stm32f40_41xxx.o(.text)
    TAMP_STAMP_IRQHandler                    0x080001b7   Thumb Code     0  startup_stm32f40_41xxx.o(.text)
    TIM1_BRK_TIM9_IRQHandler                 0x080001b7   Thumb Code     0  startup_stm32f40_41xxx.o(.text)
    TIM1_CC_IRQHandler                       0x080001b7   Thumb Code     0  startup_stm32f40_41xxx.o(.text)
    TIM1_TRG_COM_TIM11_IRQHandler            0x080001b7   Thumb Code     0  startup_stm32f40_41xxx.o(.text)
    TIM1_UP_TIM10_IRQHandler                 0x080001b7   Thumb Code     0  startup_stm32f40_41xxx.o(.text)
    TIM2_IRQHandler                          0x080001b7   Thumb Code     0  startup_stm32f40_41xxx.o(.text)
    TIM3_IRQHandler                          0x080001b7   Thumb Code     0  startup_stm32f40_41xxx.o(.text)
    TIM4_IRQHandler                          0x080001b7   Thumb Code     0  startup_stm32f40_41xxx.o(.text)
    TIM5_IRQHandler                          0x080001b7   Thumb Code     0  startup_stm32f40_41xxx.o(.text)
    TIM6_DAC_IRQHandler                      0x080001b7   Thumb Code     0  startup_stm32f40_41xxx.o(.text)
    TIM7_IRQHandler                          0x080001b7   Thumb Code     0  startup_stm32f40_41xxx.o(.text)
    TIM8_BRK_TIM12_IRQHandler                0x080001b7   Thumb Code     0  startup_stm32f40_41xxx.o(.text)
    TIM8_CC_IRQHandler                       0x080001b7   Thumb Code     0  startup_stm32f40_41xxx.o(.text)
    TIM8_TRG_COM_TIM14_IRQHandler            0x080001b7   Thumb Code     0  startup_stm32f40_41xxx.o(.text)
    TIM8_UP_TIM13_IRQHandler                 0x080001b7   Thumb Code     0  startup_stm32f40_41xxx.o(.text)
    UART5_IRQHandler                         0x080001b7   Thumb Code     0  startup_stm32f40_41xxx.o(.text)
    USART1_IRQHandler                        0x080001b7   Thumb Code     0  startup_stm32f40_41xxx.o(.text)
    USART3_IRQHandler                        0x080001b7   Thumb Code     0  startup_stm32f40_41xxx.o(.text)
    USART6_IRQHandler                        0x080001b7   Thumb Code     0  startup_stm32f40_41xxx.o(.text)
    WWDG_IRQHandler                          0x080001b7   Thumb Code     0  startup_stm32f40_41xxx.o(.text)
    __aeabi_memcpy                           0x080001c1   Thumb Code    36  memcpya.o(.text)
    __aeabi_memcpy4                          0x080001c1   Thumb Code     0  memcpya.o(.text)
    __aeabi_memcpy8                          0x080001c1   Thumb Code     0  memcpya.o(.text)
    __aeabi_memset                           0x080001e5   Thumb Code    14  memseta.o(.text)
    __aeabi_memset4                          0x080001e5   Thumb Code     0  memseta.o(.text)
    __aeabi_memset8                          0x080001e5   Thumb Code     0  memseta.o(.text)
    __aeabi_memclr                           0x080001f3   Thumb Code     4  memseta.o(.text)
    __aeabi_memclr4                          0x080001f3   Thumb Code     0  memseta.o(.text)
    __aeabi_memclr8                          0x080001f3   Thumb Code     0  memseta.o(.text)
    _memset$wrapper                          0x080001f7   Thumb Code    18  memseta.o(.text)
    strncmp                                  0x08000209   Thumb Code    30  strncmp.o(.text)
    strpbrk                                  0x08000227   Thumb Code    32  strpbrk.o(.text)
    strtol                                   0x08000247   Thumb Code   112  strtol.o(.text)
    __aeabi_ui2d                             0x080002b7   Thumb Code    26  dfltui.o(.text)
    __aeabi_f2d                              0x080002d1   Thumb Code    38  f2d.o(.text)
    __aeabi_uidiv                            0x080002f7   Thumb Code     0  uidiv.o(.text)
    __aeabi_uidivmod                         0x080002f7   Thumb Code    44  uidiv.o(.text)
    __aeabi_uldivmod                         0x08000323   Thumb Code    98  uldiv.o(.text)
    __rt_ctype_table                         0x08000385   Thumb Code     4  ctype_o.o(.text)
    isspace                                  0x0800038d   Thumb Code    18  isspace_o.o(.text)
    _strtoul                                 0x0800039f   Thumb Code   158  _strtoul.o(.text)
    __strtod_int                             0x08000473   Thumb Code    90  strtod.o(.text)
    __strtof_int                             0x080004d9   Thumb Code    26  strtof.o(.text)
    __I$use$fp                               0x080004f3   Thumb Code     0  iusefp.o(.text)
    _double_round                            0x080004f3   Thumb Code    30  depilogue.o(.text)
    _double_epilogue                         0x08000511   Thumb Code   156  depilogue.o(.text)
    __aeabi_dadd                             0x080005ad   Thumb Code   322  dadd.o(.text)
    __aeabi_dsub                             0x080006ef   Thumb Code     6  dadd.o(.text)
    __aeabi_drsub                            0x080006f5   Thumb Code     6  dadd.o(.text)
    __aeabi_dmul                             0x080006fb   Thumb Code   228  dmul.o(.text)
    __aeabi_ddiv                             0x080007df   Thumb Code   222  ddiv.o(.text)
    __aeabi_d2ulz                            0x080008bd   Thumb Code    48  dfixul.o(.text)
    __aeabi_cdrcmple                         0x080008ed   Thumb Code    48  cdrcmple.o(.text)
    __scatterload                            0x0800091d   Thumb Code    28  init.o(.text)
    __scatterload_rt2                        0x0800091d   Thumb Code     0  init.o(.text)
    __aeabi_llsl                             0x08000941   Thumb Code    30  llshl.o(.text)
    _ll_shift_l                              0x08000941   Thumb Code     0  llshl.o(.text)
    __aeabi_llsr                             0x0800095f   Thumb Code    32  llushr.o(.text)
    _ll_ushift_r                             0x0800095f   Thumb Code     0  llushr.o(.text)
    __aeabi_lasr                             0x0800097f   Thumb Code    36  llsshr.o(.text)
    _ll_sshift_r                             0x0800097f   Thumb Code     0  llsshr.o(.text)
    _chval                                   0x080009a3   Thumb Code    28  _chval.o(.text)
    _scanf_real                              0x08000ae9   Thumb Code     0  scanf_fp.o(.text)
    _scanf_really_real                       0x08000ae9   Thumb Code   556  scanf_fp.o(.text)
    _sgetc                                   0x08000d21   Thumb Code    30  _sgetc.o(.text)
    _sbackspace                              0x08000d3f   Thumb Code    34  _sgetc.o(.text)
    __aeabi_ul2d                             0x08000d61   Thumb Code    24  dfltul.o(.text)
    __aeabi_cdcmpeq                          0x08000d79   Thumb Code     0  cdcmple.o(.text)
    __aeabi_cdcmple                          0x08000d79   Thumb Code    48  cdcmple.o(.text)
    __aeabi_d2f                              0x08000da9   Thumb Code    56  d2f.o(.text)
    __fp_status                              0x08000de1   Thumb Code     4  fpstat.o(.text)
    __ieee_status                            0x08000de1   Thumb Code     0  fpstat.o(.text)
    _float_round                             0x08000de5   Thumb Code    18  fepilogue.o(.text)
    _float_epilogue                          0x08000df7   Thumb Code    92  fepilogue.o(.text)
    BusFault_Handler                         0x08000e53   Thumb Code     4  stm32f4xx_it.o(i.BusFault_Handler)
    DebugMon_Handler                         0x08000e57   Thumb Code     2  stm32f4xx_it.o(i.DebugMon_Handler)
    GPIO_Init                                0x08000e59   Thumb Code   144  stm32f4xx_gpio.o(i.GPIO_Init)
    GPIO_PinAFConfig                         0x08000ee9   Thumb Code    70  stm32f4xx_gpio.o(i.GPIO_PinAFConfig)
    GPS_Init                                 0x08000f31   Thumb Code   176  gps.o(i.GPS_Init)
    GPS_ReadAndParse                         0x08000fe9   Thumb Code    96  gps.o(i.GPS_ReadAndParse)
    HardFault_Handler                        0x0800107d   Thumb Code     4  stm32f4xx_it.o(i.HardFault_Handler)
    MemManage_Handler                        0x08001081   Thumb Code     4  stm32f4xx_it.o(i.MemManage_Handler)
    NMI_Handler                              0x08001085   Thumb Code     2  stm32f4xx_it.o(i.NMI_Handler)
    NVIC_Init                                0x08001089   Thumb Code   106  misc.o(i.NVIC_Init)
    PendSV_Handler                           0x08001101   Thumb Code     2  stm32f4xx_it.o(i.PendSV_Handler)
    RCC_AHB1PeriphClockCmd                   0x08001105   Thumb Code    26  stm32f4xx_rcc.o(i.RCC_AHB1PeriphClockCmd)
    RCC_APB1PeriphClockCmd                   0x08001125   Thumb Code    26  stm32f4xx_rcc.o(i.RCC_APB1PeriphClockCmd)
    RCC_GetClocksFreq                        0x08001145   Thumb Code   214  stm32f4xx_rcc.o(i.RCC_GetClocksFreq)
    SVC_Handler                              0x0800122d   Thumb Code     2  stm32f4xx_it.o(i.SVC_Handler)
    SysTick_Handler                          0x0800131d   Thumb Code     2  stm32f4xx_it.o(i.SysTick_Handler)
    SystemInit                               0x08001321   Thumb Code    88  system_stm32f4xx.o(i.SystemInit)
    UART2_Init                               0x08001389   Thumb Code   162  usart.o(i.UART2_Init)
    UART4_IRQHandler                         0x08001435   Thumb Code   102  gps.o(i.UART4_IRQHandler)
    USART2_IRQHandler                        0x080014ad   Thumb Code    32  usart.o(i.USART2_IRQHandler)
    USART_ClearITPendingBit                  0x080014d1   Thumb Code    30  stm32f4xx_usart.o(i.USART_ClearITPendingBit)
    USART_Cmd                                0x080014ef   Thumb Code    24  stm32f4xx_usart.o(i.USART_Cmd)
    USART_GetFlagStatus                      0x08001507   Thumb Code    26  stm32f4xx_usart.o(i.USART_GetFlagStatus)
    USART_GetITStatus                        0x08001521   Thumb Code    84  stm32f4xx_usart.o(i.USART_GetITStatus)
    USART_ITConfig                           0x08001575   Thumb Code    74  stm32f4xx_usart.o(i.USART_ITConfig)
    USART_Init                               0x080015c1   Thumb Code   204  stm32f4xx_usart.o(i.USART_Init)
    USART_ReceiveData                        0x08001695   Thumb Code    10  stm32f4xx_usart.o(i.USART_ReceiveData)
    USART_SendData                           0x0800169f   Thumb Code     8  stm32f4xx_usart.o(i.USART_SendData)
    UsageFault_Handler                       0x080016a7   Thumb Code     4  stm32f4xx_it.o(i.UsageFault_Handler)
    __0printf                                0x080016ad   Thumb Code    22  printfa.o(i.__0printf)
    __1printf                                0x080016ad   Thumb Code     0  printfa.o(i.__0printf)
    __2printf                                0x080016ad   Thumb Code     0  printfa.o(i.__0printf)
    __c89printf                              0x080016ad   Thumb Code     0  printfa.o(i.__0printf)
    printf                                   0x080016ad   Thumb Code     0  printfa.o(i.__0printf)
    __aeabi_errno_addr                       0x080016cd   Thumb Code     4  errno.o(i.__aeabi_errno_addr)
    __rt_errno_addr                          0x080016cd   Thumb Code     0  errno.o(i.__aeabi_errno_addr)
    __hardfp___mathlib_tofloat               0x080016d9   Thumb Code   232  narrow.o(i.__hardfp___mathlib_tofloat)
    __hardfp_strtod                          0x080017d1   Thumb Code    30  strtod.o(i.__hardfp_strtod)
    __hardfp_strtof                          0x080017f9   Thumb Code    26  strtof.o(i.__hardfp_strtof)
    __mathlib_narrow                         0x08001819   Thumb Code    18  narrow.o(i.__mathlib_narrow)
    __scatterload_copy                       0x0800182b   Thumb Code    14  handlers.o(i.__scatterload_copy)
    __scatterload_null                       0x08001839   Thumb Code     2  handlers.o(i.__scatterload_null)
    __scatterload_zeroinit                   0x0800183b   Thumb Code    14  handlers.o(i.__scatterload_zeroinit)
    __set_errno                              0x08001849   Thumb Code     6  errno.o(i.__set_errno)
    _is_digit                                0x080019d9   Thumb Code    14  scanf_fp.o(i._is_digit)
    fputc                                    0x08002119   Thumb Code    32  usart.o(i.fputc)
    frexp                                    0x08002141   Thumb Code   118  frexp.o(i.frexp)
    gga_parse                                0x080021cd   Thumb Code   332  gps_parser.o(i.gga_parse)
    gga_show                                 0x08002321   Thumb Code   184  gps_parser.o(i.gga_show)
    gll_parse                                0x08002499   Thumb Code   176  gps_parser.o(i.gll_parse)
    gll_show                                 0x08002551   Thumb Code    92  gps_parser.o(i.gll_show)
    gps_parse                                0x08002619   Thumb Code   180  gps_parser.o(i.gps_parse)
    gsa_parse                                0x08002715   Thumb Code   224  gps_parser.o(i.gsa_parse)
    gsa_show                                 0x080027fd   Thumb Code   128  gps_parser.o(i.gsa_show)
    gsv_parse                                0x080028f5   Thumb Code   302  gps_parser.o(i.gsv_parse)
    gsv_show                                 0x08002a2d   Thumb Code   128  gps_parser.o(i.gsv_show)
    main                                     0x08002b41   Thumb Code    24  main.o(i.main)
    rmc_parse                                0x08002b59   Thumb Code   260  gps_parser.o(i.rmc_parse)
    rmc_show                                 0x08002c65   Thumb Code   194  gps_parser.o(i.rmc_show)
    vtg_parse                                0x08002e05   Thumb Code   180  gps_parser.o(i.vtg_parse)
    vtg_show                                 0x08002ec1   Thumb Code   110  gps_parser.o(i.vtg_show)
    __ctype_table                            0x08002f9c   Data         129  ctype_o.o(.constdata)
    Region$$Table$$Base                      0x08003024   Number         0  anon$$obj.o(Region$$Table)
    Region$$Table$$Limit                     0x08003044   Number         0  anon$$obj.o(Region$$Table)
    g_GPS_RxBufLen                           0x20000000   Data           2  gps.o(.data)
    g_GPS_RxDataOK                           0x20000002   Data           1  gps.o(.data)
    __stdout                                 0x20000014   Data           4  stdout.o(.data)
    g_GPS_RxBuf                              0x2000001c   Data         500  gps.o(.bss)
    gga                                      0x20000210   Data          80  gps_parser.o(.bss)
    rmc                                      0x20000260   Data          88  gps_parser.o(.bss)
    gll                                      0x200002b8   Data          40  gps_parser.o(.bss)
    gsa                                      0x200002e0   Data          48  gps_parser.o(.bss)
    gsv                                      0x20000310   Data         184  gps_parser.o(.bss)
    vtg                                      0x200003c8   Data          40  gps_parser.o(.bss)
    __initial_sp                             0x200007f0   Data           0  startup_stm32f40_41xxx.o(STACK)



==============================================================================

Memory Map of the image

  Image Entry point : 0x0800019d

  Load Region LR_1 (Base: 0x08000000, Size: 0x00003060, Max: 0xffffffff, ABSOLUTE)

    Execution Region ER_RO (Exec base: 0x08000000, Load base: 0x08000000, Size: 0x00003044, Max: 0xffffffff, ABSOLUTE)

    Exec Addr    Load Addr    Size         Type   Attr      Idx    E Section Name        Object

    0x08000000   0x08000000   0x00000188   Data   RO         5204    RESET               startup_stm32f40_41xxx.o
    0x08000188   0x08000188   0x00000000   Code   RO         5259  * .ARM.Collect$$$$00000000  mc_w.l(entry.o)
    0x08000188   0x08000188   0x00000004   Code   RO         5539    .ARM.Collect$$$$00000001  mc_w.l(entry2.o)
    0x0800018c   0x0800018c   0x00000004   Code   RO         5542    .ARM.Collect$$$$00000004  mc_w.l(entry5.o)
    0x08000190   0x08000190   0x00000000   Code   RO         5544    .ARM.Collect$$$$00000008  mc_w.l(entry7b.o)
    0x08000190   0x08000190   0x00000000   Code   RO         5546    .ARM.Collect$$$$0000000A  mc_w.l(entry8b.o)
    0x08000190   0x08000190   0x00000008   Code   RO         5547    .ARM.Collect$$$$0000000B  mc_w.l(entry9a.o)
    0x08000198   0x08000198   0x00000000   Code   RO         5549    .ARM.Collect$$$$0000000D  mc_w.l(entry10a.o)
    0x08000198   0x08000198   0x00000000   Code   RO         5551    .ARM.Collect$$$$0000000F  mc_w.l(entry11a.o)
    0x08000198   0x08000198   0x00000004   Code   RO         5540    .ARM.Collect$$$$00002712  mc_w.l(entry2.o)
    0x0800019c   0x0800019c   0x00000024   Code   RO         5205  * .text               startup_stm32f40_41xxx.o
    0x080001c0   0x080001c0   0x00000024   Code   RO         5262    .text               mc_w.l(memcpya.o)
    0x080001e4   0x080001e4   0x00000024   Code   RO         5264    .text               mc_w.l(memseta.o)
    0x08000208   0x08000208   0x0000001e   Code   RO         5266    .text               mc_w.l(strncmp.o)
    0x08000226   0x08000226   0x00000020   Code   RO         5268    .text               mc_w.l(strpbrk.o)
    0x08000246   0x08000246   0x00000070   Code   RO         5533    .text               mc_w.l(strtol.o)
    0x080002b6   0x080002b6   0x0000001a   Code   RO         5535    .text               mf_w.l(dfltui.o)
    0x080002d0   0x080002d0   0x00000026   Code   RO         5537    .text               mf_w.l(f2d.o)
    0x080002f6   0x080002f6   0x0000002c   Code   RO         5554    .text               mc_w.l(uidiv.o)
    0x08000322   0x08000322   0x00000062   Code   RO         5556    .text               mc_w.l(uldiv.o)
    0x08000384   0x08000384   0x00000008   Code   RO         5558    .text               mc_w.l(ctype_o.o)
    0x0800038c   0x0800038c   0x00000012   Code   RO         5580    .text               mc_w.l(isspace_o.o)
    0x0800039e   0x0800039e   0x0000009e   Code   RO         5593    .text               mc_w.l(_strtoul.o)
    0x0800043c   0x0800043c   0x0000009c   Code   RO         5595    .text               mc_w.l(strtod.o)
    0x080004d8   0x080004d8   0x0000001a   Code   RO         5597    .text               mc_w.l(strtof.o)
    0x080004f2   0x080004f2   0x00000000   Code   RO         5599    .text               mc_w.l(iusefp.o)
    0x080004f2   0x080004f2   0x000000ba   Code   RO         5600    .text               mf_w.l(depilogue.o)
    0x080005ac   0x080005ac   0x0000014e   Code   RO         5602    .text               mf_w.l(dadd.o)
    0x080006fa   0x080006fa   0x000000e4   Code   RO         5604    .text               mf_w.l(dmul.o)
    0x080007de   0x080007de   0x000000de   Code   RO         5606    .text               mf_w.l(ddiv.o)
    0x080008bc   0x080008bc   0x00000030   Code   RO         5608    .text               mf_w.l(dfixul.o)
    0x080008ec   0x080008ec   0x00000030   Code   RO         5610    .text               mf_w.l(cdrcmple.o)
    0x0800091c   0x0800091c   0x00000024   Code   RO         5620    .text               mc_w.l(init.o)
    0x08000940   0x08000940   0x0000001e   Code   RO         5622    .text               mc_w.l(llshl.o)
    0x0800095e   0x0800095e   0x00000020   Code   RO         5624    .text               mc_w.l(llushr.o)
    0x0800097e   0x0800097e   0x00000024   Code   RO         5626    .text               mc_w.l(llsshr.o)
    0x080009a2   0x080009a2   0x0000001c   Code   RO         5630    .text               mc_w.l(_chval.o)
    0x080009be   0x080009be   0x00000002   PAD
    0x080009c0   0x080009c0   0x00000360   Code   RO         5632    .text               mc_w.l(scanf_fp.o)
    0x08000d20   0x08000d20   0x00000040   Code   RO         5636    .text               mc_w.l(_sgetc.o)
    0x08000d60   0x08000d60   0x00000018   Code   RO         5647    .text               mf_w.l(dfltul.o)
    0x08000d78   0x08000d78   0x00000030   Code   RO         5649    .text               mf_w.l(cdcmple.o)
    0x08000da8   0x08000da8   0x00000038   Code   RO         5651    .text               mf_w.l(d2f.o)
    0x08000de0   0x08000de0   0x00000004   Code   RO         5653    .text               mf_w.l(fpstat.o)
    0x08000de4   0x08000de4   0x0000006e   Code   RO         5655    .text               mf_w.l(fepilogue.o)
    0x08000e52   0x08000e52   0x00000004   Code   RO         5096    i.BusFault_Handler  stm32f4xx_it.o
    0x08000e56   0x08000e56   0x00000002   Code   RO         5097    i.DebugMon_Handler  stm32f4xx_it.o
    0x08000e58   0x08000e58   0x00000090   Code   RO         2036    i.GPIO_Init         stm32f4xx_gpio.o
    0x08000ee8   0x08000ee8   0x00000046   Code   RO         2037    i.GPIO_PinAFConfig  stm32f4xx_gpio.o
    0x08000f2e   0x08000f2e   0x00000002   PAD
    0x08000f30   0x08000f30   0x000000b8   Code   RO            3    i.GPS_Init          gps.o
    0x08000fe8   0x08000fe8   0x00000094   Code   RO            4    i.GPS_ReadAndParse  gps.o
    0x0800107c   0x0800107c   0x00000004   Code   RO         5098    i.HardFault_Handler  stm32f4xx_it.o
    0x08001080   0x08001080   0x00000004   Code   RO         5099    i.MemManage_Handler  stm32f4xx_it.o
    0x08001084   0x08001084   0x00000002   Code   RO         5100    i.NMI_Handler       stm32f4xx_it.o
    0x08001086   0x08001086   0x00000002   PAD
    0x08001088   0x08001088   0x00000078   Code   RO          313    i.NVIC_Init         misc.o
    0x08001100   0x08001100   0x00000002   Code   RO         5101    i.PendSV_Handler    stm32f4xx_it.o
    0x08001102   0x08001102   0x00000002   PAD
    0x08001104   0x08001104   0x00000020   Code   RO         2900    i.RCC_AHB1PeriphClockCmd  stm32f4xx_rcc.o
    0x08001124   0x08001124   0x00000020   Code   RO         2909    i.RCC_APB1PeriphClockCmd  stm32f4xx_rcc.o
    0x08001144   0x08001144   0x000000e8   Code   RO         2921    i.RCC_GetClocksFreq  stm32f4xx_rcc.o
    0x0800122c   0x0800122c   0x00000002   Code   RO         5102    i.SVC_Handler       stm32f4xx_it.o
    0x0800122e   0x0800122e   0x00000002   PAD
    0x08001230   0x08001230   0x000000ec   Code   RO         5167    i.SetSysClock       system_stm32f4xx.o
    0x0800131c   0x0800131c   0x00000002   Code   RO         5103    i.SysTick_Handler   stm32f4xx_it.o
    0x0800131e   0x0800131e   0x00000002   PAD
    0x08001320   0x08001320   0x00000068   Code   RO         5169    i.SystemInit        system_stm32f4xx.o
    0x08001388   0x08001388   0x000000ac   Code   RO          253    i.UART2_Init        usart.o
    0x08001434   0x08001434   0x00000078   Code   RO            5    i.UART4_IRQHandler  gps.o
    0x080014ac   0x080014ac   0x00000024   Code   RO          257    i.USART2_IRQHandler  usart.o
    0x080014d0   0x080014d0   0x0000001e   Code   RO         4794    i.USART_ClearITPendingBit  stm32f4xx_usart.o
    0x080014ee   0x080014ee   0x00000018   Code   RO         4797    i.USART_Cmd         stm32f4xx_usart.o
    0x08001506   0x08001506   0x0000001a   Code   RO         4800    i.USART_GetFlagStatus  stm32f4xx_usart.o
    0x08001520   0x08001520   0x00000054   Code   RO         4801    i.USART_GetITStatus  stm32f4xx_usart.o
    0x08001574   0x08001574   0x0000004a   Code   RO         4803    i.USART_ITConfig    stm32f4xx_usart.o
    0x080015be   0x080015be   0x00000002   PAD
    0x080015c0   0x080015c0   0x000000d4   Code   RO         4804    i.USART_Init        stm32f4xx_usart.o
    0x08001694   0x08001694   0x0000000a   Code   RO         4811    i.USART_ReceiveData  stm32f4xx_usart.o
    0x0800169e   0x0800169e   0x00000008   Code   RO         4814    i.USART_SendData    stm32f4xx_usart.o
    0x080016a6   0x080016a6   0x00000004   Code   RO         5104    i.UsageFault_Handler  stm32f4xx_it.o
    0x080016aa   0x080016aa   0x00000002   PAD
    0x080016ac   0x080016ac   0x00000020   Code   RO         5505    i.__0printf         mc_w.l(printfa.o)
    0x080016cc   0x080016cc   0x00000008   Code   RO         5586    i.__aeabi_errno_addr  mc_w.l(errno.o)
    0x080016d4   0x080016d4   0x00000004   PAD
    0x080016d8   0x080016d8   0x000000f8   Code   RO         5612    i.__hardfp___mathlib_tofloat  m_wm.l(narrow.o)
    0x080017d0   0x080017d0   0x00000028   Code   RO         5247    i.__hardfp_strtod   m_wm.l(strtod.o)
    0x080017f8   0x080017f8   0x00000020   Code   RO         5253    i.__hardfp_strtof   m_wm.l(strtof.o)
    0x08001818   0x08001818   0x00000012   Code   RO         5613    i.__mathlib_narrow  m_wm.l(narrow.o)
    0x0800182a   0x0800182a   0x0000000e   Code   RO         5659    i.__scatterload_copy  mc_w.l(handlers.o)
    0x08001838   0x08001838   0x00000002   Code   RO         5660    i.__scatterload_null  mc_w.l(handlers.o)
    0x0800183a   0x0800183a   0x0000000e   Code   RO         5661    i.__scatterload_zeroinit  mc_w.l(handlers.o)
    0x08001848   0x08001848   0x0000000c   Code   RO         5588    i.__set_errno       mc_w.l(errno.o)
    0x08001854   0x08001854   0x00000184   Code   RO         5512    i._fp_digits        mc_w.l(printfa.o)
    0x080019d8   0x080019d8   0x0000000e   Code   RO         5634    i._is_digit         mc_w.l(scanf_fp.o)
    0x080019e6   0x080019e6   0x00000002   PAD
    0x080019e8   0x080019e8   0x000006dc   Code   RO         5513    i._printf_core      mc_w.l(printfa.o)
    0x080020c4   0x080020c4   0x00000024   Code   RO         5514    i._printf_post_padding  mc_w.l(printfa.o)
    0x080020e8   0x080020e8   0x0000002e   Code   RO         5515    i._printf_pre_padding  mc_w.l(printfa.o)
    0x08002116   0x08002116   0x00000002   PAD
    0x08002118   0x08002118   0x00000024   Code   RO          259    i.fputc             usart.o
    0x0800213c   0x0800213c   0x00000004   PAD
    0x08002140   0x08002140   0x0000008c   Code   RO         5640    i.frexp             m_wm.l(frexp.o)
    0x080021cc   0x080021cc   0x00000154   Code   RO          160    i.gga_parse         gps_parser.o
    0x08002320   0x08002320   0x00000178   Code   RO          161    i.gga_show          gps_parser.o
    0x08002498   0x08002498   0x000000b8   Code   RO          162    i.gll_parse         gps_parser.o
    0x08002550   0x08002550   0x000000c8   Code   RO          163    i.gll_show          gps_parser.o
    0x08002618   0x08002618   0x000000fc   Code   RO          164    i.gps_parse         gps_parser.o
    0x08002714   0x08002714   0x000000e8   Code   RO          165    i.gsa_parse         gps_parser.o
    0x080027fc   0x080027fc   0x000000f8   Code   RO          166    i.gsa_show          gps_parser.o
    0x080028f4   0x080028f4   0x00000138   Code   RO          167    i.gsv_parse         gps_parser.o
    0x08002a2c   0x08002a2c   0x00000114   Code   RO          168    i.gsv_show          gps_parser.o
    0x08002b40   0x08002b40   0x00000018   Code   RO         5043    i.main              main.o
    0x08002b58   0x08002b58   0x0000010c   Code   RO          169    i.rmc_parse         gps_parser.o
    0x08002c64   0x08002c64   0x000001a0   Code   RO          170    i.rmc_show          gps_parser.o
    0x08002e04   0x08002e04   0x000000bc   Code   RO          171    i.vtg_parse         gps_parser.o
    0x08002ec0   0x08002ec0   0x000000dc   Code   RO          172    i.vtg_show          gps_parser.o
    0x08002f9c   0x08002f9c   0x00000081   Data   RO         5559    .constdata          mc_w.l(ctype_o.o)
    0x0800301d   0x0800301d   0x00000003   PAD
    0x08003020   0x08003020   0x00000004   Data   RO         5560    .constdata          mc_w.l(ctype_o.o)
    0x08003024   0x08003024   0x00000020   Data   RO         5657    Region$$Table       anon$$obj.o


    Execution Region ER_RW (Exec base: 0x20000000, Load base: 0x08003044, Size: 0x0000001c, Max: 0xffffffff, ABSOLUTE)

    Exec Addr    Load Addr    Size         Type   Attr      Idx    E Section Name        Object

    0x20000000   0x08003044   0x00000003   Data   RW            7    .data               gps.o
    0x20000003   0x08003047   0x00000010   Data   RW         2953    .data               stm32f4xx_rcc.o
    0x20000013   0x08003057   0x00000001   PAD
    0x20000014   0x08003058   0x00000004   Data   RW         5553    .data               mc_w.l(stdout.o)
    0x20000018   0x0800305c   0x00000004   Data   RW         5589    .data               mc_w.l(errno.o)


    Execution Region ER_ZI (Exec base: 0x2000001c, Load base: 0x08003060, Size: 0x000007d4, Max: 0xffffffff, ABSOLUTE)

    Exec Addr    Load Addr    Size         Type   Attr      Idx    E Section Name        Object

    0x2000001c        -       0x000001f4   Zero   RW            6    .bss                gps.o
    0x20000210        -       0x000001e0   Zero   RW          173    .bss                gps_parser.o
    0x200003f0        -       0x00000400   Zero   RW         5202    STACK               startup_stm32f40_41xxx.o


==============================================================================

Image component sizes


      Code (inc. data)   RO Data    RW Data    ZI Data      Debug   Object Name

       452         78          0          3        500     266197   gps.o
      3512       1078          0          0        480      10280   gps_parser.o
        24          0          0          0          0        479   main.o
       120         14          0          0          0       1168   misc.o
        36          8        392          0       1024        856   startup_stm32f40_41xxx.o
       214          0          0          0          0       1951   stm32f4xx_gpio.o
        26          0          0          0          0       4250   stm32f4xx_it.o
       296         30          0         16          0       4254   stm32f4xx_rcc.o
       468          8          0          0          0       6431   stm32f4xx_usart.o
       340         32          0          0          0       1717   system_stm32f4xx.o
       244         18          0          0          0       3601   usart.o

    ----------------------------------------------------------------------
      5750       1270        424         20       2004     301184   Object Totals
         0          0         32          0          0          0   (incl. Generated)
        18          4          0          1          0          0   (incl. Padding)

    ----------------------------------------------------------------------

      Code (inc. data)   RO Data    RW Data    ZI Data      Debug   Library Member Name

       140         22          0          0          0        132   frexp.o
       266         16          0          0          0        308   narrow.o
        40         10          0          0          0        128   strtod.o
        32          6          0          0          0        124   strtof.o
        28          0          0          0          0         68   _chval.o
        64          0          0          0          0         84   _sgetc.o
       158          0          0          0          0         92   _strtoul.o
         8          4        133          0          0         68   ctype_o.o
         0          0          0          0          0          0   entry.o
         0          0          0          0          0          0   entry10a.o
         0          0          0          0          0          0   entry11a.o
         8          4          0          0          0          0   entry2.o
         4          0          0          0          0          0   entry5.o
         0          0          0          0          0          0   entry7b.o
         0          0          0          0          0          0   entry8b.o
         8          4          0          0          0          0   entry9a.o
        20         10          0          4          0        136   errno.o
        30          0          0          0          0          0   handlers.o
        36          8          0          0          0         68   init.o
        18          0          0          0          0         76   isspace_o.o
         0          0          0          0          0          0   iusefp.o
        30          0          0          0          0         68   llshl.o
        36          0          0          0          0         68   llsshr.o
        32          0          0          0          0         68   llushr.o
        36          0          0          0          0         68   memcpya.o
        36          0          0          0          0        108   memseta.o
      2258         90          0          0          0        452   printfa.o
       878         12          0          0          0        216   scanf_fp.o
         0          0          0          4          0          0   stdout.o
        30          0          0          0          0         80   strncmp.o
        32          0          0          0          0         76   strpbrk.o
       156         12          0          0          0        120   strtod.o
        26          0          0          0          0         80   strtof.o
       112          0          0          0          0         88   strtol.o
        44          0          0          0          0         80   uidiv.o
        98          0          0          0          0         92   uldiv.o
        48          0          0          0          0         68   cdcmple.o
        48          0          0          0          0         68   cdrcmple.o
        56          0          0          0          0         88   d2f.o
       334          0          0          0          0        148   dadd.o
       222          0          0          0          0        100   ddiv.o
       186          0          0          0          0        176   depilogue.o
        48          0          0          0          0         68   dfixul.o
        26          0          0          0          0         76   dfltui.o
        24          0          0          0          0         76   dfltul.o
       228          0          0          0          0         96   dmul.o
        38          0          0          0          0         68   f2d.o
       110          0          0          0          0        168   fepilogue.o
         4          0          0          0          0         68   fpstat.o

    ----------------------------------------------------------------------
      6046        202        136          8          0       4216   Library Totals
        10          4          3          0          0          0   (incl. Padding)

    ----------------------------------------------------------------------

      Code (inc. data)   RO Data    RW Data    ZI Data      Debug   Library Name

       478         54          0          0          0        692   m_wm.l
      4186        144        133          8          0       2256   mc_w.l
      1372          0          0          0          0       1268   mf_w.l

    ----------------------------------------------------------------------
      6046        202        136          8          0       4216   Library Totals

    ----------------------------------------------------------------------

==============================================================================


      Code (inc. data)   RO Data    RW Data    ZI Data      Debug   

     11796       1472        560         28       2004     299232   Grand Totals
     11796       1472        560         28       2004     299232   ELF Image Totals
     11796       1472        560         28          0          0   ROM Totals

==============================================================================

    Total RO  Size (Code + RO Data)                12356 (  12.07kB)
    Total RW  Size (RW Data + ZI Data)              2032 (   1.98kB)
    Total ROM Size (Code + RO Data + RW Data)      12384 (  12.09kB)

==============================================================================

